[32m03 05 2026 19:31:54.581:INFO [karma-server]: [39mKarma v6.4.4 server started at http://localhost:9877/
[32m03 05 2026 19:31:54.585:INFO [launcher]: [39mLaunching browsers Chrome with concurrency unlimited
[32m03 05 2026 19:31:54.595:INFO [launcher]: [39mStarting browser Chrome
[32m03 05 2026 19:31:57.215:INFO [Chrome 147.0.0.0 (Windows 10)]: [39mConnected on socket ZvNrFIYmc_d3YGrzAAAB with id 19359966
Chrome 147.0.0.0 (Windows 10): Executed 0 of 550[32m SUCCESS[39m (0 secs / 0 secs)
[1A[2K[31mChrome 147.0.0.0 (Windows 10) AuditLogsComponent should group logs into timeline FAILED[39m
	Error: No icon provided. Make sure to use 'TablerIconsModule.pick({ ... })' when importing the module
	Refer to documentation on https://github.com/pierreavn/angular-tabler-icons
	    at new TablerIconsModule (node_modules/angular-tabler-icons/fesm2022/angular-tabler-icons.mjs:126:19)
	    at Object.useFactory (node_modules/angular-tabler-icons/fesm2022/angular-tabler-icons.mjs:150:23)
	    at Object.factory (node_modules/@angular/core/fesm2022/_untracked-chunk.mjs:1385:32)
	    at callback (node_modules/@angular/core/fesm2022/_untracked-chunk.mjs:1306:35)
	    at runInInjectorProfilerContext (node_modules/@angular/core/fesm2022/_untracked-chunk.mjs:437:5)
	    at R3Injector.hydrate (node_modules/@angular/core/fesm2022/_untracked-chunk.mjs:1304:11)
	    at R3Injector.get (node_modules/@angular/core/fesm2022/_untracked-chunk.mjs:1196:23)
	    at R3Injector.retrieve (node_modules/@angular/core/fesm2022/_untracked-chunk.mjs:1111:19)
	    at injectInjectorOnly (node_modules/@angular/core/fesm2022/_untracked-chunk.mjs:665:35)
	    at ╔Á╔Áinject (node_modules/@angular/core/fesm2022/_untracked-chunk.mjs:677:58)
	TypeError: Cannot read properties of undefined (reading 'ngOnDestroy')
	    at UserContext.apply (src/app/pages/super-admin/audit-logs/audit-logs.spec.ts:46:15)
	    at _ZoneDelegate.invoke (node_modules/zone.js/fesm2015/zone.js:398:28)
	    at ProxyZoneSpec.onInvoke (node_modules/zone.js/fesm2015/zone-testing.js:2132:39)
	    at _ZoneDelegate.invoke (node_modules/zone.js/fesm2015/zone.js:397:34)
	    at ZoneImpl.run (node_modules/zone.js/fesm2015/zone.js:113:43)
	    at runInTestZone (node_modules/zone.js/fesm2015/zone-testing.js:216:38)
	    at UserContext.<anonymous> (node_modules/zone.js/fesm2015/zone-testing.js:234:32)
	    at <Jasmine>
Chrome 147.0.0.0 (Windows 10): Executed 1 of 550[31m (1 FAILED)[39m (0 secs / 0.414 secs)
[1A[2K[31mChrome 147.0.0.0 (Windows 10) AuditLogsComponent should open detail dialog on viewDetail FAILED[39m
	Error: No icon provided. Make sure to use 'TablerIconsModule.pick({ ... })' when importing the module
	Refer to documentation on https://github.com/pierreavn/angular-tabler-icons
	    at new TablerIconsModule (node_modules/angular-tabler-icons/fesm2022/angular-tabler-icons.mjs:126:19)
	    at Object.useFactory (node_modules/angular-tabler-icons/fesm2022/angular-tabler-icons.mjs:150:23)
	    at Object.factory (node_modules/@angular/core/fesm2022/_untracked-chunk.mjs:1385:32)
	    at callback (node_modules/@angular/core/fesm2022/_untracked-chunk.mjs:1306:35)
	    at runInInjectorProfilerContext (node_modules/@angular/core/fesm2022/_untracked-chunk.mjs:437:5)
	    at R3Injector.hydrate (node_modules/@angular/core/fesm2022/_untracked-chunk.mjs:1304:11)
	    at R3Injector.get (node_modules/@angular/core/fesm2022/_untracked-chunk.mjs:1196:23)
	    at R3Injector.retrieve (node_modules/@angular/core/fesm2022/_untracked-chunk.mjs:1111:19)
	    at injectInjectorOnly (node_modules/@angular/core/fesm2022/_untracked-chunk.mjs:665:35)
	    at ╔Á╔Áinject (node_modules/@angular/core/fesm2022/_untracked-chunk.mjs:677:58)
	TypeError: Cannot read properties of undefined (reading 'ngOnDestroy')
	    at UserContext.apply (src/app/pages/super-admin/audit-logs/audit-logs.spec.ts:46:15)
	    at _ZoneDelegate.invoke (node_modules/zone.js/fesm2015/zone.js:398:28)
	    at ProxyZoneSpec.onInvoke (node_modules/zone.js/fesm2015/zone-testing.js:2132:39)
	    at _ZoneDelegate.invoke (node_modules/zone.js/fesm2015/zone.js:397:34)
	    at ZoneImpl.run (node_modules/zone.js/fesm2015/zone.js:113:43)
	    at runInTestZone (node_modules/zone.js/fesm2015/zone-testing.js:216:38)
	    at UserContext.<anonymous> (node_modules/zone.js/fesm2015/zone-testing.js:234:32)
	    at <Jasmine>
Chrome 147.0.0.0 (Windows 10): Executed 2 of 550[31m (2 FAILED)[39m (0 secs / 0.432 secs)
[1A[2K[31mChrome 147.0.0.0 (Windows 10) AuditLogsComponent should return display name preferring userName over email FAILED[39m
	Error: No icon provided. Make sure to use 'TablerIconsModule.pick({ ... })' when importing the module
	Refer to documentation on https://github.com/pierreavn/angular-tabler-icons
	    at new TablerIconsModule (node_modules/angular-tabler-icons/fesm2022/angular-tabler-icons.mjs:126:19)
	    at Object.useFactory (node_modules/angular-tabler-icons/fesm2022/angular-tabler-icons.mjs:150:23)
	    at Object.factory (node_modules/@angular/core/fesm2022/_untracked-chunk.mjs:1385:32)
	    at callback (node_modules/@angular/core/fesm2022/_untracked-chunk.mjs:1306:35)
	    at runInInjectorProfilerContext (node_modules/@angular/core/fesm2022/_untracked-chunk.mjs:437:5)
	    at R3Injector.hydrate (node_modules/@angular/core/fesm2022/_untracked-chunk.mjs:1304:11)
	    at R3Injector.get (node_modules/@angular/core/fesm2022/_untracked-chunk.mjs:1196:23)
	    at R3Injector.retrieve (node_modules/@angular/core/fesm2022/_untracked-chunk.mjs:1111:19)
	    at injectInjectorOnly (node_modules/@angular/core/fesm2022/_untracked-chunk.mjs:665:35)
	    at ╔Á╔Áinject (node_modules/@angular/core/fesm2022/_untracked-chunk.mjs:677:58)
	TypeError: Cannot read properties of undefined (reading 'ngOnDestroy')
	    at UserContext.apply (src/app/pages/super-admin/audit-logs/audit-logs.spec.ts:46:15)
	    at _ZoneDelegate.invoke (node_modules/zone.js/fesm2015/zone.js:398:28)
	    at ProxyZoneSpec.onInvoke (node_modules/zone.js/fesm2015/zone-testing.js:2132:39)
	    at _ZoneDelegate.invoke (node_modules/zone.js/fesm2015/zone.js:397:34)
	    at ZoneImpl.run (node_modules/zone.js/fesm2015/zone.js:113:43)
	    at runInTestZone (node_modules/zone.js/fesm2015/zone-testing.js:216:38)
	    at UserContext.<anonymous> (node_modules/zone.js/fesm2015/zone-testing.js:234:32)
	    at <Jasmine>
Chrome 147.0.0.0 (Windows 10): Executed 3 of 550[31m (3 FAILED)[39m (0 secs / 0.45 secs)
[1A[2K[31mChrome 147.0.0.0 (Windows 10) AuditLogsComponent should apply action filter FAILED[39m
	Error: No icon provided. Make sure to use 'TablerIconsModule.pick({ ... })' when importing the module
	Refer to documentation on https://github.com/pierreavn/angular-tabler-icons
	    at new TablerIconsModule (node_modules/angular-tabler-icons/fesm2022/angular-tabler-icons.mjs:126:19)
	    at Object.useFactory (node_modules/angular-tabler-icons/fesm2022/angular-tabler-icons.mjs:150:23)
	    at Object.factory (node_modules/@angular/core/fesm2022/_untracked-chunk.mjs:1385:32)
	    at callback (node_modules/@angular/core/fesm2022/_untracked-chunk.mjs:1306:35)
	    at runInInjectorProfilerContext (node_modules/@angular/core/fesm2022/_untracked-chunk.mjs:437:5)
	    at R3Injector.hydrate (node_modules/@angular/core/fesm2022/_untracked-chunk.mjs:1304:11)
	    at R3Injector.get (node_modules/@angular/core/fesm2022/_untracked-chunk.mjs:1196:23)
	    at R3Injector.retrieve (node_modules/@angular/core/fesm2022/_untracked-chunk.mjs:1111:19)
	    at injectInjectorOnly (node_modules/@angular/core/fesm2022/_untracked-chunk.mjs:665:35)
	    at ╔Á╔Áinject (node_modules/@angular/core/fesm2022/_untracked-chunk.mjs:677:58)
	TypeError: Cannot read properties of undefined (reading 'ngOnDestroy')
	    at UserContext.apply (src/app/pages/super-admin/audit-logs/audit-logs.spec.ts:46:15)
	    at _ZoneDelegate.invoke (node_modules/zone.js/fesm2015/zone.js:398:28)
	    at ProxyZoneSpec.onInvoke (node_modules/zone.js/fesm2015/zone-testing.js:2132:39)
	    at _ZoneDelegate.invoke (node_modules/zone.js/fesm2015/zone.js:397:34)
	    at ZoneImpl.run (node_modules/zone.js/fesm2015/zone.js:113:43)
	    at runInTestZone (node_modules/zone.js/fesm2015/zone-testing.js:216:38)
	    at UserContext.<anonymous> (node_modules/zone.js/fesm2015/zone-testing.js:234:32)
	    at <Jasmine>
Chrome 147.0.0.0 (Windows 10): Executed 4 of 550[31m (4 FAILED)[39m (0 secs / 0.469 secs)
[1A[2K[31mChrome 147.0.0.0 (Windows 10) AuditLogsComponent should apply search filter FAILED[39m
	Error: No icon provided. Make sure to use 'TablerIconsModule.pick({ ... })' when importing the module
	Refer to documentation on https://github.com/pierreavn/angular-tabler-icons
	    at new TablerIconsModule (node_modules/angular-tabler-icons/fesm2022/angular-tabler-icons.mjs:126:19)
	    at Object.useFactory (node_modules/angular-tabler-icons/fesm2022/angular-tabler-icons.mjs:150:23)
	    at Object.factory (node_modules/@angular/core/fesm2022/_untracked-chunk.mjs:1385:32)
	    at callback (node_modules/@angular/core/fesm2022/_untracked-chunk.mjs:1306:35)
	    at runInInjectorProfilerContext (node_modules/@angular/core/fesm2022/_untracked-chunk.mjs:437:5)
	    at R3Injector.hydrate (node_modules/@angular/core/fesm2022/_untracked-chunk.mjs:1304:11)
	    at R3Injector.get (node_modules/@angular/core/fesm2022/_untracked-chunk.mjs:1196:23)
	    at R3Injector.retrieve (node_modules/@angular/core/fesm2022/_untracked-chunk.mjs:1111:19)
	    at injectInjectorOnly (node_modules/@angular/core/fesm2022/_untracked-chunk.mjs:665:35)
	    at ╔Á╔Áinject (node_modules/@angular/core/fesm2022/_untracked-chunk.mjs:677:58)
	TypeError: Cannot read properties of undefined (reading 'ngOnDestroy')
	    at UserContext.apply (src/app/pages/super-admin/audit-logs/audit-logs.spec.ts:46:15)
	    at _ZoneDelegate.invoke (node_modules/zone.js/fesm2015/zone.js:398:28)
	    at ProxyZoneSpec.onInvoke (node_modules/zone.js/fesm2015/zone-testing.js:2132:39)
	    at _ZoneDelegate.invoke (node_modules/zone.js/fesm2015/zone.js:397:34)
	    at ZoneImpl.run (node_modules/zone.js/fesm2015/zone.js:113:43)
	    at runInTestZone (node_modules/zone.js/fesm2015/zone-testing.js:216:38)
	    at UserContext.<anonymous> (node_modules/zone.js/fesm2015/zone-testing.js:234:32)
	    at <Jasmine>
Chrome 147.0.0.0 (Windows 10): Executed 5 of 550[31m (5 FAILED)[39m (0 secs / 0.483 secs)
[1A[2K[31mChrome 147.0.0.0 (Windows 10) AuditLogsComponent should load logs on init FAILED[39m
	Error: No icon provided. Make sure to use 'TablerIconsModule.pick({ ... })' when importing the module
	Refer to documentation on https://github.com/pierreavn/angular-tabler-icons
	    at new TablerIconsModule (node_modules/angular-tabler-icons/fesm2022/angular-tabler-icons.mjs:126:19)
	    at Object.useFactory (node_modules/angular-tabler-icons/fesm2022/angular-tabler-icons.mjs:150:23)
	    at Object.factory (node_modules/@angular/core/fesm2022/_untracked-chunk.mjs:1385:32)
	    at callback (node_modules/@angular/core/fesm2022/_untracked-chunk.mjs:1306:35)
	    at runInInjectorProfilerContext (node_modules/@angular/core/fesm2022/_untracked-chunk.mjs:437:5)
	    at R3Injector.hydrate (node_modules/@angular/core/fesm2022/_untracked-chunk.mjs:1304:11)
	    at R3Injector.get (node_modules/@angular/core/fesm2022/_untracked-chunk.mjs:1196:23)
	    at R3Injector.retrieve (node_modules/@angular/core/fesm2022/_untracked-chunk.mjs:1111:19)
	    at injectInjectorOnly (node_modules/@angular/core/fesm2022/_untracked-chunk.mjs:665:35)
	    at ╔Á╔Áinject (node_modules/@angular/core/fesm2022/_untracked-chunk.mjs:677:58)
	TypeError: Cannot read properties of undefined (reading 'ngOnDestroy')
	    at UserContext.apply (src/app/pages/super-admin/audit-logs/audit-logs.spec.ts:46:15)
	    at _ZoneDelegate.invoke (node_modules/zone.js/fesm2015/zone.js:398:28)
	    at ProxyZoneSpec.onInvoke (node_modules/zone.js/fesm2015/zone-testing.js:2132:39)
	    at _ZoneDelegate.invoke (node_modules/zone.js/fesm2015/zone.js:397:34)
	    at ZoneImpl.run (node_modules/zone.js/fesm2015/zone.js:113:43)
	    at runInTestZone (node_modules/zone.js/fesm2015/zone-testing.js:216:38)
	    at UserContext.<anonymous> (node_modules/zone.js/fesm2015/zone-testing.js:234:32)
	    at <Jasmine>
Chrome 147.0.0.0 (Windows 10): Executed 6 of 550[31m (6 FAILED)[39m (0 secs / 0.494 secs)
[1A[2K[31mChrome 147.0.0.0 (Windows 10) AuditLogsComponent should format IP correctly FAILED[39m
	Error: No icon provided. Make sure to use 'TablerIconsModule.pick({ ... })' when importing the module
	Refer to documentation on https://github.com/pierreavn/angular-tabler-icons
	    at new TablerIconsModule (node_modules/angular-tabler-icons/fesm2022/angular-tabler-icons.mjs:126:19)
	    at Object.useFactory (node_modules/angular-tabler-icons/fesm2022/angular-tabler-icons.mjs:150:23)
	    at Object.factory (node_modules/@angular/core/fesm2022/_untracked-chunk.mjs:1385:32)
	    at callback (node_modules/@angular/core/fesm2022/_untracked-chunk.mjs:1306:35)
	    at runInInjectorProfilerContext (node_modules/@angular/core/fesm2022/_untracked-chunk.mjs:437:5)
	    at R3Injector.hydrate (node_modules/@angular/core/fesm2022/_untracked-chunk.mjs:1304:11)
	    at R3Injector.get (node_modules/@angular/core/fesm2022/_untracked-chunk.mjs:1196:23)
	    at R3Injector.retrieve (node_modules/@angular/core/fesm2022/_untracked-chunk.mjs:1111:19)
	    at injectInjectorOnly (node_modules/@angular/core/fesm2022/_untracked-chunk.mjs:665:35)
	    at ╔Á╔Áinject (node_modules/@angular/core/fesm2022/_untracked-chunk.mjs:677:58)
	TypeError: Cannot read properties of undefined (reading 'ngOnDestroy')
	    at UserContext.apply (src/app/pages/super-admin/audit-logs/audit-logs.spec.ts:46:15)
	    at _ZoneDelegate.invoke (node_modules/zone.js/fesm2015/zone.js:398:28)
	    at ProxyZoneSpec.onInvoke (node_modules/zone.js/fesm2015/zone-testing.js:2132:39)
	    at _ZoneDelegate.invoke (node_modules/zone.js/fesm2015/zone.js:397:34)
	    at ZoneImpl.run (node_modules/zone.js/fesm2015/zone.js:113:43)
	    at runInTestZone (node_modules/zone.js/fesm2015/zone-testing.js:216:38)
	    at UserContext.<anonymous> (node_modules/zone.js/fesm2015/zone-testing.js:234:32)
	    at <Jasmine>
Chrome 147.0.0.0 (Windows 10): Executed 7 of 550[31m (7 FAILED)[39m (0 secs / 0.511 secs)
[1A[2K[31mChrome 147.0.0.0 (Windows 10) AuditLogsComponent should create FAILED[39m
	Error: No icon provided. Make sure to use 'TablerIconsModule.pick({ ... })' when importing the module
	Refer to documentation on https://github.com/pierreavn/angular-tabler-icons
	    at new TablerIconsModule (node_modules/angular-tabler-icons/fesm2022/angular-tabler-icons.mjs:126:19)
	    at Object.useFactory (node_modules/angular-tabler-icons/fesm2022/angular-tabler-icons.mjs:150:23)
	    at Object.factory (node_modules/@angular/core/fesm2022/_untracked-chunk.mjs:1385:32)
	    at callback (node_modules/@angular/core/fesm2022/_untracked-chunk.mjs:1306:35)
	    at runInInjectorProfilerContext (node_modules/@angular/core/fesm2022/_untracked-chunk.mjs:437:5)
	    at R3Injector.hydrate (node_modules/@angular/core/fesm2022/_untracked-chunk.mjs:1304:11)
	    at R3Injector.get (node_modules/@angular/core/fesm2022/_untracked-chunk.mjs:1196:23)
	    at R3Injector.retrieve (node_modules/@angular/core/fesm2022/_untracked-chunk.mjs:1111:19)
	    at injectInjectorOnly (node_modules/@angular/core/fesm2022/_untracked-chunk.mjs:665:35)
	    at ╔Á╔Áinject (node_modules/@angular/core/fesm2022/_untracked-chunk.mjs:677:58)
	TypeError: Cannot read properties of undefined (reading 'ngOnDestroy')
	    at UserContext.apply (src/app/pages/super-admin/audit-logs/audit-logs.spec.ts:46:15)
	    at _ZoneDelegate.invoke (node_modules/zone.js/fesm2015/zone.js:398:28)
	    at ProxyZoneSpec.onInvoke (node_modules/zone.js/fesm2015/zone-testing.js:2132:39)
	    at _ZoneDelegate.invoke (node_modules/zone.js/fesm2015/zone.js:397:34)
	    at ZoneImpl.run (node_modules/zone.js/fesm2015/zone.js:113:43)
	    at runInTestZone (node_modules/zone.js/fesm2015/zone-testing.js:216:38)
	    at UserContext.<anonymous> (node_modules/zone.js/fesm2015/zone-testing.js:234:32)
	    at <Jasmine>
Chrome 147.0.0.0 (Windows 10): Executed 8 of 550[31m (8 FAILED)[39m (0 secs / 0.521 secs)
[1A[2K[31mChrome 147.0.0.0 (Windows 10) AuditLogsComponent should return correct role color FAILED[39m
	Error: No icon provided. Make sure to use 'TablerIconsModule.pick({ ... })' when importing the module
	Refer to documentation on https://github.com/pierreavn/angular-tabler-icons
	    at new TablerIconsModule (node_modules/angular-tabler-icons/fesm2022/angular-tabler-icons.mjs:126:19)
	    at Object.useFactory (node_modules/angular-tabler-icons/fesm2022/angular-tabler-icons.mjs:150:23)
	    at Object.factory (node_modules/@angular/core/fesm2022/_untracked-chunk.mjs:1385:32)
	    at callback (node_modules/@angular/core/fesm2022/_untracked-chunk.mjs:1306:35)
	    at runInInjectorProfilerContext (node_modules/@angular/core/fesm2022/_untracked-chunk.mjs:437:5)
	    at R3Injector.hydrate (node_modules/@angular/core/fesm2022/_untracked-chunk.mjs:1304:11)
	    at R3Injector.get (node_modules/@angular/core/fesm2022/_untracked-chunk.mjs:1196:23)
	    at R3Injector.retrieve (node_modules/@angular/core/fesm2022/_untracked-chunk.mjs:1111:19)
	    at injectInjectorOnly (node_modules/@angular/core/fesm2022/_untracked-chunk.mjs:665:35)
	    at ╔Á╔Áinject (node_modules/@angular/core/fesm2022/_untracked-chunk.mjs:677:58)
	TypeError: Cannot read properties of undefined (reading 'ngOnDestroy')
	    at UserContext.apply (src/app/pages/super-admin/audit-logs/audit-logs.spec.ts:46:15)
	    at _ZoneDelegate.invoke (node_modules/zone.js/fesm2015/zone.js:398:28)
	    at ProxyZoneSpec.onInvoke (node_modules/zone.js/fesm2015/zone-testing.js:2132:39)
	    at _ZoneDelegate.invoke (node_modules/zone.js/fesm2015/zone.js:397:34)
	    at ZoneImpl.run (node_modules/zone.js/fesm2015/zone.js:113:43)
	    at runInTestZone (node_modules/zone.js/fesm2015/zone-testing.js:216:38)
	    at UserContext.<anonymous> (node_modules/zone.js/fesm2015/zone-testing.js:234:32)
	    at <Jasmine>
Chrome 147.0.0.0 (Windows 10): Executed 9 of 550[31m (9 FAILED)[39m (0 secs / 0.529 secs)
[1A[2K[31mChrome 147.0.0.0 (Windows 10) AuditLogsComponent should return correct action icon FAILED[39m
	Error: No icon provided. Make sure to use 'TablerIconsModule.pick({ ... })' when importing the module
	Refer to documentation on https://github.com/pierreavn/angular-tabler-icons
	    at new TablerIconsModule (node_modules/angular-tabler-icons/fesm2022/angular-tabler-icons.mjs:126:19)
	    at Object.useFactory (node_modules/angular-tabler-icons/fesm2022/angular-tabler-icons.mjs:150:23)
	    at Object.factory (node_modules/@angular/core/fesm2022/_untracked-chunk.mjs:1385:32)
	    at callback (node_modules/@angular/core/fesm2022/_untracked-chunk.mjs:1306:35)
	    at runInInjectorProfilerContext (node_modules/@angular/core/fesm2022/_untracked-chunk.mjs:437:5)
	    at R3Injector.hydrate (node_modules/@angular/core/fesm2022/_untracked-chunk.mjs:1304:11)
	    at R3Injector.get (node_modules/@angular/core/fesm2022/_untracked-chunk.mjs:1196:23)
	    at R3Injector.retrieve (node_modules/@angular/core/fesm2022/_untracked-chunk.mjs:1111:19)
	    at injectInjectorOnly (node_modules/@angular/core/fesm2022/_untracked-chunk.mjs:665:35)
	    at ╔Á╔Áinject (node_modules/@angular/core/fesm2022/_untracked-chunk.mjs:677:58)
	TypeError: Cannot read properties of undefined (reading 'ngOnDestroy')
	    at UserContext.apply (src/app/pages/super-admin/audit-logs/audit-logs.spec.ts:46:15)
	    at _ZoneDelegate.invoke (node_modules/zone.js/fesm2015/zone.js:398:28)
	    at ProxyZoneSpec.onInvoke (node_modules/zone.js/fesm2015/zone-testing.js:2132:39)
	    at _ZoneDelegate.invoke (node_modules/zone.js/fesm2015/zone.js:397:34)
	    at ZoneImpl.run (node_modules/zone.js/fesm2015/zone.js:113:43)
	    at runInTestZone (node_modules/zone.js/fesm2015/zone-testing.js:216:38)
	    at UserContext.<anonymous> (node_modules/zone.js/fesm2015/zone-testing.js:234:32)
	    at <Jasmine>
Chrome 147.0.0.0 (Windows 10): Executed 10 of 550[31m (10 FAILED)[39m (0 secs / 0.538 secs)
[1A[2K[31mChrome 147.0.0.0 (Windows 10) AuditLogsComponent should return correct action color FAILED[39m
	Error: No icon provided. Make sure to use 'TablerIconsModule.pick({ ... })' when importing the module
	Refer to documentation on https://github.com/pierreavn/angular-tabler-icons
	    at new TablerIconsModule (node_modules/angular-tabler-icons/fesm2022/angular-tabler-icons.mjs:126:19)
	    at Object.useFactory (node_modules/angular-tabler-icons/fesm2022/angular-tabler-icons.mjs:150:23)
	    at Object.factory (node_modules/@angular/core/fesm2022/_untracked-chunk.mjs:1385:32)
	    at callback (node_modules/@angular/core/fesm2022/_untracked-chunk.mjs:1306:35)
	    at runInInjectorProfilerContext (node_modules/@angular/core/fesm2022/_untracked-chunk.mjs:437:5)
	    at R3Injector.hydrate (node_modules/@angular/core/fesm2022/_untracked-chunk.mjs:1304:11)
	    at R3Injector.get (node_modules/@angular/core/fesm2022/_untracked-chunk.mjs:1196:23)
	    at R3Injector.retrieve (node_modules/@angular/core/fesm2022/_untracked-chunk.mjs:1111:19)
	    at injectInjectorOnly (node_modules/@angular/core/fesm2022/_untracked-chunk.mjs:665:35)
	    at ╔Á╔Áinject (node_modules/@angular/core/fesm2022/_untracked-chunk.mjs:677:58)
	TypeError: Cannot read properties of undefined (reading 'ngOnDestroy')
	    at UserContext.apply (src/app/pages/super-admin/audit-logs/audit-logs.spec.ts:46:15)
	    at _ZoneDelegate.invoke (node_modules/zone.js/fesm2015/zone.js:398:28)
	    at ProxyZoneSpec.onInvoke (node_modules/zone.js/fesm2015/zone-testing.js:2132:39)
	    at _ZoneDelegate.invoke (node_modules/zone.js/fesm2015/zone.js:397:34)
	    at ZoneImpl.run (node_modules/zone.js/fesm2015/zone.js:113:43)
	    at runInTestZone (node_modules/zone.js/fesm2015/zone-testing.js:216:38)
	    at UserContext.<anonymous> (node_modules/zone.js/fesm2015/zone-testing.js:234:32)
	    at <Jasmine>
Chrome 147.0.0.0 (Windows 10): Executed 11 of 550[31m (11 FAILED)[39m (0 secs / 0.546 secs)
[1A[2K[31mChrome 147.0.0.0 (Windows 10) AuditLogsComponent should clear filters FAILED[39m
	Error: No icon provided. Make sure to use 'TablerIconsModule.pick({ ... })' when importing the module
	Refer to documentation on https://github.com/pierreavn/angular-tabler-icons
	    at new TablerIconsModule (node_modules/angular-tabler-icons/fesm2022/angular-tabler-icons.mjs:126:19)
	    at Object.useFactory (node_modules/angular-tabler-icons/fesm2022/angular-tabler-icons.mjs:150:23)
	    at Object.factory (node_modules/@angular/core/fesm2022/_untracked-chunk.mjs:1385:32)
	    at callback (node_modules/@angular/core/fesm2022/_untracked-chunk.mjs:1306:35)
	    at runInInjectorProfilerContext (node_modules/@angular/core/fesm2022/_untracked-chunk.mjs:437:5)
	    at R3Injector.hydrate (node_modules/@angular/core/fesm2022/_untracked-chunk.mjs:1304:11)
	    at R3Injector.get (node_modules/@angular/core/fesm2022/_untracked-chunk.mjs:1196:23)
	    at R3Injector.retrieve (node_modules/@angular/core/fesm2022/_untracked-chunk.mjs:1111:19)
	    at injectInjectorOnly (node_modules/@angular/core/fesm2022/_untracked-chunk.mjs:665:35)
	    at ╔Á╔Áinject (node_modules/@angular/core/fesm2022/_untracked-chunk.mjs:677:58)
	TypeError: Cannot read properties of undefined (reading 'ngOnDestroy')
	    at UserContext.apply (src/app/pages/super-admin/audit-logs/audit-logs.spec.ts:46:15)
	    at _ZoneDelegate.invoke (node_modules/zone.js/fesm2015/zone.js:398:28)
	    at ProxyZoneSpec.onInvoke (node_modules/zone.js/fesm2015/zone-testing.js:2132:39)
	    at _ZoneDelegate.invoke (node_modules/zone.js/fesm2015/zone.js:397:34)
	    at ZoneImpl.run (node_modules/zone.js/fesm2015/zone.js:113:43)
	    at runInTestZone (node_modules/zone.js/fesm2015/zone-testing.js:216:38)
	    at UserContext.<anonymous> (node_modules/zone.js/fesm2015/zone-testing.js:234:32)
	    at <Jasmine>
Chrome 147.0.0.0 (Windows 10): Executed 12 of 550[31m (12 FAILED)[39m (0 secs / 0.556 secs)
[1A[2K[31mChrome 147.0.0.0 (Windows 10) AuditDetailDialog should return diff keys correctly FAILED[39m
	Error: No icon provided. Make sure to use 'TablerIconsModule.pick({ ... })' when importing the module
	Refer to documentation on https://github.com/pierreavn/angular-tabler-icons
	    at new TablerIconsModule (node_modules/angular-tabler-icons/fesm2022/angular-tabler-icons.mjs:126:19)
	    at Object.useFactory (node_modules/angular-tabler-icons/fesm2022/angular-tabler-icons.mjs:150:23)
	    at Object.factory (node_modules/@angular/core/fesm2022/_untracked-chunk.mjs:1385:32)
	    at callback (node_modules/@angular/core/fesm2022/_untracked-chunk.mjs:1306:35)
	    at runInInjectorProfilerContext (node_modules/@angular/core/fesm2022/_untracked-chunk.mjs:437:5)
	    at R3Injector.hydrate (node_modules/@angular/core/fesm2022/_untracked-chunk.mjs:1304:11)
	    at R3Injector.get (node_modules/@angular/core/fesm2022/_untracked-chunk.mjs:1196:23)
	    at R3Injector.retrieve (node_modules/@angular/core/fesm2022/_untracked-chunk.mjs:1111:19)
	    at injectInjectorOnly (node_modules/@angular/core/fesm2022/_untracked-chunk.mjs:665:35)
	    at ╔Á╔Áinject (node_modules/@angular/core/fesm2022/_untracked-chunk.mjs:677:58)
Chrome 147.0.0.0 (Windows 10): Executed 13 of 550[31m (13 FAILED)[39m (0 secs / 0.622 secs)
[1A[2K[31mChrome 147.0.0.0 (Windows 10) AuditDetailDialog should create component FAILED[39m
	Error: No icon provided. Make sure to use 'TablerIconsModule.pick({ ... })' when importing the module
	Refer to documentation on https://github.com/pierreavn/angular-tabler-icons
	    at new TablerIconsModule (node_modules/angular-tabler-icons/fesm2022/angular-tabler-icons.mjs:126:19)
	    at Object.useFactory (node_modules/angular-tabler-icons/fesm2022/angular-tabler-icons.mjs:150:23)
	    at Object.factory (node_modules/@angular/core/fesm2022/_untracked-chunk.mjs:1385:32)
	    at callback (node_modules/@angular/core/fesm2022/_untracked-chunk.mjs:1306:35)
	    at runInInjectorProfilerContext (node_modules/@angular/core/fesm2022/_untracked-chunk.mjs:437:5)
	    at R3Injector.hydrate (node_modules/@angular/core/fesm2022/_untracked-chunk.mjs:1304:11)
	    at R3Injector.get (node_modules/@angular/core/fesm2022/_untracked-chunk.mjs:1196:23)
	    at R3Injector.retrieve (node_modules/@angular/core/fesm2022/_untracked-chunk.mjs:1111:19)
	    at injectInjectorOnly (node_modules/@angular/core/fesm2022/_untracked-chunk.mjs:665:35)
	    at ╔Á╔Áinject (node_modules/@angular/core/fesm2022/_untracked-chunk.mjs:677:58)
Chrome 147.0.0.0 (Windows 10): Executed 14 of 550[31m (14 FAILED)[39m (0 secs / 0.629 secs)
[1A[2K[31mChrome 147.0.0.0 (Windows 10) AuditDetailDialog should detect changed values FAILED[39m
	Error: No icon provided. Make sure to use 'TablerIconsModule.pick({ ... })' when importing the module
	Refer to documentation on https://github.com/pierreavn/angular-tabler-icons
	    at new TablerIconsModule (node_modules/angular-tabler-icons/fesm2022/angular-tabler-icons.mjs:126:19)
	    at Object.useFactory (node_modules/angular-tabler-icons/fesm2022/angular-tabler-icons.mjs:150:23)
	    at Object.factory (node_modules/@angular/core/fesm2022/_untracked-chunk.mjs:1385:32)
	    at callback (node_modules/@angular/core/fesm2022/_untracked-chunk.mjs:1306:35)
	    at runInInjectorProfilerContext (node_modules/@angular/core/fesm2022/_untracked-chunk.mjs:437:5)
	    at R3Injector.hydrate (node_modules/@angular/core/fesm2022/_untracked-chunk.mjs:1304:11)
	    at R3Injector.get (node_modules/@angular/core/fesm2022/_untracked-chunk.mjs:1196:23)
	    at R3Injector.retrieve (node_modules/@angular/core/fesm2022/_untracked-chunk.mjs:1111:19)
	    at injectInjectorOnly (node_modules/@angular/core/fesm2022/_untracked-chunk.mjs:665:35)
	    at ╔Á╔Áinject (node_modules/@angular/core/fesm2022/_untracked-chunk.mjs:677:58)
Chrome 147.0.0.0 (Windows 10): Executed 15 of 550[31m (15 FAILED)[39m (0 secs / 0.638 secs)
[1A[2K[31mChrome 147.0.0.0 (Windows 10) AuditDetailDialog should assign injected data to log FAILED[39m
	Error: No icon provided. Make sure to use 'TablerIconsModule.pick({ ... })' when importing the module
	Refer to documentation on https://github.com/pierreavn/angular-tabler-icons
	    at new TablerIconsModule (node_modules/angular-tabler-icons/fesm2022/angular-tabler-icons.mjs:126:19)
	    at Object.useFactory (node_modules/angular-tabler-icons/fesm2022/angular-tabler-icons.mjs:150:23)
	    at Object.factory (node_modules/@angular/core/fesm2022/_untracked-chunk.mjs:1385:32)
	    at callback (node_modules/@angular/core/fesm2022/_untracked-chunk.mjs:1306:35)
	    at runInInjectorProfilerContext (node_modules/@angular/core/fesm2022/_untracked-chunk.mjs:437:5)
	    at R3Injector.hydrate (node_modules/@angular/core/fesm2022/_untracked-chunk.mjs:1304:11)
	    at R3Injector.get (node_modules/@angular/core/fesm2022/_untracked-chunk.mjs:1196:23)
	    at R3Injector.retrieve (node_modules/@angular/core/fesm2022/_untracked-chunk.mjs:1111:19)
	    at injectInjectorOnly (node_modules/@angular/core/fesm2022/_untracked-chunk.mjs:665:35)
	    at ╔Á╔Áinject (node_modules/@angular/core/fesm2022/_untracked-chunk.mjs:677:58)
Chrome 147.0.0.0 (Windows 10): Executed 16 of 550[31m (16 FAILED)[39m (0 secs / 0.645 secs)
[1A[2K[31mChrome 147.0.0.0 (Windows 10) AuditDetailDialog should format values correctly FAILED[39m
	Error: No icon provided. Make sure to use 'TablerIconsModule.pick({ ... })' when importing the module
	Refer to documentation on https://github.com/pierreavn/angular-tabler-icons
	    at new TablerIconsModule (node_modules/angular-tabler-icons/fesm2022/angular-tabler-icons.mjs:126:19)
	    at Object.useFactory (node_modules/angular-tabler-icons/fesm2022/angular-tabler-icons.mjs:150:23)
	    at Object.factory (node_modules/@angular/core/fesm2022/_untracked-chunk.mjs:1385:32)
	    at callback (node_modules/@angular/core/fesm2022/_untracked-chunk.mjs:1306:35)
	    at runInInjectorProfilerContext (node_modules/@angular/core/fesm2022/_untracked-chunk.mjs:437:5)
	    at R3Injector.hydrate (node_modules/@angular/core/fesm2022/_untracked-chunk.mjs:1304:11)
	    at R3Injector.get (node_modules/@angular/core/fesm2022/_untracked-chunk.mjs:1196:23)
	    at R3Injector.retrieve (node_modules/@angular/core/fesm2022/_untracked-chunk.mjs:1111:19)
	    at injectInjectorOnly (node_modules/@angular/core/fesm2022/_untracked-chunk.mjs:665:35)
	    at ╔Á╔Áinject (node_modules/@angular/core/fesm2022/_untracked-chunk.mjs:677:58)
Chrome 147.0.0.0 (Windows 10): Executed 17 of 550[31m (17 FAILED)[39m (0 secs / 0.653 secs)
[1A[2K[31mChrome 147.0.0.0 (Windows 10) AuditDetailDialog should close dialog FAILED[39m
	Error: No icon provided. Make sure to use 'TablerIconsModule.pick({ ... })' when importing the module
	Refer to documentation on https://github.com/pierreavn/angular-tabler-icons
	    at new TablerIconsModule (node_modules/angular-tabler-icons/fesm2022/angular-tabler-icons.mjs:126:19)
	    at Object.useFactory (node_modules/angular-tabler-icons/fesm2022/angular-tabler-icons.mjs:150:23)
	    at Object.factory (node_modules/@angular/core/fesm2022/_untracked-chunk.mjs:1385:32)
	    at callback (node_modules/@angular/core/fesm2022/_untracked-chunk.mjs:1306:35)
	    at runInInjectorProfilerContext (node_modules/@angular/core/fesm2022/_untracked-chunk.mjs:437:5)
	    at R3Injector.hydrate (node_modules/@angular/core/fesm2022/_untracked-chunk.mjs:1304:11)
	    at R3Injector.get (node_modules/@angular/core/fesm2022/_untracked-chunk.mjs:1196:23)
	    at R3Injector.retrieve (node_modules/@angular/core/fesm2022/_untracked-chunk.mjs:1111:19)
	    at injectInjectorOnly (node_modules/@angular/core/fesm2022/_untracked-chunk.mjs:665:35)
	    at ╔Á╔Áinject (node_modules/@angular/core/fesm2022/_untracked-chunk.mjs:677:58)
Chrome 147.0.0.0 (Windows 10): Executed 18 of 550[31m (18 FAILED)[39m (0 secs / 0.66 secs)
[1A[2K[31mChrome 147.0.0.0 (Windows 10) AuditDetailDialog should parse user agent FAILED[39m
	Error: No icon provided. Make sure to use 'TablerIconsModule.pick({ ... })' when importing the module
	Refer to documentation on https://github.com/pierreavn/angular-tabler-icons
	    at new TablerIconsModule (node_modules/angular-tabler-icons/fesm2022/angular-tabler-icons.mjs:126:19)
	    at Object.useFactory (node_modules/angular-tabler-icons/fesm2022/angular-tabler-icons.mjs:150:23)
	    at Object.factory (node_modules/@angular/core/fesm2022/_untracked-chunk.mjs:1385:32)
	    at callback (node_modules/@angular/core/fesm2022/_untracked-chunk.mjs:1306:35)
	    at runInInjectorProfilerContext (node_modules/@angular/core/fesm2022/_untracked-chunk.mjs:437:5)
	    at R3Injector.hydrate (node_modules/@angular/core/fesm2022/_untracked-chunk.mjs:1304:11)
	    at R3Injector.get (node_modules/@angular/core/fesm2022/_untracked-chunk.mjs:1196:23)
	    at R3Injector.retrieve (node_modules/@angular/core/fesm2022/_untracked-chunk.mjs:1111:19)
	    at injectInjectorOnly (node_modules/@angular/core/fesm2022/_untracked-chunk.mjs:665:35)
	    at ╔Á╔Áinject (node_modules/@angular/core/fesm2022/_untracked-chunk.mjs:677:58)
Chrome 147.0.0.0 (Windows 10): Executed 19 of 550[31m (19 FAILED)[39m (0 secs / 0.669 secs)
[1A[2K[31mChrome 147.0.0.0 (Windows 10) AuditDetailDialog should return action color FAILED[39m
	Error: No icon provided. Make sure to use 'TablerIconsModule.pick({ ... })' when importing the module
	Refer to documentation on https://github.com/pierreavn/angular-tabler-icons
	    at new TablerIconsModule (node_modules/angular-tabler-icons/fesm2022/angular-tabler-icons.mjs:126:19)
	    at Object.useFactory (node_modules/angular-tabler-icons/fesm2022/angular-tabler-icons.mjs:150:23)
	    at Object.factory (node_modules/@angular/core/fesm2022/_untracked-chunk.mjs:1385:32)
	    at callback (node_modules/@angular/core/fesm2022/_untracked-chunk.mjs:1306:35)
	    at runInInjectorProfilerContext (node_modules/@angular/core/fesm2022/_untracked-chunk.mjs:437:5)
	    at R3Injector.hydrate (node_modules/@angular/core/fesm2022/_untracked-chunk.mjs:1304:11)
	    at R3Injector.get (node_modules/@angular/core/fesm2022/_untracked-chunk.mjs:1196:23)
	    at R3Injector.retrieve (node_modules/@angular/core/fesm2022/_untracked-chunk.mjs:1111:19)
	    at injectInjectorOnly (node_modules/@angular/core/fesm2022/_untracked-chunk.mjs:665:35)
	    at ╔Á╔Áinject (node_modules/@angular/core/fesm2022/_untracked-chunk.mjs:677:58)
Chrome 147.0.0.0 (Windows 10): Executed 20 of 550[31m (20 FAILED)[39m (0 secs / 0.677 secs)
[1A[2K[31mChrome 147.0.0.0 (Windows 10) AuditDetailDialog should return action icon FAILED[39m
	Error: No icon provided. Make sure to use 'TablerIconsModule.pick({ ... })' when importing the module
	Refer to documentation on https://github.com/pierreavn/angular-tabler-icons
	    at new TablerIconsModule (node_modules/angular-tabler-icons/fesm2022/angular-tabler-icons.mjs:126:19)
	    at Object.useFactory (node_modules/angular-tabler-icons/fesm2022/angular-tabler-icons.mjs:150:23)
	    at Object.factory (node_modules/@angular/core/fesm2022/_untracked-chunk.mjs:1385:32)
	    at callback (node_modules/@angular/core/fesm2022/_untracked-chunk.mjs:1306:35)
	    at runInInjectorProfilerContext (node_modules/@angular/core/fesm2022/_untracked-chunk.mjs:437:5)
	    at R3Injector.hydrate (node_modules/@angular/core/fesm2022/_untracked-chunk.mjs:1304:11)
	    at R3Injector.get (node_modules/@angular/core/fesm2022/_untracked-chunk.mjs:1196:23)
	    at R3Injector.retrieve (node_modules/@angular/core/fesm2022/_untracked-chunk.mjs:1111:19)
	    at injectInjectorOnly (node_modules/@angular/core/fesm2022/_untracked-chunk.mjs:665:35)
	    at ╔Á╔Áinject (node_modules/@angular/core/fesm2022/_untracked-chunk.mjs:677:58)
Chrome 147.0.0.0 (Windows 10): Executed 21 of 550[31m (21 FAILED)[39m (0 secs / 0.684 secs)
[1A[2KChrome 147.0.0.0 (Windows 10): Executed 22 of 550[31m (21 FAILED)[39m (0 secs / 0.915 secs)
[1A[2KChrome 147.0.0.0 (Windows 10): Executed 23 of 550[31m (21 FAILED)[39m (0 secs / 0.991 secs)
[1A[2KChrome 147.0.0.0 (Windows 10): Executed 24 of 550[31m (21 FAILED)[39m (0 secs / 1.06 secs)
[1A[2KChrome 147.0.0.0 (Windows 10): Executed 25 of 550[31m (21 FAILED)[39m (0 secs / 1.121 secs)
[1A[2KChrome 147.0.0.0 (Windows 10): Executed 26 of 550[31m (21 FAILED)[39m (0 secs / 1.172 secs)
[1A[2KChrome 147.0.0.0 (Windows 10): Executed 27 of 550[31m (21 FAILED)[39m (0 secs / 1.227 secs)
[1A[2KChrome 147.0.0.0 (Windows 10): Executed 28 of 550[31m (21 FAILED)[39m (0 secs / 1.275 secs)
[1A[2KChrome 147.0.0.0 (Windows 10): Executed 29 of 550[31m (21 FAILED)[39m (0 secs / 1.312 secs)
[1A[2KChrome 147.0.0.0 (Windows 10): Executed 30 of 550[31m (21 FAILED)[39m (0 secs / 1.344 secs)
[1A[2KChrome 147.0.0.0 (Windows 10): Executed 31 of 550[31m (21 FAILED)[39m (0 secs / 1.402 secs)
[1A[2KChrome 147.0.0.0 (Windows 10): Executed 32 of 550[31m (21 FAILED)[39m (0 secs / 1.514 secs)
[1A[2KChrome 147.0.0.0 (Windows 10): Executed 33 of 550[31m (21 FAILED)[39m (0 secs / 1.611 secs)
[1A[2K[31mChrome 147.0.0.0 (Windows 10) NurseDashboardComponent phoneFor() should return "ÔÇö" when patient not in patientDetails FAILED[39m
	Expected '├óÔé¼ÔÇØ' to be 'ÔÇö'.
	    at <Jasmine>
	    at UserContext.apply (src/app/pages/nurse/dashboard/nurse-dashboard.component.spec.ts:159:58)
	    at _ZoneDelegate.invoke (node_modules/zone.js/fesm2015/zone.js:398:28)
	    at ProxyZoneSpec.onInvoke (node_modules/zone.js/fesm2015/zone-testing.js:2132:39)
	    at _ZoneDelegate.invoke (node_modules/zone.js/fesm2015/zone.js:397:34)
Chrome 147.0.0.0 (Windows 10): Executed 34 of 550[31m (22 FAILED)[39m (0 secs / 1.642 secs)
[1A[2K[31mChrome 147.0.0.0 (Windows 10) NurseDashboardComponent phoneFor() should return "ÔÇö" when patient has no phone FAILED[39m
	Expected '├óÔé¼ÔÇØ' to be 'ÔÇö'.
	    at <Jasmine>
	    at UserContext.apply (src/app/pages/nurse/dashboard/nurse-dashboard.component.spec.ts:154:43)
	    at _ZoneDelegate.invoke (node_modules/zone.js/fesm2015/zone.js:398:28)
	    at ProxyZoneSpec.onInvoke (node_modules/zone.js/fesm2015/zone-testing.js:2132:39)
	    at _ZoneDelegate.invoke (node_modules/zone.js/fesm2015/zone.js:397:34)
Chrome 147.0.0.0 (Windows 10): Executed 35 of 550[31m (23 FAILED)[39m (0 secs / 1.673 secs)
[1A[2KChrome 147.0.0.0 (Windows 10): Executed 36 of 550[31m (23 FAILED)[39m (0 secs / 1.987 secs)
[1A[2KChrome 147.0.0.0 (Windows 10): Executed 37 of 550[31m (23 FAILED)[39m (0 secs / 2.102 secs)
[1A[2KLOG: [36m'Submitting role:', 'patient'[39m
Chrome 147.0.0.0 (Windows 10): Executed 37 of 550[31m (23 FAILED)[39m (0 secs / 2.102 secs)
LOG: 'Submitting role:', 'patient'
[1A[2KLOG: [36m' firstName:', 'John'[39m
Chrome 147.0.0.0 (Windows 10): Executed 37 of 550[31m (23 FAILED)[39m (0 secs / 2.102 secs)
LOG: ' firstName:', 'John'
[1A[2KLOG: [36m' lastName:', 'Doe'[39m
Chrome 147.0.0.0 (Windows 10): Executed 37 of 550[31m (23 FAILED)[39m (0 secs / 2.102 secs)
LOG: ' lastName:', 'Doe'
[1A[2KLOG: [36m' email:', 'john@test.com'[39m
Chrome 147.0.0.0 (Windows 10): Executed 37 of 550[31m (23 FAILED)[39m (0 secs / 2.102 secs)
LOG: ' email:', 'john@test.com'
[1A[2KLOG: [36m' password:', 'Test1234!'[39m
Chrome 147.0.0.0 (Windows 10): Executed 37 of 550[31m (23 FAILED)[39m (0 secs / 2.102 secs)
LOG: ' password:', 'Test1234!'
[1A[2KLOG: [36m' medicalRecordNumber:', 'MRN-126720-700'[39m
Chrome 147.0.0.0 (Windows 10): Executed 37 of 550[31m (23 FAILED)[39m (0 secs / 2.102 secs)
LOG: ' medicalRecordNumber:', 'MRN-126720-700'
[1A[2KLOG: [36m' isActive:', 'true'[39m
Chrome 147.0.0.0 (Windows 10): Executed 37 of 550[31m (23 FAILED)[39m (0 secs / 2.102 secs)
LOG: ' isActive:', 'true'
[1A[2KChrome 147.0.0.0 (Windows 10): Executed 38 of 550[31m (23 FAILED)[39m (0 secs / 2.295 secs)
[1A[2KChrome 147.0.0.0 (Windows 10): Executed 39 of 550[31m (23 FAILED)[39m (0 secs / 2.411 secs)
[1A[2KChrome 147.0.0.0 (Windows 10): Executed 40 of 550[31m (23 FAILED)[39m (0 secs / 2.543 secs)
[1A[2KChrome 147.0.0.0 (Windows 10): Executed 41 of 550[31m (23 FAILED)[39m (0 secs / 2.694 secs)
[1A[2KChrome 147.0.0.0 (Windows 10): Executed 42 of 550[31m (23 FAILED)[39m (0 secs / 2.847 secs)
[1A[2KChrome 147.0.0.0 (Windows 10): Executed 43 of 550[31m (23 FAILED)[39m (0 secs / 3.236 secs)
[1A[2KChrome 147.0.0.0 (Windows 10): Executed 44 of 550[31m (23 FAILED)[39m (0 secs / 3.414 secs)
[1A[2KChrome 147.0.0.0 (Windows 10): Executed 45 of 550[31m (23 FAILED)[39m (0 secs / 3.604 secs)
[1A[2KChrome 147.0.0.0 (Windows 10): Executed 46 of 550[31m (23 FAILED)[39m (0 secs / 3.757 secs)
[1A[2KChrome 147.0.0.0 (Windows 10): Executed 47 of 550[31m (23 FAILED)[39m (0 secs / 3.931 secs)
[1A[2KChrome 147.0.0.0 (Windows 10): Executed 48 of 550[31m (23 FAILED)[39m (0 secs / 4.126 secs)
[1A[2KChrome 147.0.0.0 (Windows 10): Executed 49 of 550[31m (23 FAILED)[39m (0 secs / 4.332 secs)
[1A[2KChrome 147.0.0.0 (Windows 10): Executed 50 of 550[31m (23 FAILED)[39m (0 secs / 4.504 secs)
[1A[2KChrome 147.0.0.0 (Windows 10): Executed 51 of 550[31m (23 FAILED)[39m (0 secs / 4.659 secs)
[1A[2KChrome 147.0.0.0 (Windows 10): Executed 52 of 550[31m (23 FAILED)[39m (0 secs / 4.844 secs)
[1A[2KChrome 147.0.0.0 (Windows 10): Executed 53 of 550[31m (23 FAILED)[39m (0 secs / 5.008 secs)
[1A[2KChrome 147.0.0.0 (Windows 10): Executed 54 of 550[31m (23 FAILED)[39m (0 secs / 5.147 secs)
[1A[2KChrome 147.0.0.0 (Windows 10): Executed 55 of 550[31m (23 FAILED)[39m (0 secs / 5.255 secs)
[1A[2KChrome 147.0.0.0 (Windows 10): Executed 56 of 550[31m (23 FAILED)[39m (0 secs / 5.412 secs)
[1A[2KChrome 147.0.0.0 (Windows 10): Executed 57 of 550[31m (23 FAILED)[39m (0 secs / 5.565 secs)
[1A[2KChrome 147.0.0.0 (Windows 10): Executed 58 of 550[31m (23 FAILED)[39m (0 secs / 5.708 secs)
[1A[2KChrome 147.0.0.0 (Windows 10): Executed 59 of 550[31m (23 FAILED)[39m (0 secs / 5.838 secs)
[1A[2KChrome 147.0.0.0 (Windows 10): Executed 60 of 550[31m (23 FAILED)[39m (0 secs / 5.971 secs)
[1A[2KChrome 147.0.0.0 (Windows 10): Executed 61 of 550[31m (23 FAILED)[39m (0 secs / 6.087 secs)
[1A[2KChrome 147.0.0.0 (Windows 10): Executed 62 of 550[31m (23 FAILED)[39m (0 secs / 6.215 secs)
[1A[2KChrome 147.0.0.0 (Windows 10): Executed 63 of 550[31m (23 FAILED)[39m (0 secs / 6.348 secs)
[1A[2KChrome 147.0.0.0 (Windows 10): Executed 64 of 550[31m (23 FAILED)[39m (0 secs / 6.465 secs)
[1A[2KChrome 147.0.0.0 (Windows 10): Executed 65 of 550[31m (23 FAILED)[39m (0 secs / 6.582 secs)
[1A[2KChrome 147.0.0.0 (Windows 10): Executed 66 of 550[31m (23 FAILED)[39m (0 secs / 6.694 secs)
[1A[2KChrome 147.0.0.0 (Windows 10): Executed 67 of 550[31m (23 FAILED)[39m (0 secs / 6.811 secs)
[1A[2KChrome 147.0.0.0 (Windows 10): Executed 68 of 550[31m (23 FAILED)[39m (0 secs / 6.934 secs)
[1A[2KChrome 147.0.0.0 (Windows 10): Executed 69 of 550[31m (23 FAILED)[39m (0 secs / 7.054 secs)
[1A[2KChrome 147.0.0.0 (Windows 10): Executed 70 of 550[31m (23 FAILED)[39m (0 secs / 7.163 secs)
[1A[2KChrome 147.0.0.0 (Windows 10): Executed 71 of 550[31m (23 FAILED)[39m (0 secs / 7.301 secs)
[1A[2KChrome 147.0.0.0 (Windows 10): Executed 72 of 550[31m (23 FAILED)[39m (0 secs / 7.453 secs)
[1A[2KChrome 147.0.0.0 (Windows 10): Executed 73 of 550[31m (23 FAILED)[39m (0 secs / 7.577 secs)
[1A[2KChrome 147.0.0.0 (Windows 10): Executed 74 of 550[31m (23 FAILED)[39m (0 secs / 7.72 secs)
[1A[2KChrome 147.0.0.0 (Windows 10): Executed 75 of 550[31m (23 FAILED)[39m (0 secs / 7.88 secs)
[1A[2KChrome 147.0.0.0 (Windows 10): Executed 76 of 550[31m (23 FAILED)[39m (0 secs / 8.012 secs)
[1A[2KChrome 147.0.0.0 (Windows 10): Executed 77 of 550[31m (23 FAILED)[39m (0 secs / 8.134 secs)
[1A[2KChrome 147.0.0.0 (Windows 10): Executed 78 of 550[31m (23 FAILED)[39m (0 secs / 8.252 secs)
[1A[2KChrome 147.0.0.0 (Windows 10): Executed 79 of 550[31m (23 FAILED)[39m (0 secs / 8.382 secs)
[1A[2KChrome 147.0.0.0 (Windows 10): Executed 80 of 550[31m (23 FAILED)[39m (0 secs / 8.53 secs)
[1A[2KChrome 147.0.0.0 (Windows 10): Executed 81 of 550[31m (23 FAILED)[39m (0 secs / 8.666 secs)
[1A[2KChrome 147.0.0.0 (Windows 10): Executed 82 of 550[31m (23 FAILED)[39m (0 secs / 8.787 secs)
[1A[2KChrome 147.0.0.0 (Windows 10): Executed 83 of 550[31m (23 FAILED)[39m (0 secs / 8.901 secs)
[1A[2KChrome 147.0.0.0 (Windows 10): Executed 84 of 550[31m (23 FAILED)[39m (0 secs / 9.045 secs)
[1A[2KChrome 147.0.0.0 (Windows 10): Executed 85 of 550[31m (23 FAILED)[39m (0 secs / 9.155 secs)
[1A[2KChrome 147.0.0.0 (Windows 10): Executed 86 of 550[31m (23 FAILED)[39m (0 secs / 9.296 secs)
[1A[2KChrome 147.0.0.0 (Windows 10): Executed 87 of 550[31m (23 FAILED)[39m (0 secs / 9.435 secs)
[1A[2KChrome 147.0.0.0 (Windows 10): Executed 88 of 550[31m (23 FAILED)[39m (0 secs / 9.435 secs)
[1A[2KChrome 147.0.0.0 (Windows 10): Executed 89 of 550[31m (23 FAILED)[39m (0 secs / 9.467 secs)
[1A[2KChrome 147.0.0.0 (Windows 10): Executed 90 of 550[31m (23 FAILED)[39m (0 secs / 9.481 secs)
[1A[2KChrome 147.0.0.0 (Windows 10): Executed 91 of 550[31m (23 FAILED)[39m (0 secs / 9.492 secs)
[1A[2KChrome 147.0.0.0 (Windows 10): Executed 92 of 550[31m (23 FAILED)[39m (0 secs / 9.505 secs)
[1A[2K[31mChrome 147.0.0.0 (Windows 10) AiIntelligenceComponent should start with no result FAILED[39m
	Error: No icon provided. Make sure to use 'TablerIconsModule.pick({ ... })' when importing the module
	Refer to documentation on https://github.com/pierreavn/angular-tabler-icons
	    at new TablerIconsModule (node_modules/angular-tabler-icons/fesm2022/angular-tabler-icons.mjs:126:19)
	    at Object.useFactory (node_modules/angular-tabler-icons/fesm2022/angular-tabler-icons.mjs:150:23)
	    at Object.factory (node_modules/@angular/core/fesm2022/_untracked-chunk.mjs:1385:32)
	    at callback (node_modules/@angular/core/fesm2022/_untracked-chunk.mjs:1306:35)
	    at runInInjectorProfilerContext (node_modules/@angular/core/fesm2022/_untracked-chunk.mjs:437:5)
	    at R3Injector.hydrate (node_modules/@angular/core/fesm2022/_untracked-chunk.mjs:1304:11)
	    at R3Injector.get (node_modules/@angular/core/fesm2022/_untracked-chunk.mjs:1196:23)
	    at R3Injector.retrieve (node_modules/@angular/core/fesm2022/_untracked-chunk.mjs:1111:19)
	    at injectInjectorOnly (node_modules/@angular/core/fesm2022/_untracked-chunk.mjs:665:35)
	    at ╔Á╔Áinject (node_modules/@angular/core/fesm2022/_untracked-chunk.mjs:677:58)
Chrome 147.0.0.0 (Windows 10): Executed 93 of 550[31m (24 FAILED)[39m (0 secs / 9.557 secs)
[1A[2K[31mChrome 147.0.0.0 (Windows 10) AiIntelligenceComponent should return correct type info FAILED[39m
	Error: No icon provided. Make sure to use 'TablerIconsModule.pick({ ... })' when importing the module
	Refer to documentation on https://github.com/pierreavn/angular-tabler-icons
	    at new TablerIconsModule (node_modules/angular-tabler-icons/fesm2022/angular-tabler-icons.mjs:126:19)
	    at Object.useFactory (node_modules/angular-tabler-icons/fesm2022/angular-tabler-icons.mjs:150:23)
	    at Object.factory (node_modules/@angular/core/fesm2022/_untracked-chunk.mjs:1385:32)
	    at callback (node_modules/@angular/core/fesm2022/_untracked-chunk.mjs:1306:35)
	    at runInInjectorProfilerContext (node_modules/@angular/core/fesm2022/_untracked-chunk.mjs:437:5)
	    at R3Injector.hydrate (node_modules/@angular/core/fesm2022/_untracked-chunk.mjs:1304:11)
	    at R3Injector.get (node_modules/@angular/core/fesm2022/_untracked-chunk.mjs:1196:23)
	    at R3Injector.retrieve (node_modules/@angular/core/fesm2022/_untracked-chunk.mjs:1111:19)
	    at injectInjectorOnly (node_modules/@angular/core/fesm2022/_untracked-chunk.mjs:665:35)
	    at ╔Á╔Áinject (node_modules/@angular/core/fesm2022/_untracked-chunk.mjs:677:58)
Chrome 147.0.0.0 (Windows 10): Executed 94 of 550[31m (25 FAILED)[39m (0 secs / 9.565 secs)
[1A[2K[31mChrome 147.0.0.0 (Windows 10) AiIntelligenceComponent should have report types defined FAILED[39m
	Error: No icon provided. Make sure to use 'TablerIconsModule.pick({ ... })' when importing the module
	Refer to documentation on https://github.com/pierreavn/angular-tabler-icons
	    at new TablerIconsModule (node_modules/angular-tabler-icons/fesm2022/angular-tabler-icons.mjs:126:19)
	    at Object.useFactory (node_modules/angular-tabler-icons/fesm2022/angular-tabler-icons.mjs:150:23)
	    at Object.factory (node_modules/@angular/core/fesm2022/_untracked-chunk.mjs:1385:32)
	    at callback (node_modules/@angular/core/fesm2022/_untracked-chunk.mjs:1306:35)
	    at runInInjectorProfilerContext (node_modules/@angular/core/fesm2022/_untracked-chunk.mjs:437:5)
	    at R3Injector.hydrate (node_modules/@angular/core/fesm2022/_untracked-chunk.mjs:1304:11)
	    at R3Injector.get (node_modules/@angular/core/fesm2022/_untracked-chunk.mjs:1196:23)
	    at R3Injector.retrieve (node_modules/@angular/core/fesm2022/_untracked-chunk.mjs:1111:19)
	    at injectInjectorOnly (node_modules/@angular/core/fesm2022/_untracked-chunk.mjs:665:35)
	    at ╔Á╔Áinject (node_modules/@angular/core/fesm2022/_untracked-chunk.mjs:677:58)
Chrome 147.0.0.0 (Windows 10): Executed 95 of 550[31m (26 FAILED)[39m (0 secs / 9.572 secs)
[1A[2K[31mChrome 147.0.0.0 (Windows 10) AiIntelligenceComponent should create FAILED[39m
	Error: No icon provided. Make sure to use 'TablerIconsModule.pick({ ... })' when importing the module
	Refer to documentation on https://github.com/pierreavn/angular-tabler-icons
	    at new TablerIconsModule (node_modules/angular-tabler-icons/fesm2022/angular-tabler-icons.mjs:126:19)
	    at Object.useFactory (node_modules/angular-tabler-icons/fesm2022/angular-tabler-icons.mjs:150:23)
	    at Object.factory (node_modules/@angular/core/fesm2022/_untracked-chunk.mjs:1385:32)
	    at callback (node_modules/@angular/core/fesm2022/_untracked-chunk.mjs:1306:35)
	    at runInInjectorProfilerContext (node_modules/@angular/core/fesm2022/_untracked-chunk.mjs:437:5)
	    at R3Injector.hydrate (node_modules/@angular/core/fesm2022/_untracked-chunk.mjs:1304:11)
	    at R3Injector.get (node_modules/@angular/core/fesm2022/_untracked-chunk.mjs:1196:23)
	    at R3Injector.retrieve (node_modules/@angular/core/fesm2022/_untracked-chunk.mjs:1111:19)
	    at injectInjectorOnly (node_modules/@angular/core/fesm2022/_untracked-chunk.mjs:665:35)
	    at ╔Á╔Áinject (node_modules/@angular/core/fesm2022/_untracked-chunk.mjs:677:58)
Chrome 147.0.0.0 (Windows 10): Executed 96 of 550[31m (27 FAILED)[39m (0 secs / 9.581 secs)
[1A[2KChrome 147.0.0.0 (Windows 10): Executed 97 of 550[31m (27 FAILED)[39m (0 secs / 9.615 secs)
[1A[2KChrome 147.0.0.0 (Windows 10): Executed 98 of 550[31m (27 FAILED)[39m (0 secs / 9.626 secs)
[1A[2KChrome 147.0.0.0 (Windows 10): Executed 99 of 550[31m (27 FAILED)[39m (0 secs / 9.638 secs)
[1A[2KChrome 147.0.0.0 (Windows 10): Executed 100 of 550[31m (27 FAILED)[39m (0 secs / 9.644 secs)
[1A[2KChrome 147.0.0.0 (Windows 10): Executed 101 of 550[31m (27 FAILED)[39m (0 secs / 9.654 secs)
[1A[2KChrome 147.0.0.0 (Windows 10): Executed 102 of 550[31m (27 FAILED)[39m (0 secs / 9.655 secs)
[1A[2KChrome 147.0.0.0 (Windows 10): Executed 103 of 550[31m (27 FAILED)[39m (0 secs / 9.709 secs)
[1A[2KChrome 147.0.0.0 (Windows 10): Executed 104 of 550[31m (27 FAILED)[39m (0 secs / 9.725 secs)
[1A[2KChrome 147.0.0.0 (Windows 10): Executed 105 of 550[31m (27 FAILED)[39m (0 secs / 9.745 secs)
[1A[2KChrome 147.0.0.0 (Windows 10): Executed 106 of 550[31m (27 FAILED)[39m (0 secs / 9.765 secs)
[1A[2K[31mChrome 147.0.0.0 (Windows 10) ServiceComponent should toggle service status FAILED[39m
	TypeError: Cannot read properties of undefined (reading 'push')
	    at MatDialog.open (node_modules/@angular/material/fesm2022/dialog.mjs:458:22)
	    at ServiceComponent.toggleStatus (src/app/pages/super-admin/service/service.ts:137:35)
	    at UserContext.apply (src/app/pages/super-admin/service/service.spec.ts:68:15)
	    at _ZoneDelegate.invoke (node_modules/zone.js/fesm2015/zone.js:398:28)
	    at ProxyZoneSpec.onInvoke (node_modules/zone.js/fesm2015/zone-testing.js:2132:39)
	    at _ZoneDelegate.invoke (node_modules/zone.js/fesm2015/zone.js:397:34)
	    at ZoneImpl.run (node_modules/zone.js/fesm2015/zone.js:113:43)
	    at runInTestZone (node_modules/zone.js/fesm2015/zone-testing.js:216:38)
	    at UserContext.<anonymous> (node_modules/zone.js/fesm2015/zone-testing.js:234:32)
	    at <Jasmine>
Chrome 147.0.0.0 (Windows 10): Executed 107 of 550[31m (28 FAILED)[39m (0 secs / 9.904 secs)
[1A[2K[31mChrome 147.0.0.0 (Windows 10) ServiceComponent should open view dialog FAILED[39m
	TypeError: Cannot read properties of undefined (reading 'push')
	    at MatDialog.open (node_modules/@angular/material/fesm2022/dialog.mjs:458:22)
	    at ServiceComponent.viewService (src/app/pages/super-admin/service/service.ts:156:17)
	    at UserContext.apply (src/app/pages/super-admin/service/service.spec.ts:75:15)
	    at _ZoneDelegate.invoke (node_modules/zone.js/fesm2015/zone.js:398:28)
	    at ProxyZoneSpec.onInvoke (node_modules/zone.js/fesm2015/zone-testing.js:2132:39)
	    at _ZoneDelegate.invoke (node_modules/zone.js/fesm2015/zone.js:397:34)
	    at ZoneImpl.run (node_modules/zone.js/fesm2015/zone.js:113:43)
	    at runInTestZone (node_modules/zone.js/fesm2015/zone-testing.js:216:38)
	    at UserContext.<anonymous> (node_modules/zone.js/fesm2015/zone-testing.js:234:32)
	    at <Jasmine>
Chrome 147.0.0.0 (Windows 10): Executed 108 of 550[31m (29 FAILED)[39m (0 secs / 10.006 secs)
[1A[2KChrome 147.0.0.0 (Windows 10): Executed 109 of 550[31m (29 FAILED)[39m (0 secs / 10.048 secs)
[1A[2K[31mChrome 147.0.0.0 (Windows 10) ServiceComponent should open edit dialog FAILED[39m
	TypeError: Cannot read properties of undefined (reading 'push')
	    at MatDialog.open (node_modules/@angular/material/fesm2022/dialog.mjs:458:22)
	    at ServiceComponent.editService (src/app/pages/super-admin/service/service.ts:160:35)
	    at UserContext.apply (src/app/pages/super-admin/service/service.spec.ts:82:15)
	    at _ZoneDelegate.invoke (node_modules/zone.js/fesm2015/zone.js:398:28)
	    at ProxyZoneSpec.onInvoke (node_modules/zone.js/fesm2015/zone-testing.js:2132:39)
	    at _ZoneDelegate.invoke (node_modules/zone.js/fesm2015/zone.js:397:34)
	    at ZoneImpl.run (node_modules/zone.js/fesm2015/zone.js:113:43)
	    at runInTestZone (node_modules/zone.js/fesm2015/zone-testing.js:216:38)
	    at UserContext.<anonymous> (node_modules/zone.js/fesm2015/zone-testing.js:234:32)
	    at <Jasmine>
Chrome 147.0.0.0 (Windows 10): Executed 110 of 550[31m (30 FAILED)[39m (0 secs / 10.125 secs)
[1A[2KChrome 147.0.0.0 (Windows 10): Executed 111 of 550[31m (30 FAILED)[39m (0 secs / 10.161 secs)
[1A[2KChrome 147.0.0.0 (Windows 10): Executed 112 of 550[31m (30 FAILED)[39m (0 secs / 10.197 secs)
[1A[2K[31mChrome 147.0.0.0 (Windows 10) ServiceComponent should open add dialog FAILED[39m
	TypeError: Cannot read properties of undefined (reading 'push')
	    at MatDialog.open (node_modules/@angular/material/fesm2022/dialog.mjs:458:22)
	    at ServiceComponent.addService (src/app/pages/super-admin/service/service.ts:106:35)
	    at UserContext.apply (src/app/pages/super-admin/service/service.spec.ts:54:15)
	    at _ZoneDelegate.invoke (node_modules/zone.js/fesm2015/zone.js:398:28)
	    at ProxyZoneSpec.onInvoke (node_modules/zone.js/fesm2015/zone-testing.js:2132:39)
	    at _ZoneDelegate.invoke (node_modules/zone.js/fesm2015/zone.js:397:34)
	    at ZoneImpl.run (node_modules/zone.js/fesm2015/zone.js:113:43)
	    at runInTestZone (node_modules/zone.js/fesm2015/zone-testing.js:216:38)
	    at UserContext.<anonymous> (node_modules/zone.js/fesm2015/zone-testing.js:234:32)
	    at <Jasmine>
Chrome 147.0.0.0 (Windows 10): Executed 113 of 550[31m (31 FAILED)[39m (0 secs / 10.265 secs)
[1A[2K[31mChrome 147.0.0.0 (Windows 10) ServiceComponent should delete service when confirmed FAILED[39m
	TypeError: Cannot read properties of undefined (reading 'push')
	    at MatDialog.open (node_modules/@angular/material/fesm2022/dialog.mjs:458:22)
	    at ServiceComponent.deleteService (src/app/pages/super-admin/service/service.ts:120:35)
	    at UserContext.apply (src/app/pages/super-admin/service/service.spec.ts:61:15)
	    at _ZoneDelegate.invoke (node_modules/zone.js/fesm2015/zone.js:398:28)
	    at ProxyZoneSpec.onInvoke (node_modules/zone.js/fesm2015/zone-testing.js:2132:39)
	    at _ZoneDelegate.invoke (node_modules/zone.js/fesm2015/zone.js:397:34)
	    at ZoneImpl.run (node_modules/zone.js/fesm2015/zone.js:113:43)
	    at runInTestZone (node_modules/zone.js/fesm2015/zone-testing.js:216:38)
	    at UserContext.<anonymous> (node_modules/zone.js/fesm2015/zone-testing.js:234:32)
	    at <Jasmine>
Chrome 147.0.0.0 (Windows 10): Executed 114 of 550[31m (32 FAILED)[39m (0 secs / 10.311 secs)
[1A[2K[31mChrome 147.0.0.0 (Windows 10) ChangePasswordDialogComponent Form Validation & Submission should submit successfully and close dialog FAILED[39m
	Error: A module with providers was imported from "ChangePasswordDialogComponent". Modules with providers are not supported in standalone components imports.
	    at verifyStandaloneImport (node_modules/@angular/core/fesm2022/_debug_node-chunk.mjs:7278:15)
	    at directives (node_modules/@angular/core/fesm2022/_debug_node-chunk.mjs:17857:9)
	    at createTView (node_modules/@angular/core/fesm2022/_debug_node-chunk.mjs:3819:59)
	    at getOrCreateComponentTView (node_modules/@angular/core/fesm2022/_debug_node-chunk.mjs:3843:24)
	    at createComponentLView (node_modules/@angular/core/fesm2022/_debug_node-chunk.mjs:3873:17)
	    at instantiateAllDirectives (node_modules/@angular/core/fesm2022/_debug_node-chunk.mjs:4972:5)
	    at createDirectivesInstances (node_modules/@angular/core/fesm2022/_debug_node-chunk.mjs:4839:3)
	    at ComponentFactory.create (node_modules/@angular/core/fesm2022/_debug_node-chunk.mjs:8287:9)
	    at apply (node_modules/@angular/core/fesm2022/testing.mjs:1475:45)
	    at _ZoneDelegate.invoke (node_modules/zone.js/fesm2015/zone.js:398:28)
Chrome 147.0.0.0 (Windows 10): Executed 115 of 550[31m (33 FAILED)[39m (0 secs / 10.408 secs)
[1A[2K[31mChrome 147.0.0.0 (Windows 10) ChangePasswordDialogComponent Form Validation & Submission should handle submission error FAILED[39m
	Error: A module with providers was imported from "ChangePasswordDialogComponent". Modules with providers are not supported in standalone components imports.
	    at verifyStandaloneImport (node_modules/@angular/core/fesm2022/_debug_node-chunk.mjs:7278:15)
	    at directives (node_modules/@angular/core/fesm2022/_debug_node-chunk.mjs:17857:9)
	    at createTView (node_modules/@angular/core/fesm2022/_debug_node-chunk.mjs:3819:59)
	    at getOrCreateComponentTView (node_modules/@angular/core/fesm2022/_debug_node-chunk.mjs:3843:24)
	    at createComponentLView (node_modules/@angular/core/fesm2022/_debug_node-chunk.mjs:3873:17)
	    at instantiateAllDirectives (node_modules/@angular/core/fesm2022/_debug_node-chunk.mjs:4972:5)
	    at createDirectivesInstances (node_modules/@angular/core/fesm2022/_debug_node-chunk.mjs:4839:3)
	    at ComponentFactory.create (node_modules/@angular/core/fesm2022/_debug_node-chunk.mjs:8287:9)
	    at apply (node_modules/@angular/core/fesm2022/testing.mjs:1475:45)
	    at _ZoneDelegate.invoke (node_modules/zone.js/fesm2015/zone.js:398:28)
Chrome 147.0.0.0 (Windows 10): Executed 116 of 550[31m (34 FAILED)[39m (0 secs / 10.445 secs)
[1A[2K[31mChrome 147.0.0.0 (Windows 10) ChangePasswordDialogComponent Form Validation & Submission should have valid form when fields are correct FAILED[39m
	Error: A module with providers was imported from "ChangePasswordDialogComponent". Modules with providers are not supported in standalone components imports.
	    at verifyStandaloneImport (node_modules/@angular/core/fesm2022/_debug_node-chunk.mjs:7278:15)
	    at directives (node_modules/@angular/core/fesm2022/_debug_node-chunk.mjs:17857:9)
	    at createTView (node_modules/@angular/core/fesm2022/_debug_node-chunk.mjs:3819:59)
	    at getOrCreateComponentTView (node_modules/@angular/core/fesm2022/_debug_node-chunk.mjs:3843:24)
	    at createComponentLView (node_modules/@angular/core/fesm2022/_debug_node-chunk.mjs:3873:17)
	    at instantiateAllDirectives (node_modules/@angular/core/fesm2022/_debug_node-chunk.mjs:4972:5)
	    at createDirectivesInstances (node_modules/@angular/core/fesm2022/_debug_node-chunk.mjs:4839:3)
	    at ComponentFactory.create (node_modules/@angular/core/fesm2022/_debug_node-chunk.mjs:8287:9)
	    at apply (node_modules/@angular/core/fesm2022/testing.mjs:1475:45)
	    at _ZoneDelegate.invoke (node_modules/zone.js/fesm2015/zone.js:398:28)
Chrome 147.0.0.0 (Windows 10): Executed 117 of 550[31m (35 FAILED)[39m (0 secs / 10.476 secs)
[1A[2K[31mChrome 147.0.0.0 (Windows 10) ChangePasswordDialogComponent Form Validation & Submission should not submit if form is invalid FAILED[39m
	Error: A module with providers was imported from "ChangePasswordDialogComponent". Modules with providers are not supported in standalone components imports.
	    at verifyStandaloneImport (node_modules/@angular/core/fesm2022/_debug_node-chunk.mjs:7278:15)
	    at directives (node_modules/@angular/core/fesm2022/_debug_node-chunk.mjs:17857:9)
	    at createTView (node_modules/@angular/core/fesm2022/_debug_node-chunk.mjs:3819:59)
	    at getOrCreateComponentTView (node_modules/@angular/core/fesm2022/_debug_node-chunk.mjs:3843:24)
	    at createComponentLView (node_modules/@angular/core/fesm2022/_debug_node-chunk.mjs:3873:17)
	    at instantiateAllDirectives (node_modules/@angular/core/fesm2022/_debug_node-chunk.mjs:4972:5)
	    at createDirectivesInstances (node_modules/@angular/core/fesm2022/_debug_node-chunk.mjs:4839:3)
	    at ComponentFactory.create (node_modules/@angular/core/fesm2022/_debug_node-chunk.mjs:8287:9)
	    at apply (node_modules/@angular/core/fesm2022/testing.mjs:1475:45)
	    at _ZoneDelegate.invoke (node_modules/zone.js/fesm2015/zone.js:398:28)
Chrome 147.0.0.0 (Windows 10): Executed 118 of 550[31m (36 FAILED)[39m (0 secs / 10.519 secs)
[1A[2K[31mChrome 147.0.0.0 (Windows 10) ChangePasswordDialogComponent Form Validation & Submission should have invalid form initially FAILED[39m
	Error: A module with providers was imported from "ChangePasswordDialogComponent". Modules with providers are not supported in standalone components imports.
	    at verifyStandaloneImport (node_modules/@angular/core/fesm2022/_debug_node-chunk.mjs:7278:15)
	    at directives (node_modules/@angular/core/fesm2022/_debug_node-chunk.mjs:17857:9)
	    at createTView (node_modules/@angular/core/fesm2022/_debug_node-chunk.mjs:3819:59)
	    at getOrCreateComponentTView (node_modules/@angular/core/fesm2022/_debug_node-chunk.mjs:3843:24)
	    at createComponentLView (node_modules/@angular/core/fesm2022/_debug_node-chunk.mjs:3873:17)
	    at instantiateAllDirectives (node_modules/@angular/core/fesm2022/_debug_node-chunk.mjs:4972:5)
	    at createDirectivesInstances (node_modules/@angular/core/fesm2022/_debug_node-chunk.mjs:4839:3)
	    at ComponentFactory.create (node_modules/@angular/core/fesm2022/_debug_node-chunk.mjs:8287:9)
	    at apply (node_modules/@angular/core/fesm2022/testing.mjs:1475:45)
	    at _ZoneDelegate.invoke (node_modules/zone.js/fesm2015/zone.js:398:28)
Chrome 147.0.0.0 (Windows 10): Executed 119 of 550[31m (37 FAILED)[39m (0 secs / 10.546 secs)
[1A[2K[31mChrome 147.0.0.0 (Windows 10) ChangePasswordDialogComponent Form Validation & Submission should show error if passwords do not match FAILED[39m
	Error: A module with providers was imported from "ChangePasswordDialogComponent". Modules with providers are not supported in standalone components imports.
	    at verifyStandaloneImport (node_modules/@angular/core/fesm2022/_debug_node-chunk.mjs:7278:15)
	    at directives (node_modules/@angular/core/fesm2022/_debug_node-chunk.mjs:17857:9)
	    at createTView (node_modules/@angular/core/fesm2022/_debug_node-chunk.mjs:3819:59)
	    at getOrCreateComponentTView (node_modules/@angular/core/fesm2022/_debug_node-chunk.mjs:3843:24)
	    at createComponentLView (node_modules/@angular/core/fesm2022/_debug_node-chunk.mjs:3873:17)
	    at instantiateAllDirectives (node_modules/@angular/core/fesm2022/_debug_node-chunk.mjs:4972:5)
	    at createDirectivesInstances (node_modules/@angular/core/fesm2022/_debug_node-chunk.mjs:4839:3)
	    at ComponentFactory.create (node_modules/@angular/core/fesm2022/_debug_node-chunk.mjs:8287:9)
	    at apply (node_modules/@angular/core/fesm2022/testing.mjs:1475:45)
	    at _ZoneDelegate.invoke (node_modules/zone.js/fesm2015/zone.js:398:28)
Chrome 147.0.0.0 (Windows 10): Executed 120 of 550[31m (38 FAILED)[39m (0 secs / 10.572 secs)
[1A[2K[31mChrome 147.0.0.0 (Windows 10) ChangePasswordDialogComponent should close dialog when close() is called FAILED[39m
	Error: A module with providers was imported from "ChangePasswordDialogComponent". Modules with providers are not supported in standalone components imports.
	    at verifyStandaloneImport (node_modules/@angular/core/fesm2022/_debug_node-chunk.mjs:7278:15)
	    at directives (node_modules/@angular/core/fesm2022/_debug_node-chunk.mjs:17857:9)
	    at createTView (node_modules/@angular/core/fesm2022/_debug_node-chunk.mjs:3819:59)
	    at getOrCreateComponentTView (node_modules/@angular/core/fesm2022/_debug_node-chunk.mjs:3843:24)
	    at createComponentLView (node_modules/@angular/core/fesm2022/_debug_node-chunk.mjs:3873:17)
	    at instantiateAllDirectives (node_modules/@angular/core/fesm2022/_debug_node-chunk.mjs:4972:5)
	    at createDirectivesInstances (node_modules/@angular/core/fesm2022/_debug_node-chunk.mjs:4839:3)
	    at ComponentFactory.create (node_modules/@angular/core/fesm2022/_debug_node-chunk.mjs:8287:9)
	    at apply (node_modules/@angular/core/fesm2022/testing.mjs:1475:45)
	    at _ZoneDelegate.invoke (node_modules/zone.js/fesm2015/zone.js:398:28)
Chrome 147.0.0.0 (Windows 10): Executed 121 of 550[31m (39 FAILED)[39m (0 secs / 10.608 secs)
[1A[2K[31mChrome 147.0.0.0 (Windows 10) ChangePasswordDialogComponent should create and automatically send verification code on init FAILED[39m
	Error: A module with providers was imported from "ChangePasswordDialogComponent". Modules with providers are not supported in standalone components imports.
	    at verifyStandaloneImport (node_modules/@angular/core/fesm2022/_debug_node-chunk.mjs:7278:15)
	    at directives (node_modules/@angular/core/fesm2022/_debug_node-chunk.mjs:17857:9)
	    at createTView (node_modules/@angular/core/fesm2022/_debug_node-chunk.mjs:3819:59)
	    at getOrCreateComponentTView (node_modules/@angular/core/fesm2022/_debug_node-chunk.mjs:3843:24)
	    at createComponentLView (node_modules/@angular/core/fesm2022/_debug_node-chunk.mjs:3873:17)
	    at instantiateAllDirectives (node_modules/@angular/core/fesm2022/_debug_node-chunk.mjs:4972:5)
	    at createDirectivesInstances (node_modules/@angular/core/fesm2022/_debug_node-chunk.mjs:4839:3)
	    at ComponentFactory.create (node_modules/@angular/core/fesm2022/_debug_node-chunk.mjs:8287:9)
	    at apply (node_modules/@angular/core/fesm2022/testing.mjs:1475:45)
	    at _ZoneDelegate.invoke (node_modules/zone.js/fesm2015/zone.js:398:28)
Chrome 147.0.0.0 (Windows 10): Executed 122 of 550[31m (40 FAILED)[39m (0 secs / 10.642 secs)
[1A[2K[31mChrome 147.0.0.0 (Windows 10) ChangePasswordDialogComponent should handle error when sending verification code FAILED[39m
	Error: A module with providers was imported from "ChangePasswordDialogComponent". Modules with providers are not supported in standalone components imports.
	    at verifyStandaloneImport (node_modules/@angular/core/fesm2022/_debug_node-chunk.mjs:7278:15)
	    at directives (node_modules/@angular/core/fesm2022/_debug_node-chunk.mjs:17857:9)
	    at createTView (node_modules/@angular/core/fesm2022/_debug_node-chunk.mjs:3819:59)
	    at getOrCreateComponentTView (node_modules/@angular/core/fesm2022/_debug_node-chunk.mjs:3843:24)
	    at createComponentLView (node_modules/@angular/core/fesm2022/_debug_node-chunk.mjs:3873:17)
	    at instantiateAllDirectives (node_modules/@angular/core/fesm2022/_debug_node-chunk.mjs:4972:5)
	    at createDirectivesInstances (node_modules/@angular/core/fesm2022/_debug_node-chunk.mjs:4839:3)
	    at ComponentFactory.create (node_modules/@angular/core/fesm2022/_debug_node-chunk.mjs:8287:9)
	    at apply (node_modules/@angular/core/fesm2022/testing.mjs:1475:45)
	    at _ZoneDelegate.invoke (node_modules/zone.js/fesm2015/zone.js:398:28)
Chrome 147.0.0.0 (Windows 10): Executed 123 of 550[31m (41 FAILED)[39m (0 secs / 10.674 secs)
[1A[2KChrome 147.0.0.0 (Windows 10): Executed 124 of 550[31m (41 FAILED)[39m (0 secs / 10.729 secs)
[1A[2KChrome 147.0.0.0 (Windows 10): Executed 125 of 550[31m (41 FAILED)[39m (0 secs / 10.765 secs)
[1A[2KChrome 147.0.0.0 (Windows 10): Executed 126 of 550[31m (41 FAILED)[39m (0 secs / 10.813 secs)
[1A[2KChrome 147.0.0.0 (Windows 10): Executed 127 of 550[31m (41 FAILED)[39m (0 secs / 10.87 secs)
[1A[2K[31mChrome 147.0.0.0 (Windows 10) RoleComponent should open RoleViewDialog with role data FAILED[39m
	TypeError: Cannot read properties of undefined (reading 'push')
	    at MatDialog.open (node_modules/@angular/material/fesm2022/dialog.mjs:458:22)
	    at RoleComponent.viewRole (src/app/pages/super-admin/role/role.ts:114:17)
	    at UserContext.apply (src/app/pages/super-admin/role/role.spec.ts:106:15)
	    at _ZoneDelegate.invoke (node_modules/zone.js/fesm2015/zone.js:398:28)
	    at ProxyZoneSpec.onInvoke (node_modules/zone.js/fesm2015/zone-testing.js:2132:39)
	    at _ZoneDelegate.invoke (node_modules/zone.js/fesm2015/zone.js:397:34)
	    at ZoneImpl.run (node_modules/zone.js/fesm2015/zone.js:113:43)
	    at runInTestZone (node_modules/zone.js/fesm2015/zone-testing.js:216:38)
	    at UserContext.<anonymous> (node_modules/zone.js/fesm2015/zone-testing.js:234:32)
	    at <Jasmine>
Chrome 147.0.0.0 (Windows 10): Executed 128 of 550[31m (42 FAILED)[39m (0 secs / 10.927 secs)
[1A[2KChrome 147.0.0.0 (Windows 10): Executed 129 of 550[31m (42 FAILED)[39m (0 secs / 10.971 secs)
[1A[2K[31mChrome 147.0.0.0 (Windows 10) RoleComponent should call archiveRole when confirmed FAILED[39m
	TypeError: Cannot read properties of undefined (reading 'push')
	    at MatDialog.open (node_modules/@angular/material/fesm2022/dialog.mjs:458:22)
	    at RoleComponent.archiveRole (src/app/pages/super-admin/role/role.ts:118:35)
	    at UserContext.apply (src/app/pages/super-admin/role/role.spec.ts:116:15)
	    at UserContext.apply (node_modules/zone.js/fesm2015/zone-testing.js:1715:26)
	    at _ZoneDelegate.invoke (node_modules/zone.js/fesm2015/zone.js:398:28)
	    at ProxyZoneSpec.onInvoke (node_modules/zone.js/fesm2015/zone-testing.js:2132:39)
	    at _ZoneDelegate.invoke (node_modules/zone.js/fesm2015/zone.js:397:34)
	    at ZoneImpl.run (node_modules/zone.js/fesm2015/zone.js:113:43)
	    at runInTestZone (node_modules/zone.js/fesm2015/zone-testing.js:216:38)
	    at UserContext.<anonymous> (node_modules/zone.js/fesm2015/zone-testing.js:234:32)
Chrome 147.0.0.0 (Windows 10): Executed 130 of 550[31m (43 FAILED)[39m (0 secs / 11.024 secs)
[1A[2K[31mChrome 147.0.0.0 (Windows 10) RoleComponent should do nothing if add dialog is cancelled FAILED[39m
	TypeError: Cannot read properties of undefined (reading 'push')
	    at MatDialog.open (node_modules/@angular/material/fesm2022/dialog.mjs:458:22)
	    at RoleComponent.openAddDialog (src/app/pages/super-admin/role/role.ts:134:35)
	    at UserContext.apply (src/app/pages/super-admin/role/role.spec.ts:150:15)
	    at UserContext.apply (node_modules/zone.js/fesm2015/zone-testing.js:1715:26)
	    at _ZoneDelegate.invoke (node_modules/zone.js/fesm2015/zone.js:398:28)
	    at ProxyZoneSpec.onInvoke (node_modules/zone.js/fesm2015/zone-testing.js:2132:39)
	    at _ZoneDelegate.invoke (node_modules/zone.js/fesm2015/zone.js:397:34)
	    at ZoneImpl.run (node_modules/zone.js/fesm2015/zone.js:113:43)
	    at runInTestZone (node_modules/zone.js/fesm2015/zone-testing.js:216:38)
	    at UserContext.<anonymous> (node_modules/zone.js/fesm2015/zone-testing.js:234:32)
Chrome 147.0.0.0 (Windows 10): Executed 131 of 550[31m (44 FAILED)[39m (0 secs / 11.083 secs)
[1A[2K[31mChrome 147.0.0.0 (Windows 10) RoleComponent should update role and refresh data on success FAILED[39m
	TypeError: Cannot read properties of undefined (reading 'push')
	    at MatDialog.open (node_modules/@angular/material/fesm2022/dialog.mjs:458:22)
	    at RoleComponent.openEditDialog (src/app/pages/super-admin/role/role.ts:146:35)
	    at UserContext.apply (src/app/pages/super-admin/role/role.spec.ts:161:15)
	    at UserContext.apply (node_modules/zone.js/fesm2015/zone-testing.js:1715:26)
	    at _ZoneDelegate.invoke (node_modules/zone.js/fesm2015/zone.js:398:28)
	    at ProxyZoneSpec.onInvoke (node_modules/zone.js/fesm2015/zone-testing.js:2132:39)
	    at _ZoneDelegate.invoke (node_modules/zone.js/fesm2015/zone.js:397:34)
	    at ZoneImpl.run (node_modules/zone.js/fesm2015/zone.js:113:43)
	    at runInTestZone (node_modules/zone.js/fesm2015/zone-testing.js:216:38)
	    at UserContext.<anonymous> (node_modules/zone.js/fesm2015/zone-testing.js:234:32)
Chrome 147.0.0.0 (Windows 10): Executed 132 of 550[31m (45 FAILED)[39m (0 secs / 11.127 secs)
[1A[2KChrome 147.0.0.0 (Windows 10): Executed 133 of 550[31m (45 FAILED)[39m (0 secs / 11.164 secs)
[1A[2K[31mChrome 147.0.0.0 (Windows 10) RoleComponent should create role and refresh data on success FAILED[39m
	TypeError: Cannot read properties of undefined (reading 'push')
	    at MatDialog.open (node_modules/@angular/material/fesm2022/dialog.mjs:458:22)
	    at RoleComponent.openAddDialog (src/app/pages/super-admin/role/role.ts:134:35)
	    at UserContext.apply (src/app/pages/super-admin/role/role.spec.ts:142:15)
	    at UserContext.apply (node_modules/zone.js/fesm2015/zone-testing.js:1715:26)
	    at _ZoneDelegate.invoke (node_modules/zone.js/fesm2015/zone.js:398:28)
	    at ProxyZoneSpec.onInvoke (node_modules/zone.js/fesm2015/zone-testing.js:2132:39)
	    at _ZoneDelegate.invoke (node_modules/zone.js/fesm2015/zone.js:397:34)
	    at ZoneImpl.run (node_modules/zone.js/fesm2015/zone.js:113:43)
	    at runInTestZone (node_modules/zone.js/fesm2015/zone-testing.js:216:38)
	    at UserContext.<anonymous> (node_modules/zone.js/fesm2015/zone-testing.js:234:32)
Chrome 147.0.0.0 (Windows 10): Executed 134 of 550[31m (46 FAILED)[39m (0 secs / 11.219 secs)
[1A[2K[31mChrome 147.0.0.0 (Windows 10) RoleComponent should NOT call archiveRole when cancelled FAILED[39m
	TypeError: Cannot read properties of undefined (reading 'push')
	    at MatDialog.open (node_modules/@angular/material/fesm2022/dialog.mjs:458:22)
	    at RoleComponent.archiveRole (src/app/pages/super-admin/role/role.ts:118:35)
	    at UserContext.apply (src/app/pages/super-admin/role/role.spec.ts:124:15)
	    at UserContext.apply (node_modules/zone.js/fesm2015/zone-testing.js:1715:26)
	    at _ZoneDelegate.invoke (node_modules/zone.js/fesm2015/zone.js:398:28)
	    at ProxyZoneSpec.onInvoke (node_modules/zone.js/fesm2015/zone-testing.js:2132:39)
	    at _ZoneDelegate.invoke (node_modules/zone.js/fesm2015/zone.js:397:34)
	    at ZoneImpl.run (node_modules/zone.js/fesm2015/zone.js:113:43)
	    at runInTestZone (node_modules/zone.js/fesm2015/zone-testing.js:216:38)
	    at UserContext.<anonymous> (node_modules/zone.js/fesm2015/zone-testing.js:234:32)
Chrome 147.0.0.0 (Windows 10): Executed 135 of 550[31m (47 FAILED)[39m (0 secs / 11.27 secs)
[1A[2K[31mChrome 147.0.0.0 (Windows 10) RoleComponent should handle archive error FAILED[39m
	TypeError: Cannot read properties of undefined (reading 'push')
	    at MatDialog.open (node_modules/@angular/material/fesm2022/dialog.mjs:458:22)
	    at RoleComponent.archiveRole (src/app/pages/super-admin/role/role.ts:118:35)
	    at UserContext.apply (src/app/pages/super-admin/role/role.spec.ts:133:15)
	    at UserContext.apply (node_modules/zone.js/fesm2015/zone-testing.js:1715:26)
	    at _ZoneDelegate.invoke (node_modules/zone.js/fesm2015/zone.js:398:28)
	    at ProxyZoneSpec.onInvoke (node_modules/zone.js/fesm2015/zone-testing.js:2132:39)
	    at _ZoneDelegate.invoke (node_modules/zone.js/fesm2015/zone.js:397:34)
	    at ZoneImpl.run (node_modules/zone.js/fesm2015/zone.js:113:43)
	    at runInTestZone (node_modules/zone.js/fesm2015/zone-testing.js:216:38)
	    at UserContext.<anonymous> (node_modules/zone.js/fesm2015/zone-testing.js:234:32)
Chrome 147.0.0.0 (Windows 10): Executed 136 of 550[31m (48 FAILED)[39m (0 secs / 11.316 secs)
[1A[2KChrome 147.0.0.0 (Windows 10): Executed 137 of 550[31m (48 FAILED)[39m (0 secs / 11.317 secs)
[1A[2KChrome 147.0.0.0 (Windows 10): Executed 138 of 550[31m (48 FAILED)[39m (0 secs / 11.332 secs)
[1A[2K[31mChrome 147.0.0.0 (Windows 10) EditProfileDialogComponent should handle file selection FAILED[39m
	Error: A module with providers was imported from "EditProfileDialogComponent". Modules with providers are not supported in standalone components imports.
	    at verifyStandaloneImport (node_modules/@angular/core/fesm2022/_debug_node-chunk.mjs:7278:15)
	    at directives (node_modules/@angular/core/fesm2022/_debug_node-chunk.mjs:17857:9)
	    at createTView (node_modules/@angular/core/fesm2022/_debug_node-chunk.mjs:3819:59)
	    at getOrCreateComponentTView (node_modules/@angular/core/fesm2022/_debug_node-chunk.mjs:3843:24)
	    at createComponentLView (node_modules/@angular/core/fesm2022/_debug_node-chunk.mjs:3873:17)
	    at instantiateAllDirectives (node_modules/@angular/core/fesm2022/_debug_node-chunk.mjs:4972:5)
	    at createDirectivesInstances (node_modules/@angular/core/fesm2022/_debug_node-chunk.mjs:4839:3)
	    at ComponentFactory.create (node_modules/@angular/core/fesm2022/_debug_node-chunk.mjs:8287:9)
	    at apply (node_modules/@angular/core/fesm2022/testing.mjs:1475:45)
	    at _ZoneDelegate.invoke (node_modules/zone.js/fesm2015/zone.js:398:28)
Chrome 147.0.0.0 (Windows 10): Executed 139 of 550[31m (49 FAILED)[39m (0 secs / 11.351 secs)
[1A[2K[31mChrome 147.0.0.0 (Windows 10) EditProfileDialogComponent should not submit if form is invalid FAILED[39m
	Error: A module with providers was imported from "EditProfileDialogComponent". Modules with providers are not supported in standalone components imports.
	    at verifyStandaloneImport (node_modules/@angular/core/fesm2022/_debug_node-chunk.mjs:7278:15)
	    at directives (node_modules/@angular/core/fesm2022/_debug_node-chunk.mjs:17857:9)
	    at createTView (node_modules/@angular/core/fesm2022/_debug_node-chunk.mjs:3819:59)
	    at getOrCreateComponentTView (node_modules/@angular/core/fesm2022/_debug_node-chunk.mjs:3843:24)
	    at createComponentLView (node_modules/@angular/core/fesm2022/_debug_node-chunk.mjs:3873:17)
	    at instantiateAllDirectives (node_modules/@angular/core/fesm2022/_debug_node-chunk.mjs:4972:5)
	    at createDirectivesInstances (node_modules/@angular/core/fesm2022/_debug_node-chunk.mjs:4839:3)
	    at ComponentFactory.create (node_modules/@angular/core/fesm2022/_debug_node-chunk.mjs:8287:9)
	    at apply (node_modules/@angular/core/fesm2022/testing.mjs:1475:45)
	    at _ZoneDelegate.invoke (node_modules/zone.js/fesm2015/zone.js:398:28)
Chrome 147.0.0.0 (Windows 10): Executed 140 of 550[31m (50 FAILED)[39m (0 secs / 11.357 secs)
[1A[2K[31mChrome 147.0.0.0 (Windows 10) EditProfileDialogComponent should handle missing user data safely FAILED[39m
	Error: A module with providers was imported from "EditProfileDialogComponent". Modules with providers are not supported in standalone components imports.
	    at verifyStandaloneImport (node_modules/@angular/core/fesm2022/_debug_node-chunk.mjs:7278:15)
	    at directives (node_modules/@angular/core/fesm2022/_debug_node-chunk.mjs:17857:9)
	    at createTView (node_modules/@angular/core/fesm2022/_debug_node-chunk.mjs:3819:59)
	    at getOrCreateComponentTView (node_modules/@angular/core/fesm2022/_debug_node-chunk.mjs:3843:24)
	    at createComponentLView (node_modules/@angular/core/fesm2022/_debug_node-chunk.mjs:3873:17)
	    at instantiateAllDirectives (node_modules/@angular/core/fesm2022/_debug_node-chunk.mjs:4972:5)
	    at createDirectivesInstances (node_modules/@angular/core/fesm2022/_debug_node-chunk.mjs:4839:3)
	    at ComponentFactory.create (node_modules/@angular/core/fesm2022/_debug_node-chunk.mjs:8287:9)
	    at apply (node_modules/@angular/core/fesm2022/testing.mjs:1475:45)
	    at _ZoneDelegate.invoke (node_modules/zone.js/fesm2015/zone.js:398:28)
Chrome 147.0.0.0 (Windows 10): Executed 141 of 550[31m (51 FAILED)[39m (0 secs / 11.363 secs)
[1A[2K[31mChrome 147.0.0.0 (Windows 10) EditProfileDialogComponent should create and initialize form with injected data FAILED[39m
	Error: A module with providers was imported from "EditProfileDialogComponent". Modules with providers are not supported in standalone components imports.
	    at verifyStandaloneImport (node_modules/@angular/core/fesm2022/_debug_node-chunk.mjs:7278:15)
	    at directives (node_modules/@angular/core/fesm2022/_debug_node-chunk.mjs:17857:9)
	    at createTView (node_modules/@angular/core/fesm2022/_debug_node-chunk.mjs:3819:59)
	    at getOrCreateComponentTView (node_modules/@angular/core/fesm2022/_debug_node-chunk.mjs:3843:24)
	    at createComponentLView (node_modules/@angular/core/fesm2022/_debug_node-chunk.mjs:3873:17)
	    at instantiateAllDirectives (node_modules/@angular/core/fesm2022/_debug_node-chunk.mjs:4972:5)
	    at createDirectivesInstances (node_modules/@angular/core/fesm2022/_debug_node-chunk.mjs:4839:3)
	    at ComponentFactory.create (node_modules/@angular/core/fesm2022/_debug_node-chunk.mjs:8287:9)
	    at apply (node_modules/@angular/core/fesm2022/testing.mjs:1475:45)
	    at _ZoneDelegate.invoke (node_modules/zone.js/fesm2015/zone.js:398:28)
Chrome 147.0.0.0 (Windows 10): Executed 142 of 550[31m (52 FAILED)[39m (0 secs / 11.368 secs)
[1A[2K[31mChrome 147.0.0.0 (Windows 10) EditProfileDialogComponent should close dialog when close() is called FAILED[39m
	Error: A module with providers was imported from "EditProfileDialogComponent". Modules with providers are not supported in standalone components imports.
	    at verifyStandaloneImport (node_modules/@angular/core/fesm2022/_debug_node-chunk.mjs:7278:15)
	    at directives (node_modules/@angular/core/fesm2022/_debug_node-chunk.mjs:17857:9)
	    at createTView (node_modules/@angular/core/fesm2022/_debug_node-chunk.mjs:3819:59)
	    at getOrCreateComponentTView (node_modules/@angular/core/fesm2022/_debug_node-chunk.mjs:3843:24)
	    at createComponentLView (node_modules/@angular/core/fesm2022/_debug_node-chunk.mjs:3873:17)
	    at instantiateAllDirectives (node_modules/@angular/core/fesm2022/_debug_node-chunk.mjs:4972:5)
	    at createDirectivesInstances (node_modules/@angular/core/fesm2022/_debug_node-chunk.mjs:4839:3)
	    at ComponentFactory.create (node_modules/@angular/core/fesm2022/_debug_node-chunk.mjs:8287:9)
	    at apply (node_modules/@angular/core/fesm2022/testing.mjs:1475:45)
	    at _ZoneDelegate.invoke (node_modules/zone.js/fesm2015/zone.js:398:28)
Chrome 147.0.0.0 (Windows 10): Executed 143 of 550[31m (53 FAILED)[39m (0 secs / 11.374 secs)
[1A[2K[31mChrome 147.0.0.0 (Windows 10) EditProfileDialogComponent should submit successfully without file FAILED[39m
	Error: A module with providers was imported from "EditProfileDialogComponent". Modules with providers are not supported in standalone components imports.
	    at verifyStandaloneImport (node_modules/@angular/core/fesm2022/_debug_node-chunk.mjs:7278:15)
	    at directives (node_modules/@angular/core/fesm2022/_debug_node-chunk.mjs:17857:9)
	    at createTView (node_modules/@angular/core/fesm2022/_debug_node-chunk.mjs:3819:59)
	    at getOrCreateComponentTView (node_modules/@angular/core/fesm2022/_debug_node-chunk.mjs:3843:24)
	    at createComponentLView (node_modules/@angular/core/fesm2022/_debug_node-chunk.mjs:3873:17)
	    at instantiateAllDirectives (node_modules/@angular/core/fesm2022/_debug_node-chunk.mjs:4972:5)
	    at createDirectivesInstances (node_modules/@angular/core/fesm2022/_debug_node-chunk.mjs:4839:3)
	    at ComponentFactory.create (node_modules/@angular/core/fesm2022/_debug_node-chunk.mjs:8287:9)
	    at apply (node_modules/@angular/core/fesm2022/testing.mjs:1475:45)
	    at _ZoneDelegate.invoke (node_modules/zone.js/fesm2015/zone.js:398:28)
Chrome 147.0.0.0 (Windows 10): Executed 144 of 550[31m (54 FAILED)[39m (0 secs / 11.38 secs)
[1A[2K[31mChrome 147.0.0.0 (Windows 10) EditProfileDialogComponent should handle submission error FAILED[39m
	Error: A module with providers was imported from "EditProfileDialogComponent". Modules with providers are not supported in standalone components imports.
	    at verifyStandaloneImport (node_modules/@angular/core/fesm2022/_debug_node-chunk.mjs:7278:15)
	    at directives (node_modules/@angular/core/fesm2022/_debug_node-chunk.mjs:17857:9)
	    at createTView (node_modules/@angular/core/fesm2022/_debug_node-chunk.mjs:3819:59)
	    at getOrCreateComponentTView (node_modules/@angular/core/fesm2022/_debug_node-chunk.mjs:3843:24)
	    at createComponentLView (node_modules/@angular/core/fesm2022/_debug_node-chunk.mjs:3873:17)
	    at instantiateAllDirectives (node_modules/@angular/core/fesm2022/_debug_node-chunk.mjs:4972:5)
	    at createDirectivesInstances (node_modules/@angular/core/fesm2022/_debug_node-chunk.mjs:4839:3)
	    at ComponentFactory.create (node_modules/@angular/core/fesm2022/_debug_node-chunk.mjs:8287:9)
	    at apply (node_modules/@angular/core/fesm2022/testing.mjs:1475:45)
	    at _ZoneDelegate.invoke (node_modules/zone.js/fesm2015/zone.js:398:28)
Chrome 147.0.0.0 (Windows 10): Executed 145 of 550[31m (55 FAILED)[39m (0 secs / 11.385 secs)
[1A[2K[31mChrome 147.0.0.0 (Windows 10) EditProfileDialogComponent should submit successfully with file FAILED[39m
	Error: A module with providers was imported from "EditProfileDialogComponent". Modules with providers are not supported in standalone components imports.
	    at verifyStandaloneImport (node_modules/@angular/core/fesm2022/_debug_node-chunk.mjs:7278:15)
	    at directives (node_modules/@angular/core/fesm2022/_debug_node-chunk.mjs:17857:9)
	    at createTView (node_modules/@angular/core/fesm2022/_debug_node-chunk.mjs:3819:59)
	    at getOrCreateComponentTView (node_modules/@angular/core/fesm2022/_debug_node-chunk.mjs:3843:24)
	    at createComponentLView (node_modules/@angular/core/fesm2022/_debug_node-chunk.mjs:3873:17)
	    at instantiateAllDirectives (node_modules/@angular/core/fesm2022/_debug_node-chunk.mjs:4972:5)
	    at createDirectivesInstances (node_modules/@angular/core/fesm2022/_debug_node-chunk.mjs:4839:3)
	    at ComponentFactory.create (node_modules/@angular/core/fesm2022/_debug_node-chunk.mjs:8287:9)
	    at apply (node_modules/@angular/core/fesm2022/testing.mjs:1475:45)
	    at _ZoneDelegate.invoke (node_modules/zone.js/fesm2015/zone.js:398:28)
Chrome 147.0.0.0 (Windows 10): Executed 146 of 550[31m (56 FAILED)[39m (0 secs / 11.391 secs)
[1A[2KLOG: [36m'­ƒôí Chargement des nurses...'[39m
Chrome 147.0.0.0 (Windows 10): Executed 146 of 550[31m (56 FAILED)[39m (0 secs / 11.391 secs)
LOG: '­ƒôí Chargement des nurses...'
[1A[2KLOG: [36m'Ô£à Donn├®es re├ºues:', [][39m
Chrome 147.0.0.0 (Windows 10): Executed 146 of 550[31m (56 FAILED)[39m (0 secs / 11.391 secs)
LOG: 'Ô£à Donn├®es re├ºues:', []
[1A[2K[31mChrome 147.0.0.0 (Windows 10) NursesComponent should toggle nurse status FAILED[39m
	Expected spy open to have been called.
	    at <Jasmine>
	    at UserContext.apply (src/app/pages/super-admin/nurses/nurses.spec.ts:81:17)
	    at _ZoneDelegate.invoke (node_modules/zone.js/fesm2015/zone.js:398:28)
	    at ProxyZoneSpec.onInvoke (node_modules/zone.js/fesm2015/zone-testing.js:2132:39)
	    at _ZoneDelegate.invoke (node_modules/zone.js/fesm2015/zone.js:397:34)
	Expected spy unknown to have been called with:
	  [ '1' ]
	but it was never called.
	    at <Jasmine>
	    at UserContext.apply (src/app/pages/super-admin/nurses/nurses.spec.ts:82:46)
	    at _ZoneDelegate.invoke (node_modules/zone.js/fesm2015/zone.js:398:28)
	    at ProxyZoneSpec.onInvoke (node_modules/zone.js/fesm2015/zone-testing.js:2132:39)
	    at _ZoneDelegate.invoke (node_modules/zone.js/fesm2015/zone.js:397:34)
Chrome 147.0.0.0 (Windows 10): Executed 147 of 550[31m (57 FAILED)[39m (0 secs / 11.503 secs)
[1A[2KLOG: [36m'­ƒôí Chargement des nurses...'[39m
Chrome 147.0.0.0 (Windows 10): Executed 147 of 550[31m (57 FAILED)[39m (0 secs / 11.503 secs)
LOG: '­ƒôí Chargement des nurses...'
[1A[2KLOG: [36m'Ô£à Donn├®es re├ºues:', [][39m
Chrome 147.0.0.0 (Windows 10): Executed 147 of 550[31m (57 FAILED)[39m (0 secs / 11.503 secs)
LOG: 'Ô£à Donn├®es re├ºues:', []
[1A[2K[31mChrome 147.0.0.0 (Windows 10) NursesComponent should open add nurse dialog FAILED[39m
	Expected spy open to have been called.
	    at <Jasmine>
	    at UserContext.apply (src/app/pages/super-admin/nurses/nurses.spec.ts:66:17)
	    at _ZoneDelegate.invoke (node_modules/zone.js/fesm2015/zone.js:398:28)
	    at ProxyZoneSpec.onInvoke (node_modules/zone.js/fesm2015/zone-testing.js:2132:39)
	    at _ZoneDelegate.invoke (node_modules/zone.js/fesm2015/zone.js:397:34)
Chrome 147.0.0.0 (Windows 10): Executed 148 of 550[31m (58 FAILED)[39m (0 secs / 11.588 secs)
[1A[2KLOG: [36m'­ƒôí Chargement des nurses...'[39m
Chrome 147.0.0.0 (Windows 10): Executed 148 of 550[31m (58 FAILED)[39m (0 secs / 11.588 secs)
LOG: '­ƒôí Chargement des nurses...'
[1A[2KLOG: [36m'Ô£à Donn├®es re├ºues:', [][39m
Chrome 147.0.0.0 (Windows 10): Executed 148 of 550[31m (58 FAILED)[39m (0 secs / 11.588 secs)
LOG: 'Ô£à Donn├®es re├ºues:', []
[1A[2KChrome 147.0.0.0 (Windows 10): Executed 149 of 550[31m (58 FAILED)[39m (0 secs / 11.605 secs)
[1A[2KLOG: [36m'­ƒôí Chargement des nurses...'[39m
Chrome 147.0.0.0 (Windows 10): Executed 149 of 550[31m (58 FAILED)[39m (0 secs / 11.605 secs)
LOG: '­ƒôí Chargement des nurses...'
[1A[2KLOG: [36m'Ô£à Donn├®es re├ºues:', [][39m
Chrome 147.0.0.0 (Windows 10): Executed 149 of 550[31m (58 FAILED)[39m (0 secs / 11.605 secs)
LOG: 'Ô£à Donn├®es re├ºues:', []
[1A[2KChrome 147.0.0.0 (Windows 10): Executed 150 of 550[31m (58 FAILED)[39m (0 secs / 11.619 secs)
[1A[2KLOG: [36m'­ƒôí Chargement des nurses...'[39m
Chrome 147.0.0.0 (Windows 10): Executed 150 of 550[31m (58 FAILED)[39m (0 secs / 11.619 secs)
LOG: '­ƒôí Chargement des nurses...'
[1A[2KLOG: [36m'Ô£à Donn├®es re├ºues:', [][39m
Chrome 147.0.0.0 (Windows 10): Executed 150 of 550[31m (58 FAILED)[39m (0 secs / 11.619 secs)
LOG: 'Ô£à Donn├®es re├ºues:', []
[1A[2KChrome 147.0.0.0 (Windows 10): Executed 151 of 550[31m (58 FAILED)[39m (0 secs / 11.633 secs)
[1A[2KLOG: [36m'­ƒôí Chargement des nurses...'[39m
Chrome 147.0.0.0 (Windows 10): Executed 151 of 550[31m (58 FAILED)[39m (0 secs / 11.633 secs)
LOG: '­ƒôí Chargement des nurses...'
[1A[2KLOG: [36m'Ô£à Donn├®es re├ºues:', [][39m
Chrome 147.0.0.0 (Windows 10): Executed 151 of 550[31m (58 FAILED)[39m (0 secs / 11.633 secs)
LOG: 'Ô£à Donn├®es re├ºues:', []
[1A[2KChrome 147.0.0.0 (Windows 10): Executed 152 of 550[31m (58 FAILED)[39m (0 secs / 11.651 secs)
[1A[2KLOG: [36m'­ƒôí Chargement des nurses...'[39m
Chrome 147.0.0.0 (Windows 10): Executed 152 of 550[31m (58 FAILED)[39m (0 secs / 11.651 secs)
LOG: '­ƒôí Chargement des nurses...'
[1A[2KLOG: [36m'Ô£à Donn├®es re├ºues:', [][39m
Chrome 147.0.0.0 (Windows 10): Executed 152 of 550[31m (58 FAILED)[39m (0 secs / 11.651 secs)
LOG: 'Ô£à Donn├®es re├ºues:', []
[1A[2K[31mChrome 147.0.0.0 (Windows 10) NursesComponent should archive nurse after confirmation FAILED[39m
	Expected spy open to have been called.
	    at <Jasmine>
	    at UserContext.apply (src/app/pages/super-admin/nurses/nurses.spec.ts:73:17)
	    at _ZoneDelegate.invoke (node_modules/zone.js/fesm2015/zone.js:398:28)
	    at ProxyZoneSpec.onInvoke (node_modules/zone.js/fesm2015/zone-testing.js:2132:39)
	    at _ZoneDelegate.invoke (node_modules/zone.js/fesm2015/zone.js:397:34)
	Expected spy unknown to have been called with:
	  [ '1' ]
	but it was never called.
	    at <Jasmine>
	    at UserContext.apply (src/app/pages/super-admin/nurses/nurses.spec.ts:74:43)
	    at _ZoneDelegate.invoke (node_modules/zone.js/fesm2015/zone.js:398:28)
	    at ProxyZoneSpec.onInvoke (node_modules/zone.js/fesm2015/zone-testing.js:2132:39)
	    at _ZoneDelegate.invoke (node_modules/zone.js/fesm2015/zone.js:397:34)
Chrome 147.0.0.0 (Windows 10): Executed 153 of 550[31m (59 FAILED)[39m (0 secs / 11.682 secs)
[1A[2KChrome 147.0.0.0 (Windows 10): Executed 154 of 550[31m (59 FAILED)[39m (0 secs / 11.689 secs)
[1A[2KChrome 147.0.0.0 (Windows 10): Executed 155 of 550[31m (59 FAILED)[39m (0 secs / 11.691 secs)
[1A[2KChrome 147.0.0.0 (Windows 10): Executed 156 of 550[31m (59 FAILED)[39m (0 secs / 11.694 secs)
[1A[2KChrome 147.0.0.0 (Windows 10): Executed 157 of 550[31m (59 FAILED)[39m (0 secs / 11.697 secs)
[1A[2KChrome 147.0.0.0 (Windows 10): Executed 158 of 550[31m (59 FAILED)[39m (0 secs / 11.7 secs)
[1A[2KChrome 147.0.0.0 (Windows 10): Executed 159 of 550[31m (59 FAILED)[39m (0 secs / 11.701 secs)
[1A[2KChrome 147.0.0.0 (Windows 10): Executed 160 of 550[31m (59 FAILED)[39m (0 secs / 11.703 secs)
[1A[2KChrome 147.0.0.0 (Windows 10): Executed 161 of 550[31m (59 FAILED)[39m (0 secs / 11.705 secs)
[1A[2KChrome 147.0.0.0 (Windows 10): Executed 162 of 550[31m (59 FAILED)[39m (0 secs / 11.707 secs)
[1A[2KChrome 147.0.0.0 (Windows 10): Executed 163 of 550[31m (59 FAILED)[39m (0 secs / 11.711 secs)
[1A[2KChrome 147.0.0.0 (Windows 10): Executed 164 of 550[31m (59 FAILED)[39m (0 secs / 11.714 secs)
[1A[2KChrome 147.0.0.0 (Windows 10): Executed 165 of 550[31m (59 FAILED)[39m (0 secs / 11.717 secs)
[1A[2KChrome 147.0.0.0 (Windows 10): Executed 166 of 550[31m (59 FAILED)[39m (0 secs / 11.72 secs)
[1A[2KChrome 147.0.0.0 (Windows 10): Executed 167 of 550[31m (59 FAILED)[39m (0 secs / 11.722 secs)
[1A[2KChrome 147.0.0.0 (Windows 10): Executed 168 of 550[31m (59 FAILED)[39m (0 secs / 11.725 secs)
[1A[2KChrome 147.0.0.0 (Windows 10): Executed 169 of 550[31m (59 FAILED)[39m (0 secs / 11.728 secs)
[1A[2KChrome 147.0.0.0 (Windows 10): Executed 170 of 550[31m (59 FAILED)[39m (0 secs / 11.729 secs)
[1A[2KChrome 147.0.0.0 (Windows 10): Executed 171 of 550[31m (59 FAILED)[39m (0 secs / 11.734 secs)
[1A[2KChrome 147.0.0.0 (Windows 10): Executed 172 of 550[31m (59 FAILED)[39m (0 secs / 11.828 secs)
[1A[2KChrome 147.0.0.0 (Windows 10): Executed 173 of 550[31m (59 FAILED)[39m (0 secs / 11.932 secs)
[1A[2KLOG: [36m'FORM DATA READY'[39m
Chrome 147.0.0.0 (Windows 10): Executed 173 of 550[31m (59 FAILED)[39m (0 secs / 11.932 secs)
LOG: 'FORM DATA READY'
[1A[2KChrome 147.0.0.0 (Windows 10): Executed 174 of 550[31m (59 FAILED)[39m (0 secs / 12.088 secs)
[1A[2KChrome 147.0.0.0 (Windows 10): Executed 175 of 550[31m (59 FAILED)[39m (0 secs / 12.178 secs)
[1A[2K[31mChrome 147.0.0.0 (Windows 10) UserManagementComponent should load users FAILED[39m
	Error: A module with providers was imported from "UserManagementComponent". Modules with providers are not supported in standalone components imports.
	    at verifyStandaloneImport (node_modules/@angular/core/fesm2022/_debug_node-chunk.mjs:7278:15)
	    at directives (node_modules/@angular/core/fesm2022/_debug_node-chunk.mjs:17857:9)
	    at createTView (node_modules/@angular/core/fesm2022/_debug_node-chunk.mjs:3819:59)
	    at getOrCreateComponentTView (node_modules/@angular/core/fesm2022/_debug_node-chunk.mjs:3843:24)
	    at createComponentLView (node_modules/@angular/core/fesm2022/_debug_node-chunk.mjs:3873:17)
	    at instantiateAllDirectives (node_modules/@angular/core/fesm2022/_debug_node-chunk.mjs:4972:5)
	    at createDirectivesInstances (node_modules/@angular/core/fesm2022/_debug_node-chunk.mjs:4839:3)
	    at ComponentFactory.create (node_modules/@angular/core/fesm2022/_debug_node-chunk.mjs:8287:9)
	    at apply (node_modules/@angular/core/fesm2022/testing.mjs:1475:45)
	    at _ZoneDelegate.invoke (node_modules/zone.js/fesm2015/zone.js:398:28)
Chrome 147.0.0.0 (Windows 10): Executed 176 of 550[31m (60 FAILED)[39m (0 secs / 12.223 secs)
[1A[2K[31mChrome 147.0.0.0 (Windows 10) UserManagementComponent should open add dialog FAILED[39m
	Error: A module with providers was imported from "UserManagementComponent". Modules with providers are not supported in standalone components imports.
	    at verifyStandaloneImport (node_modules/@angular/core/fesm2022/_debug_node-chunk.mjs:7278:15)
	    at directives (node_modules/@angular/core/fesm2022/_debug_node-chunk.mjs:17857:9)
	    at createTView (node_modules/@angular/core/fesm2022/_debug_node-chunk.mjs:3819:59)
	    at getOrCreateComponentTView (node_modules/@angular/core/fesm2022/_debug_node-chunk.mjs:3843:24)
	    at createComponentLView (node_modules/@angular/core/fesm2022/_debug_node-chunk.mjs:3873:17)
	    at instantiateAllDirectives (node_modules/@angular/core/fesm2022/_debug_node-chunk.mjs:4972:5)
	    at createDirectivesInstances (node_modules/@angular/core/fesm2022/_debug_node-chunk.mjs:4839:3)
	    at ComponentFactory.create (node_modules/@angular/core/fesm2022/_debug_node-chunk.mjs:8287:9)
	    at apply (node_modules/@angular/core/fesm2022/testing.mjs:1475:45)
	    at _ZoneDelegate.invoke (node_modules/zone.js/fesm2015/zone.js:398:28)
Chrome 147.0.0.0 (Windows 10): Executed 177 of 550[31m (61 FAILED)[39m (0 secs / 12.232 secs)
[1A[2K[31mChrome 147.0.0.0 (Windows 10) UserManagementComponent should change role and reload FAILED[39m
	Error: A module with providers was imported from "UserManagementComponent". Modules with providers are not supported in standalone components imports.
	    at verifyStandaloneImport (node_modules/@angular/core/fesm2022/_debug_node-chunk.mjs:7278:15)
	    at directives (node_modules/@angular/core/fesm2022/_debug_node-chunk.mjs:17857:9)
	    at createTView (node_modules/@angular/core/fesm2022/_debug_node-chunk.mjs:3819:59)
	    at getOrCreateComponentTView (node_modules/@angular/core/fesm2022/_debug_node-chunk.mjs:3843:24)
	    at createComponentLView (node_modules/@angular/core/fesm2022/_debug_node-chunk.mjs:3873:17)
	    at instantiateAllDirectives (node_modules/@angular/core/fesm2022/_debug_node-chunk.mjs:4972:5)
	    at createDirectivesInstances (node_modules/@angular/core/fesm2022/_debug_node-chunk.mjs:4839:3)
	    at ComponentFactory.create (node_modules/@angular/core/fesm2022/_debug_node-chunk.mjs:8287:9)
	    at apply (node_modules/@angular/core/fesm2022/testing.mjs:1475:45)
	    at _ZoneDelegate.invoke (node_modules/zone.js/fesm2015/zone.js:398:28)
Chrome 147.0.0.0 (Windows 10): Executed 178 of 550[31m (62 FAILED)[39m (0 secs / 12.24 secs)
[1A[2KChrome 147.0.0.0 (Windows 10): Executed 179 of 550[31m (62 FAILED)[39m (0 secs / 12.24 secs)
[1A[2KChrome 147.0.0.0 (Windows 10): Executed 180 of 550[31m (62 FAILED)[39m (0 secs / 12.335 secs)
[1A[2KChrome 147.0.0.0 (Windows 10): Executed 181 of 550[31m (62 FAILED)[39m (0 secs / 12.379 secs)
[1A[2KChrome 147.0.0.0 (Windows 10): Executed 182 of 550[31m (62 FAILED)[39m (0 secs / 12.411 secs)
[1A[2K[31mChrome 147.0.0.0 (Windows 10) AuditorsComponent should open AddAuditorDialog on addAuditor and reload on success FAILED[39m
	TypeError: Cannot read properties of undefined (reading 'push')
	    at MatDialog.open (node_modules/@angular/material/fesm2022/dialog.mjs:458:22)
	    at AuditorsComponent.addAuditor (src/app/pages/super-admin/auditors/auditors.ts:149:35)
	    at UserContext.apply (src/app/pages/super-admin/auditors/auditors.spec.ts:78:15)
	    at _ZoneDelegate.invoke (node_modules/zone.js/fesm2015/zone.js:398:28)
	    at ProxyZoneSpec.onInvoke (node_modules/zone.js/fesm2015/zone-testing.js:2132:39)
	    at _ZoneDelegate.invoke (node_modules/zone.js/fesm2015/zone.js:397:34)
	    at ZoneImpl.run (node_modules/zone.js/fesm2015/zone.js:113:43)
	    at runInTestZone (node_modules/zone.js/fesm2015/zone-testing.js:216:38)
	    at UserContext.<anonymous> (node_modules/zone.js/fesm2015/zone-testing.js:234:32)
	    at <Jasmine>
Chrome 147.0.0.0 (Windows 10): Executed 183 of 550[31m (63 FAILED)[39m (0 secs / 12.523 secs)
[1A[2KChrome 147.0.0.0 (Windows 10): Executed 184 of 550[31m (63 FAILED)[39m (0 secs / 12.557 secs)
[1A[2K[31mChrome 147.0.0.0 (Windows 10) AuditorsComponent should edit auditor FAILED[39m
	TypeError: Cannot read properties of undefined (reading 'push')
	    at MatDialog.open (node_modules/@angular/material/fesm2022/dialog.mjs:458:22)
	    at AuditorsComponent.editAuditor (src/app/pages/super-admin/auditors/auditors.ts:162:35)
	    at UserContext.apply (src/app/pages/super-admin/auditors/auditors.spec.ts:103:15)
	    at _ZoneDelegate.invoke (node_modules/zone.js/fesm2015/zone.js:398:28)
	    at ProxyZoneSpec.onInvoke (node_modules/zone.js/fesm2015/zone-testing.js:2132:39)
	    at _ZoneDelegate.invoke (node_modules/zone.js/fesm2015/zone.js:397:34)
	    at ZoneImpl.run (node_modules/zone.js/fesm2015/zone.js:113:43)
	    at runInTestZone (node_modules/zone.js/fesm2015/zone-testing.js:216:38)
	    at UserContext.<anonymous> (node_modules/zone.js/fesm2015/zone-testing.js:234:32)
	    at <Jasmine>
Chrome 147.0.0.0 (Windows 10): Executed 185 of 550[31m (64 FAILED)[39m (0 secs / 12.653 secs)
[1A[2K[31mChrome 147.0.0.0 (Windows 10) AuditorsComponent should toggle status of auditor (with confirmation) FAILED[39m
	TypeError: Cannot read properties of undefined (reading 'push')
	    at MatDialog.open (node_modules/@angular/material/fesm2022/dialog.mjs:458:22)
	    at AuditorsComponent.toggleStatus (src/app/pages/super-admin/auditors/auditors.ts:176:35)
	    at UserContext.apply (src/app/pages/super-admin/auditors/auditors.spec.ts:91:15)
	    at _ZoneDelegate.invoke (node_modules/zone.js/fesm2015/zone.js:398:28)
	    at ProxyZoneSpec.onInvoke (node_modules/zone.js/fesm2015/zone-testing.js:2132:39)
	    at _ZoneDelegate.invoke (node_modules/zone.js/fesm2015/zone.js:397:34)
	    at ZoneImpl.run (node_modules/zone.js/fesm2015/zone.js:113:43)
	    at runInTestZone (node_modules/zone.js/fesm2015/zone-testing.js:216:38)
	    at UserContext.<anonymous> (node_modules/zone.js/fesm2015/zone-testing.js:234:32)
	    at <Jasmine>
Chrome 147.0.0.0 (Windows 10): Executed 186 of 550[31m (65 FAILED)[39m (0 secs / 12.716 secs)
[1A[2KChrome 147.0.0.0 (Windows 10): Executed 187 of 550[31m (65 FAILED)[39m (0 secs / 12.795 secs)
[1A[2KChrome 147.0.0.0 (Windows 10): Executed 188 of 550[31m (65 FAILED)[39m (0 secs / 12.859 secs)
[1A[2KChrome 147.0.0.0 (Windows 10): Executed 189 of 550[31m (65 FAILED)[39m (0 secs / 12.917 secs)
[1A[2KChrome 147.0.0.0 (Windows 10): Executed 190 of 550[31m (65 FAILED)[39m (0 secs / 12.964 secs)
[1A[2KChrome 147.0.0.0 (Windows 10): Executed 191 of 550[31m (65 FAILED)[39m (0 secs / 13.005 secs)
[1A[2KChrome 147.0.0.0 (Windows 10): Executed 192 of 550[31m (65 FAILED)[39m (0 secs / 13.053 secs)
[1A[2KChrome 147.0.0.0 (Windows 10): Executed 193 of 550[31m (65 FAILED)[39m (0 secs / 13.082 secs)
[1A[2KChrome 147.0.0.0 (Windows 10): Executed 194 of 550[31m (65 FAILED)[39m (0 secs / 13.119 secs)
[1A[2KChrome 147.0.0.0 (Windows 10): Executed 195 of 550[31m (65 FAILED)[39m (0 secs / 13.148 secs)
[1A[2KChrome 147.0.0.0 (Windows 10): Executed 196 of 550[31m (65 FAILED)[39m (0 secs / 13.178 secs)
[1A[2KChrome 147.0.0.0 (Windows 10): Executed 197 of 550[31m (65 FAILED)[39m (0 secs / 13.208 secs)
[1A[2KChrome 147.0.0.0 (Windows 10): Executed 198 of 550[31m (65 FAILED)[39m (0 secs / 13.239 secs)
[1A[2KChrome 147.0.0.0 (Windows 10): Executed 199 of 550[31m (65 FAILED)[39m (0 secs / 13.242 secs)
[1A[2KChrome 147.0.0.0 (Windows 10): Executed 200 of 550[31m (65 FAILED)[39m (0 secs / 13.244 secs)
[1A[2KChrome 147.0.0.0 (Windows 10): Executed 201 of 550[31m (65 FAILED)[39m (0 secs / 13.246 secs)
[1A[2KChrome 147.0.0.0 (Windows 10): Executed 202 of 550[31m (65 FAILED)[39m (0 secs / 13.248 secs)
[1A[2KChrome 147.0.0.0 (Windows 10): Executed 203 of 550[31m (65 FAILED)[39m (0 secs / 13.251 secs)
[1A[2KChrome 147.0.0.0 (Windows 10): Executed 204 of 550[31m (65 FAILED)[39m (0 secs / 13.253 secs)
[1A[2KChrome 147.0.0.0 (Windows 10): Executed 205 of 550[31m (65 FAILED)[39m (0 secs / 13.255 secs)
[1A[2KChrome 147.0.0.0 (Windows 10): Executed 206 of 550[31m (65 FAILED)[39m (0 secs / 13.257 secs)
[1A[2KChrome 147.0.0.0 (Windows 10): Executed 207 of 550[31m (65 FAILED)[39m (0 secs / 13.259 secs)
[1A[2KChrome 147.0.0.0 (Windows 10): Executed 208 of 550[31m (65 FAILED)[39m (0 secs / 13.261 secs)
[1A[2KChrome 147.0.0.0 (Windows 10): Executed 209 of 550[31m (65 FAILED)[39m (0 secs / 13.263 secs)
[1A[2KChrome 147.0.0.0 (Windows 10): Executed 210 of 550[31m (65 FAILED)[39m (0 secs / 13.265 secs)
[1A[2KChrome 147.0.0.0 (Windows 10): Executed 211 of 550[31m (65 FAILED)[39m (0 secs / 13.268 secs)
[1A[2KChrome 147.0.0.0 (Windows 10): Executed 212 of 550[31m (65 FAILED)[39m (0 secs / 13.27 secs)
[1A[2KChrome 147.0.0.0 (Windows 10): Executed 213 of 550[31m (65 FAILED)[39m (0 secs / 13.271 secs)
[1A[2KChrome 147.0.0.0 (Windows 10): Executed 214 of 550[31m (65 FAILED)[39m (0 secs / 13.272 secs)
[1A[2KChrome 147.0.0.0 (Windows 10): Executed 215 of 550[31m (65 FAILED)[39m (0 secs / 13.274 secs)
[1A[2KChrome 147.0.0.0 (Windows 10): Executed 216 of 550[31m (65 FAILED)[39m (0 secs / 13.275 secs)
[1A[2KChrome 147.0.0.0 (Windows 10): Executed 217 of 550[31m (65 FAILED)[39m (0 secs / 13.277 secs)
[1A[2KChrome 147.0.0.0 (Windows 10): Executed 218 of 550[31m (65 FAILED)[39m (0 secs / 13.279 secs)
[1A[2KChrome 147.0.0.0 (Windows 10): Executed 219 of 550[31m (65 FAILED)[39m (0 secs / 13.281 secs)
[1A[2KChrome 147.0.0.0 (Windows 10): Executed 220 of 550[31m (65 FAILED)[39m (0 secs / 13.283 secs)
[1A[2KChrome 147.0.0.0 (Windows 10): Executed 221 of 550[31m (65 FAILED)[39m (0 secs / 13.285 secs)
[1A[2KChrome 147.0.0.0 (Windows 10): Executed 222 of 550[31m (65 FAILED)[39m (0 secs / 13.287 secs)
[1A[2KChrome 147.0.0.0 (Windows 10): Executed 223 of 550[31m (65 FAILED)[39m (0 secs / 13.289 secs)
[1A[2KChrome 147.0.0.0 (Windows 10): Executed 224 of 550[31m (65 FAILED)[39m (0 secs / 13.292 secs)
[1A[2KChrome 147.0.0.0 (Windows 10): Executed 225 of 550[31m (65 FAILED)[39m (0 secs / 13.295 secs)
[1A[2KChrome 147.0.0.0 (Windows 10): Executed 226 of 550[31m (65 FAILED)[39m (0 secs / 13.298 secs)
[1A[2KChrome 147.0.0.0 (Windows 10): Executed 227 of 550[31m (65 FAILED)[39m (0 secs / 13.3 secs)
[1A[2KChrome 147.0.0.0 (Windows 10): Executed 228 of 550[31m (65 FAILED)[39m (0 secs / 13.303 secs)
[1A[2KChrome 147.0.0.0 (Windows 10): Executed 229 of 550[31m (65 FAILED)[39m (0 secs / 13.319 secs)
[1A[2KChrome 147.0.0.0 (Windows 10): Executed 230 of 550[31m (65 FAILED)[39m (0 secs / 13.324 secs)
[1A[2KChrome 147.0.0.0 (Windows 10): Executed 231 of 550[31m (65 FAILED)[39m (0 secs / 13.33 secs)
[1A[2KChrome 147.0.0.0 (Windows 10): Executed 232 of 550[31m (65 FAILED)[39m (0 secs / 13.335 secs)
[1A[2KChrome 147.0.0.0 (Windows 10): Executed 233 of 550[31m (65 FAILED)[39m (0 secs / 13.339 secs)
[1A[2KChrome 147.0.0.0 (Windows 10): Executed 234 of 550[31m (65 FAILED)[39m (0 secs / 13.343 secs)
[1A[2KChrome 147.0.0.0 (Windows 10): Executed 235 of 550[31m (65 FAILED)[39m (0 secs / 13.347 secs)
[1A[2KWARN: [36m'Could not save zoom level to localStorage', Error: Storage error
Error: Storage error
    at Storage.setItem (http://localhost:9877/_karma_webpack_/webpack:/src/app/services/zoom.service.spec.ts:268:15)
    at ZoomService.saveZoomLevel (http://localhost:9877/_karma_webpack_/webpack:/src/app/services/zoom.service.ts:151:20)
    at ZoomService.setZoom (http://localhost:9877/_karma_webpack_/webpack:/src/app/services/zoom.service.ts:49:10)
    at http://localhost:9877/_karma_webpack_/webpack:/src/app/services/zoom.service.spec.ts:271:28
    at compare (http://localhost:9877/base/node_modules/karma-jasmine/node_modules/jasmine-core/lib/jasmine-core/jasmine.js?86d98e11f43f2c8cfac9fb4806ed6c0aced74cbe:6632:11)
    at defaultNegativeCompare (http://localhost:9877/base/node_modules/karma-jasmine/node_modules/jasmine-core/lib/jasmine-core/jasmine.js?86d98e11f43f2c8cfac9fb4806ed6c0aced74cbe:3769:39)
    at Expector.compare (http://localhost:9877/base/node_modules/karma-jasmine/node_modules/jasmine-core/lib/jasmine-core/jasmine.js?86d98e11f43f2c8cfac9fb4806ed6c0aced74cbe:3955:27)
    at Expectation.toThrow (http://localhost:9877/base/node_modules/karma-jasmine/node_modules/jasmine-core/lib/jasmine-core/jasmine.js?86d98e11f43f2c8cfac9fb4806ed6c0aced74cbe:3714:36)
    at UserContext.apply (http://localhost:9877/_karma_webpack_/webpack:/src/app/services/zoom.service.spec.ts:271:46)
    at _ZoneDelegate.invoke (http://localhost:9877/_karma_webpack_/webpack:/node_modules/zone.js/fesm2015/zone.js:398:28)[39m
Chrome 147.0.0.0 (Windows 10): Executed 235 of 550[31m (65 FAILED)[39m (0 secs / 13.347 secs)
WARN: 'Could not save zoom level to localStorage', Error: Storage error
Error: Storage error
    at Storage.setItem (http://localhost:9877/_karma_webpack_/webpack:/src/app/services/zoom.service.spec.ts:268:15)
    at ZoomService.saveZoomLevel (http://localhost:9877/_karma_webpack_/webpack:/src/app/services/zoom.service.ts:151:20)
    at ZoomService.setZoom (http://localhost:9877/_karma_webpack_/webpack:/src/app/services/zoom.service.ts:49:10)
    at http://localhost:9877/_karma_webpack_/webpack:/src/app/services/zoom.service.spec.ts:271:28
    at compare (http://localhost:9877/base/node_modules/karma-jasmine/node_modules/jasmine-core/lib/jasmine-core/jasmine.js?86d98e11f43f2c8cfac9fb4806ed6c0aced74cbe:6632:11)
    at defaultNegativeCompare (http://localhost:9877/base/node_modules/karma-jasmine/node_modules/jasmine-core/lib/jasmine-core/jasmine.js?86d98e11f43f2c8cfac9fb4806ed6c0aced74cbe:3769:39)
    at Expector.compare (http://localhost:9877/base/node_modules/karma-jasmine/node_modules/jasmine-core/lib/jasmine-core/jasmine.js?86d98e11f43f2c8cfac9fb4806ed6c0aced74cbe:3955:27)
    at Expectation.toThrow (http://localhost:9877/base/node_modules/karma-jasmine/node_modules/jasmine-core/lib/jasmine-core/jasmine.js?86d98e11f43f2c8cfac9fb4806ed6c0aced74cbe:3714:36)
    at UserContext.apply (http://localhost:9877/_karma_webpack_/webpack:/src/app/services/zoom.service.spec.ts:271:46)
    at _ZoneDelegate.invoke (http://localhost:9877/_karma_webpack_/webpack:/node_modules/zone.js/fesm2015/zone.js:398:28)
[1A[2KChrome 147.0.0.0 (Windows 10): Executed 236 of 550[31m (65 FAILED)[39m (0 secs / 13.354 secs)
[1A[2KChrome 147.0.0.0 (Windows 10): Executed 237 of 550[31m (65 FAILED)[39m (0 secs / 13.357 secs)
[1A[2KChrome 147.0.0.0 (Windows 10): Executed 238 of 550[31m (65 FAILED)[39m (0 secs / 13.361 secs)
[1A[2KChrome 147.0.0.0 (Windows 10): Executed 239 of 550[31m (65 FAILED)[39m (0 secs / 13.367 secs)
[1A[2K[31mChrome 147.0.0.0 (Windows 10) PatientVideoCallDialogComponent should create FAILED[39m
	Error: A module with providers was imported from "PatientVideoCallDialogComponent". Modules with providers are not supported in standalone components imports.
	    at verifyStandaloneImport (node_modules/@angular/core/fesm2022/_debug_node-chunk.mjs:7278:15)
	    at directives (node_modules/@angular/core/fesm2022/_debug_node-chunk.mjs:17857:9)
	    at createTView (node_modules/@angular/core/fesm2022/_debug_node-chunk.mjs:3819:59)
	    at getOrCreateComponentTView (node_modules/@angular/core/fesm2022/_debug_node-chunk.mjs:3843:24)
	    at createComponentLView (node_modules/@angular/core/fesm2022/_debug_node-chunk.mjs:3873:17)
	    at instantiateAllDirectives (node_modules/@angular/core/fesm2022/_debug_node-chunk.mjs:4972:5)
	    at createDirectivesInstances (node_modules/@angular/core/fesm2022/_debug_node-chunk.mjs:4839:3)
	    at ComponentFactory.create (node_modules/@angular/core/fesm2022/_debug_node-chunk.mjs:8287:9)
	    at apply (node_modules/@angular/core/fesm2022/testing.mjs:1475:45)
	    at _ZoneDelegate.invoke (node_modules/zone.js/fesm2015/zone.js:398:28)
Chrome 147.0.0.0 (Windows 10): Executed 240 of 550[31m (66 FAILED)[39m (0 secs / 13.385 secs)
[1A[2KChrome 147.0.0.0 (Windows 10): Executed 241 of 550[31m (66 FAILED)[39m (0 secs / 13.413 secs)
[1A[2KChrome 147.0.0.0 (Windows 10): Executed 242 of 550[31m (66 FAILED)[39m (0 secs / 13.415 secs)
[1A[2K[31mChrome 147.0.0.0 (Windows 10) AppComponent should have as title 'MediFollow' FAILED[39m
	Error: A module with providers was imported from "ZoomControlComponent". Modules with providers are not supported in standalone components imports.
	    at verifyStandaloneImport (node_modules/@angular/core/fesm2022/_debug_node-chunk.mjs:7278:15)
	    at directives (node_modules/@angular/core/fesm2022/_debug_node-chunk.mjs:17857:9)
	    at createTView (node_modules/@angular/core/fesm2022/_debug_node-chunk.mjs:3819:59)
	    at getOrCreateComponentTView (node_modules/@angular/core/fesm2022/_debug_node-chunk.mjs:3843:24)
	    at createComponentLView (node_modules/@angular/core/fesm2022/_debug_node-chunk.mjs:3873:17)
	    at instantiateAllDirectives (node_modules/@angular/core/fesm2022/_debug_node-chunk.mjs:4972:5)
	    at createDirectivesInstances (node_modules/@angular/core/fesm2022/_debug_node-chunk.mjs:4839:3)
	    at ╔Á╔ÁelementStart (node_modules/@angular/core/fesm2022/_debug_node-chunk.mjs:14285:5)
	    at ╔Á╔Áelement (node_modules/@angular/core/fesm2022/_debug_node-chunk.mjs:14318:3)
	    at AppComponent_Template (ng:///AppComponent.js:5:55)
Chrome 147.0.0.0 (Windows 10): Executed 243 of 550[31m (67 FAILED)[39m (0 secs / 13.44 secs)
[1A[2K[31mChrome 147.0.0.0 (Windows 10) AppComponent should create the app FAILED[39m
	Error: A module with providers was imported from "ZoomControlComponent". Modules with providers are not supported in standalone components imports.
	    at verifyStandaloneImport (node_modules/@angular/core/fesm2022/_debug_node-chunk.mjs:7278:15)
	    at directives (node_modules/@angular/core/fesm2022/_debug_node-chunk.mjs:17857:9)
	    at createTView (node_modules/@angular/core/fesm2022/_debug_node-chunk.mjs:3819:59)
	    at getOrCreateComponentTView (node_modules/@angular/core/fesm2022/_debug_node-chunk.mjs:3843:24)
	    at createComponentLView (node_modules/@angular/core/fesm2022/_debug_node-chunk.mjs:3873:17)
	    at instantiateAllDirectives (node_modules/@angular/core/fesm2022/_debug_node-chunk.mjs:4972:5)
	    at createDirectivesInstances (node_modules/@angular/core/fesm2022/_debug_node-chunk.mjs:4839:3)
	    at ╔Á╔ÁelementStart (node_modules/@angular/core/fesm2022/_debug_node-chunk.mjs:14285:5)
	    at ╔Á╔Áelement (node_modules/@angular/core/fesm2022/_debug_node-chunk.mjs:14318:3)
	    at AppComponent_Template (ng:///AppComponent.js:5:55)
Chrome 147.0.0.0 (Windows 10): Executed 244 of 550[31m (68 FAILED)[39m (0 secs / 13.448 secs)
[1A[2KChrome 147.0.0.0 (Windows 10): Executed 245 of 550[31m (68 FAILED)[39m (0 secs / 13.524 secs)
[1A[2KChrome 147.0.0.0 (Windows 10): Executed 246 of 550[31m (68 FAILED)[39m (0 secs / 13.552 secs)
[1A[2KChrome 147.0.0.0 (Windows 10): Executed 247 of 550[31m (68 FAILED)[39m (0 secs / 13.585 secs)
[1A[2KChrome 147.0.0.0 (Windows 10): Executed 248 of 550[31m (68 FAILED)[39m (0 secs / 13.623 secs)
[1A[2KChrome 147.0.0.0 (Windows 10): Executed 249 of 550[31m (68 FAILED)[39m (0 secs / 13.623 secs)
[1A[2K[31mChrome 147.0.0.0 (Windows 10) DoctorDashboardComponent formatLatest() should include temperature when present FAILED[39m
	Expected '37.1├é┬░C ├é┬À 03/05/2026 19:32:18' to contain '37.1┬░C'.
	    at <Jasmine>
	    at UserContext.apply (src/app/pages/doctor/dashboard/doctor-dashboard.component.spec.ts:200:42)
	    at _ZoneDelegate.invoke (node_modules/zone.js/fesm2015/zone.js:398:28)
	    at ProxyZoneSpec.onInvoke (node_modules/zone.js/fesm2015/zone-testing.js:2132:39)
	    at _ZoneDelegate.invoke (node_modules/zone.js/fesm2015/zone.js:397:34)
Chrome 147.0.0.0 (Windows 10): Executed 250 of 550[31m (69 FAILED)[39m (0 secs / 13.732 secs)
[1A[2KChrome 147.0.0.0 (Windows 10): Executed 251 of 550[31m (69 FAILED)[39m (0 secs / 13.772 secs)
[1A[2KChrome 147.0.0.0 (Windows 10): Executed 252 of 550[31m (69 FAILED)[39m (0 secs / 13.822 secs)
[1A[2KChrome 147.0.0.0 (Windows 10): Executed 253 of 550[31m (69 FAILED)[39m (0 secs / 13.871 secs)
[1A[2KChrome 147.0.0.0 (Windows 10): Executed 254 of 550[31m (69 FAILED)[39m (0 secs / 13.92 secs)
[1A[2KChrome 147.0.0.0 (Windows 10): Executed 255 of 550[31m (69 FAILED)[39m (0 secs / 13.966 secs)
[1A[2KChrome 147.0.0.0 (Windows 10): Executed 256 of 550[31m (69 FAILED)[39m (0 secs / 14.007 secs)
[1A[2KChrome 147.0.0.0 (Windows 10): Executed 257 of 550[31m (69 FAILED)[39m (0 secs / 14.053 secs)
[1A[2KChrome 147.0.0.0 (Windows 10): Executed 258 of 550[31m (69 FAILED)[39m (0 secs / 14.099 secs)
[1A[2KChrome 147.0.0.0 (Windows 10): Executed 259 of 550[31m (69 FAILED)[39m (0 secs / 14.14 secs)
[1A[2KChrome 147.0.0.0 (Windows 10): Executed 260 of 550[31m (69 FAILED)[39m (0 secs / 14.184 secs)
[1A[2KChrome 147.0.0.0 (Windows 10): Executed 261 of 550[31m (69 FAILED)[39m (0 secs / 14.22 secs)
[1A[2KChrome 147.0.0.0 (Windows 10): Executed 262 of 550[31m (69 FAILED)[39m (0 secs / 14.262 secs)
[1A[2KChrome 147.0.0.0 (Windows 10): Executed 263 of 550[31m (69 FAILED)[39m (0 secs / 14.31 secs)
[1A[2KChrome 147.0.0.0 (Windows 10): Executed 264 of 550[31m (69 FAILED)[39m (0 secs / 14.358 secs)
[1A[2KChrome 147.0.0.0 (Windows 10): Executed 265 of 550[31m (69 FAILED)[39m (0 secs / 14.401 secs)
[1A[2KChrome 147.0.0.0 (Windows 10): Executed 266 of 550[31m (69 FAILED)[39m (0 secs / 14.443 secs)
[1A[2KChrome 147.0.0.0 (Windows 10): Executed 267 of 550[31m (69 FAILED)[39m (0 secs / 14.479 secs)
[1A[2KChrome 147.0.0.0 (Windows 10): Executed 268 of 550[31m (69 FAILED)[39m (0 secs / 14.53 secs)
[1A[2KChrome 147.0.0.0 (Windows 10): Executed 269 of 550[31m (69 FAILED)[39m (0 secs / 14.569 secs)
[1A[2KChrome 147.0.0.0 (Windows 10): Executed 270 of 550[31m (69 FAILED)[39m (0 secs / 14.612 secs)
[1A[2KChrome 147.0.0.0 (Windows 10): Executed 271 of 550[31m (69 FAILED)[39m (0 secs / 14.651 secs)
[1A[2KChrome 147.0.0.0 (Windows 10): Executed 272 of 550[31m (69 FAILED)[39m (0 secs / 14.69 secs)
[1A[2KChrome 147.0.0.0 (Windows 10): Executed 273 of 550[31m (69 FAILED)[39m (0 secs / 14.729 secs)
[1A[2KChrome 147.0.0.0 (Windows 10): Executed 274 of 550[31m (69 FAILED)[39m (0 secs / 14.77 secs)
[1A[2K[31mChrome 147.0.0.0 (Windows 10) AuditorAnomaliesComponent should update search text on onSearch() FAILED[39m
	Error: No icon provided. Make sure to use 'TablerIconsModule.pick({ ... })' when importing the module
	Refer to documentation on https://github.com/pierreavn/angular-tabler-icons
	    at new TablerIconsModule (node_modules/angular-tabler-icons/fesm2022/angular-tabler-icons.mjs:126:19)
	    at Object.useFactory (node_modules/angular-tabler-icons/fesm2022/angular-tabler-icons.mjs:150:23)
	    at Object.factory (node_modules/@angular/core/fesm2022/_untracked-chunk.mjs:1385:32)
	    at callback (node_modules/@angular/core/fesm2022/_untracked-chunk.mjs:1306:35)
	    at runInInjectorProfilerContext (node_modules/@angular/core/fesm2022/_untracked-chunk.mjs:437:5)
	    at R3Injector.hydrate (node_modules/@angular/core/fesm2022/_untracked-chunk.mjs:1304:11)
	    at R3Injector.get (node_modules/@angular/core/fesm2022/_untracked-chunk.mjs:1196:23)
	    at R3Injector.retrieve (node_modules/@angular/core/fesm2022/_untracked-chunk.mjs:1111:19)
	    at injectInjectorOnly (node_modules/@angular/core/fesm2022/_untracked-chunk.mjs:665:35)
	    at ╔Á╔Áinject (node_modules/@angular/core/fesm2022/_untracked-chunk.mjs:677:58)
	TypeError: Cannot read properties of undefined (reading 'verify')
	    at UserContext.apply (src/app/pages/auditor/auditor-anomalies/auditor-anomalies.component.spec.ts:24:14)
	    at _ZoneDelegate.invoke (node_modules/zone.js/fesm2015/zone.js:398:28)
	    at ProxyZoneSpec.onInvoke (node_modules/zone.js/fesm2015/zone-testing.js:2132:39)
	    at _ZoneDelegate.invoke (node_modules/zone.js/fesm2015/zone.js:397:34)
	    at ZoneImpl.run (node_modules/zone.js/fesm2015/zone.js:113:43)
	    at runInTestZone (node_modules/zone.js/fesm2015/zone-testing.js:216:38)
	    at UserContext.<anonymous> (node_modules/zone.js/fesm2015/zone-testing.js:234:32)
	    at <Jasmine>
Chrome 147.0.0.0 (Windows 10): Executed 275 of 550[31m (70 FAILED)[39m (0 secs / 14.797 secs)
[1A[2K[31mChrome 147.0.0.0 (Windows 10) AuditorAnomaliesComponent should search anomaly by email FAILED[39m
	Error: No icon provided. Make sure to use 'TablerIconsModule.pick({ ... })' when importing the module
	Refer to documentation on https://github.com/pierreavn/angular-tabler-icons
	    at new TablerIconsModule (node_modules/angular-tabler-icons/fesm2022/angular-tabler-icons.mjs:126:19)
	    at Object.useFactory (node_modules/angular-tabler-icons/fesm2022/angular-tabler-icons.mjs:150:23)
	    at Object.factory (node_modules/@angular/core/fesm2022/_untracked-chunk.mjs:1385:32)
	    at callback (node_modules/@angular/core/fesm2022/_untracked-chunk.mjs:1306:35)
	    at runInInjectorProfilerContext (node_modules/@angular/core/fesm2022/_untracked-chunk.mjs:437:5)
	    at R3Injector.hydrate (node_modules/@angular/core/fesm2022/_untracked-chunk.mjs:1304:11)
	    at R3Injector.get (node_modules/@angular/core/fesm2022/_untracked-chunk.mjs:1196:23)
	    at R3Injector.retrieve (node_modules/@angular/core/fesm2022/_untracked-chunk.mjs:1111:19)
	    at injectInjectorOnly (node_modules/@angular/core/fesm2022/_untracked-chunk.mjs:665:35)
	    at ╔Á╔Áinject (node_modules/@angular/core/fesm2022/_untracked-chunk.mjs:677:58)
	TypeError: Cannot read properties of undefined (reading 'verify')
	    at UserContext.apply (src/app/pages/auditor/auditor-anomalies/auditor-anomalies.component.spec.ts:24:14)
	    at _ZoneDelegate.invoke (node_modules/zone.js/fesm2015/zone.js:398:28)
	    at ProxyZoneSpec.onInvoke (node_modules/zone.js/fesm2015/zone-testing.js:2132:39)
	    at _ZoneDelegate.invoke (node_modules/zone.js/fesm2015/zone.js:397:34)
	    at ZoneImpl.run (node_modules/zone.js/fesm2015/zone.js:113:43)
	    at runInTestZone (node_modules/zone.js/fesm2015/zone-testing.js:216:38)
	    at UserContext.<anonymous> (node_modules/zone.js/fesm2015/zone-testing.js:234:32)
	    at <Jasmine>
Chrome 147.0.0.0 (Windows 10): Executed 276 of 550[31m (71 FAILED)[39m (0 secs / 14.805 secs)
[1A[2K[31mChrome 147.0.0.0 (Windows 10) AuditorAnomaliesComponent should return HIGH severity color FAILED[39m
	Error: No icon provided. Make sure to use 'TablerIconsModule.pick({ ... })' when importing the module
	Refer to documentation on https://github.com/pierreavn/angular-tabler-icons
	    at new TablerIconsModule (node_modules/angular-tabler-icons/fesm2022/angular-tabler-icons.mjs:126:19)
	    at Object.useFactory (node_modules/angular-tabler-icons/fesm2022/angular-tabler-icons.mjs:150:23)
	    at Object.factory (node_modules/@angular/core/fesm2022/_untracked-chunk.mjs:1385:32)
	    at callback (node_modules/@angular/core/fesm2022/_untracked-chunk.mjs:1306:35)
	    at runInInjectorProfilerContext (node_modules/@angular/core/fesm2022/_untracked-chunk.mjs:437:5)
	    at R3Injector.hydrate (node_modules/@angular/core/fesm2022/_untracked-chunk.mjs:1304:11)
	    at R3Injector.get (node_modules/@angular/core/fesm2022/_untracked-chunk.mjs:1196:23)
	    at R3Injector.retrieve (node_modules/@angular/core/fesm2022/_untracked-chunk.mjs:1111:19)
	    at injectInjectorOnly (node_modules/@angular/core/fesm2022/_untracked-chunk.mjs:665:35)
	    at ╔Á╔Áinject (node_modules/@angular/core/fesm2022/_untracked-chunk.mjs:677:58)
	TypeError: Cannot read properties of undefined (reading 'verify')
	    at UserContext.apply (src/app/pages/auditor/auditor-anomalies/auditor-anomalies.component.spec.ts:24:14)
	    at _ZoneDelegate.invoke (node_modules/zone.js/fesm2015/zone.js:398:28)
	    at ProxyZoneSpec.onInvoke (node_modules/zone.js/fesm2015/zone-testing.js:2132:39)
	    at _ZoneDelegate.invoke (node_modules/zone.js/fesm2015/zone.js:397:34)
	    at ZoneImpl.run (node_modules/zone.js/fesm2015/zone.js:113:43)
	    at runInTestZone (node_modules/zone.js/fesm2015/zone-testing.js:216:38)
	    at UserContext.<anonymous> (node_modules/zone.js/fesm2015/zone-testing.js:234:32)
	    at <Jasmine>
Chrome 147.0.0.0 (Windows 10): Executed 277 of 550[31m (72 FAILED)[39m (0 secs / 14.813 secs)
[1A[2K[31mChrome 147.0.0.0 (Windows 10) AuditorAnomaliesComponent should return MEDIUM severity color FAILED[39m
	Error: No icon provided. Make sure to use 'TablerIconsModule.pick({ ... })' when importing the module
	Refer to documentation on https://github.com/pierreavn/angular-tabler-icons
	    at new TablerIconsModule (node_modules/angular-tabler-icons/fesm2022/angular-tabler-icons.mjs:126:19)
	    at Object.useFactory (node_modules/angular-tabler-icons/fesm2022/angular-tabler-icons.mjs:150:23)
	    at Object.factory (node_modules/@angular/core/fesm2022/_untracked-chunk.mjs:1385:32)
	    at callback (node_modules/@angular/core/fesm2022/_untracked-chunk.mjs:1306:35)
	    at runInInjectorProfilerContext (node_modules/@angular/core/fesm2022/_untracked-chunk.mjs:437:5)
	    at R3Injector.hydrate (node_modules/@angular/core/fesm2022/_untracked-chunk.mjs:1304:11)
	    at R3Injector.get (node_modules/@angular/core/fesm2022/_untracked-chunk.mjs:1196:23)
	    at R3Injector.retrieve (node_modules/@angular/core/fesm2022/_untracked-chunk.mjs:1111:19)
	    at injectInjectorOnly (node_modules/@angular/core/fesm2022/_untracked-chunk.mjs:665:35)
	    at ╔Á╔Áinject (node_modules/@angular/core/fesm2022/_untracked-chunk.mjs:677:58)
	TypeError: Cannot read properties of undefined (reading 'verify')
	    at UserContext.apply (src/app/pages/auditor/auditor-anomalies/auditor-anomalies.component.spec.ts:24:14)
	    at _ZoneDelegate.invoke (node_modules/zone.js/fesm2015/zone.js:398:28)
	    at ProxyZoneSpec.onInvoke (node_modules/zone.js/fesm2015/zone-testing.js:2132:39)
	    at _ZoneDelegate.invoke (node_modules/zone.js/fesm2015/zone.js:397:34)
	    at ZoneImpl.run (node_modules/zone.js/fesm2015/zone.js:113:43)
	    at runInTestZone (node_modules/zone.js/fesm2015/zone-testing.js:216:38)
	    at UserContext.<anonymous> (node_modules/zone.js/fesm2015/zone-testing.js:234:32)
	    at <Jasmine>
Chrome 147.0.0.0 (Windows 10): Executed 278 of 550[31m (73 FAILED)[39m (0 secs / 14.821 secs)
[1A[2K[31mChrome 147.0.0.0 (Windows 10) AuditorAnomaliesComponent should filter MEDIUM anomalies FAILED[39m
	Error: No icon provided. Make sure to use 'TablerIconsModule.pick({ ... })' when importing the module
	Refer to documentation on https://github.com/pierreavn/angular-tabler-icons
	    at new TablerIconsModule (node_modules/angular-tabler-icons/fesm2022/angular-tabler-icons.mjs:126:19)
	    at Object.useFactory (node_modules/angular-tabler-icons/fesm2022/angular-tabler-icons.mjs:150:23)
	    at Object.factory (node_modules/@angular/core/fesm2022/_untracked-chunk.mjs:1385:32)
	    at callback (node_modules/@angular/core/fesm2022/_untracked-chunk.mjs:1306:35)
	    at runInInjectorProfilerContext (node_modules/@angular/core/fesm2022/_untracked-chunk.mjs:437:5)
	    at R3Injector.hydrate (node_modules/@angular/core/fesm2022/_untracked-chunk.mjs:1304:11)
	    at R3Injector.get (node_modules/@angular/core/fesm2022/_untracked-chunk.mjs:1196:23)
	    at R3Injector.retrieve (node_modules/@angular/core/fesm2022/_untracked-chunk.mjs:1111:19)
	    at injectInjectorOnly (node_modules/@angular/core/fesm2022/_untracked-chunk.mjs:665:35)
	    at ╔Á╔Áinject (node_modules/@angular/core/fesm2022/_untracked-chunk.mjs:677:58)
	TypeError: Cannot read properties of undefined (reading 'verify')
	    at UserContext.apply (src/app/pages/auditor/auditor-anomalies/auditor-anomalies.component.spec.ts:24:14)
	    at _ZoneDelegate.invoke (node_modules/zone.js/fesm2015/zone.js:398:28)
	    at ProxyZoneSpec.onInvoke (node_modules/zone.js/fesm2015/zone-testing.js:2132:39)
	    at _ZoneDelegate.invoke (node_modules/zone.js/fesm2015/zone.js:397:34)
	    at ZoneImpl.run (node_modules/zone.js/fesm2015/zone.js:113:43)
	    at runInTestZone (node_modules/zone.js/fesm2015/zone-testing.js:216:38)
	    at UserContext.<anonymous> (node_modules/zone.js/fesm2015/zone-testing.js:234:32)
	    at <Jasmine>
Chrome 147.0.0.0 (Windows 10): Executed 279 of 550[31m (74 FAILED)[39m (0 secs / 14.829 secs)
[1A[2K[31mChrome 147.0.0.0 (Windows 10) AuditorAnomaliesComponent should filter HIGH anomalies FAILED[39m
	Error: No icon provided. Make sure to use 'TablerIconsModule.pick({ ... })' when importing the module
	Refer to documentation on https://github.com/pierreavn/angular-tabler-icons
	    at new TablerIconsModule (node_modules/angular-tabler-icons/fesm2022/angular-tabler-icons.mjs:126:19)
	    at Object.useFactory (node_modules/angular-tabler-icons/fesm2022/angular-tabler-icons.mjs:150:23)
	    at Object.factory (node_modules/@angular/core/fesm2022/_untracked-chunk.mjs:1385:32)
	    at callback (node_modules/@angular/core/fesm2022/_untracked-chunk.mjs:1306:35)
	    at runInInjectorProfilerContext (node_modules/@angular/core/fesm2022/_untracked-chunk.mjs:437:5)
	    at R3Injector.hydrate (node_modules/@angular/core/fesm2022/_untracked-chunk.mjs:1304:11)
	    at R3Injector.get (node_modules/@angular/core/fesm2022/_untracked-chunk.mjs:1196:23)
	    at R3Injector.retrieve (node_modules/@angular/core/fesm2022/_untracked-chunk.mjs:1111:19)
	    at injectInjectorOnly (node_modules/@angular/core/fesm2022/_untracked-chunk.mjs:665:35)
	    at ╔Á╔Áinject (node_modules/@angular/core/fesm2022/_untracked-chunk.mjs:677:58)
	TypeError: Cannot read properties of undefined (reading 'verify')
	    at UserContext.apply (src/app/pages/auditor/auditor-anomalies/auditor-anomalies.component.spec.ts:24:14)
	    at _ZoneDelegate.invoke (node_modules/zone.js/fesm2015/zone.js:398:28)
	    at ProxyZoneSpec.onInvoke (node_modules/zone.js/fesm2015/zone-testing.js:2132:39)
	    at _ZoneDelegate.invoke (node_modules/zone.js/fesm2015/zone.js:397:34)
	    at ZoneImpl.run (node_modules/zone.js/fesm2015/zone.js:113:43)
	    at runInTestZone (node_modules/zone.js/fesm2015/zone-testing.js:216:38)
	    at UserContext.<anonymous> (node_modules/zone.js/fesm2015/zone-testing.js:234:32)
	    at <Jasmine>
Chrome 147.0.0.0 (Windows 10): Executed 280 of 550[31m (75 FAILED)[39m (0 secs / 14.839 secs)
[1A[2K[31mChrome 147.0.0.0 (Windows 10) AuditorAnomaliesComponent should search anomaly by name FAILED[39m
	Error: No icon provided. Make sure to use 'TablerIconsModule.pick({ ... })' when importing the module
	Refer to documentation on https://github.com/pierreavn/angular-tabler-icons
	    at new TablerIconsModule (node_modules/angular-tabler-icons/fesm2022/angular-tabler-icons.mjs:126:19)
	    at Object.useFactory (node_modules/angular-tabler-icons/fesm2022/angular-tabler-icons.mjs:150:23)
	    at Object.factory (node_modules/@angular/core/fesm2022/_untracked-chunk.mjs:1385:32)
	    at callback (node_modules/@angular/core/fesm2022/_untracked-chunk.mjs:1306:35)
	    at runInInjectorProfilerContext (node_modules/@angular/core/fesm2022/_untracked-chunk.mjs:437:5)
	    at R3Injector.hydrate (node_modules/@angular/core/fesm2022/_untracked-chunk.mjs:1304:11)
	    at R3Injector.get (node_modules/@angular/core/fesm2022/_untracked-chunk.mjs:1196:23)
	    at R3Injector.retrieve (node_modules/@angular/core/fesm2022/_untracked-chunk.mjs:1111:19)
	    at injectInjectorOnly (node_modules/@angular/core/fesm2022/_untracked-chunk.mjs:665:35)
	    at ╔Á╔Áinject (node_modules/@angular/core/fesm2022/_untracked-chunk.mjs:677:58)
	TypeError: Cannot read properties of undefined (reading 'verify')
	    at UserContext.apply (src/app/pages/auditor/auditor-anomalies/auditor-anomalies.component.spec.ts:24:14)
	    at _ZoneDelegate.invoke (node_modules/zone.js/fesm2015/zone.js:398:28)
	    at ProxyZoneSpec.onInvoke (node_modules/zone.js/fesm2015/zone-testing.js:2132:39)
	    at _ZoneDelegate.invoke (node_modules/zone.js/fesm2015/zone.js:397:34)
	    at ZoneImpl.run (node_modules/zone.js/fesm2015/zone.js:113:43)
	    at runInTestZone (node_modules/zone.js/fesm2015/zone-testing.js:216:38)
	    at UserContext.<anonymous> (node_modules/zone.js/fesm2015/zone-testing.js:234:32)
	    at <Jasmine>
Chrome 147.0.0.0 (Windows 10): Executed 281 of 550[31m (76 FAILED)[39m (0 secs / 14.848 secs)
[1A[2K[31mChrome 147.0.0.0 (Windows 10) AuditorAnomaliesComponent should load anomalies from API FAILED[39m
	Error: No icon provided. Make sure to use 'TablerIconsModule.pick({ ... })' when importing the module
	Refer to documentation on https://github.com/pierreavn/angular-tabler-icons
	    at new TablerIconsModule (node_modules/angular-tabler-icons/fesm2022/angular-tabler-icons.mjs:126:19)
	    at Object.useFactory (node_modules/angular-tabler-icons/fesm2022/angular-tabler-icons.mjs:150:23)
	    at Object.factory (node_modules/@angular/core/fesm2022/_untracked-chunk.mjs:1385:32)
	    at callback (node_modules/@angular/core/fesm2022/_untracked-chunk.mjs:1306:35)
	    at runInInjectorProfilerContext (node_modules/@angular/core/fesm2022/_untracked-chunk.mjs:437:5)
	    at R3Injector.hydrate (node_modules/@angular/core/fesm2022/_untracked-chunk.mjs:1304:11)
	    at R3Injector.get (node_modules/@angular/core/fesm2022/_untracked-chunk.mjs:1196:23)
	    at R3Injector.retrieve (node_modules/@angular/core/fesm2022/_untracked-chunk.mjs:1111:19)
	    at injectInjectorOnly (node_modules/@angular/core/fesm2022/_untracked-chunk.mjs:665:35)
	    at ╔Á╔Áinject (node_modules/@angular/core/fesm2022/_untracked-chunk.mjs:677:58)
	TypeError: Cannot read properties of undefined (reading 'verify')
	    at UserContext.apply (src/app/pages/auditor/auditor-anomalies/auditor-anomalies.component.spec.ts:24:14)
	    at _ZoneDelegate.invoke (node_modules/zone.js/fesm2015/zone.js:398:28)
	    at ProxyZoneSpec.onInvoke (node_modules/zone.js/fesm2015/zone-testing.js:2132:39)
	    at _ZoneDelegate.invoke (node_modules/zone.js/fesm2015/zone.js:397:34)
	    at ZoneImpl.run (node_modules/zone.js/fesm2015/zone.js:113:43)
	    at runInTestZone (node_modules/zone.js/fesm2015/zone-testing.js:216:38)
	    at UserContext.<anonymous> (node_modules/zone.js/fesm2015/zone-testing.js:234:32)
	    at <Jasmine>
Chrome 147.0.0.0 (Windows 10): Executed 282 of 550[31m (77 FAILED)[39m (0 secs / 14.859 secs)
[1A[2K[31mChrome 147.0.0.0 (Windows 10) AuditorAnomaliesComponent should calculate mediumCount correctly FAILED[39m
	Error: No icon provided. Make sure to use 'TablerIconsModule.pick({ ... })' when importing the module
	Refer to documentation on https://github.com/pierreavn/angular-tabler-icons
	    at new TablerIconsModule (node_modules/angular-tabler-icons/fesm2022/angular-tabler-icons.mjs:126:19)
	    at Object.useFactory (node_modules/angular-tabler-icons/fesm2022/angular-tabler-icons.mjs:150:23)
	    at Object.factory (node_modules/@angular/core/fesm2022/_untracked-chunk.mjs:1385:32)
	    at callback (node_modules/@angular/core/fesm2022/_untracked-chunk.mjs:1306:35)
	    at runInInjectorProfilerContext (node_modules/@angular/core/fesm2022/_untracked-chunk.mjs:437:5)
	    at R3Injector.hydrate (node_modules/@angular/core/fesm2022/_untracked-chunk.mjs:1304:11)
	    at R3Injector.get (node_modules/@angular/core/fesm2022/_untracked-chunk.mjs:1196:23)
	    at R3Injector.retrieve (node_modules/@angular/core/fesm2022/_untracked-chunk.mjs:1111:19)
	    at injectInjectorOnly (node_modules/@angular/core/fesm2022/_untracked-chunk.mjs:665:35)
	    at ╔Á╔Áinject (node_modules/@angular/core/fesm2022/_untracked-chunk.mjs:677:58)
	TypeError: Cannot read properties of undefined (reading 'verify')
	    at UserContext.apply (src/app/pages/auditor/auditor-anomalies/auditor-anomalies.component.spec.ts:24:14)
	    at _ZoneDelegate.invoke (node_modules/zone.js/fesm2015/zone.js:398:28)
	    at ProxyZoneSpec.onInvoke (node_modules/zone.js/fesm2015/zone-testing.js:2132:39)
	    at _ZoneDelegate.invoke (node_modules/zone.js/fesm2015/zone.js:397:34)
	    at ZoneImpl.run (node_modules/zone.js/fesm2015/zone.js:113:43)
	    at runInTestZone (node_modules/zone.js/fesm2015/zone-testing.js:216:38)
	    at UserContext.<anonymous> (node_modules/zone.js/fesm2015/zone-testing.js:234:32)
	    at <Jasmine>
Chrome 147.0.0.0 (Windows 10): Executed 283 of 550[31m (78 FAILED)[39m (0 secs / 14.868 secs)
[1A[2K[31mChrome 147.0.0.0 (Windows 10) AuditorAnomaliesComponent should create FAILED[39m
	Error: No icon provided. Make sure to use 'TablerIconsModule.pick({ ... })' when importing the module
	Refer to documentation on https://github.com/pierreavn/angular-tabler-icons
	    at new TablerIconsModule (node_modules/angular-tabler-icons/fesm2022/angular-tabler-icons.mjs:126:19)
	    at Object.useFactory (node_modules/angular-tabler-icons/fesm2022/angular-tabler-icons.mjs:150:23)
	    at Object.factory (node_modules/@angular/core/fesm2022/_untracked-chunk.mjs:1385:32)
	    at callback (node_modules/@angular/core/fesm2022/_untracked-chunk.mjs:1306:35)
	    at runInInjectorProfilerContext (node_modules/@angular/core/fesm2022/_untracked-chunk.mjs:437:5)
	    at R3Injector.hydrate (node_modules/@angular/core/fesm2022/_untracked-chunk.mjs:1304:11)
	    at R3Injector.get (node_modules/@angular/core/fesm2022/_untracked-chunk.mjs:1196:23)
	    at R3Injector.retrieve (node_modules/@angular/core/fesm2022/_untracked-chunk.mjs:1111:19)
	    at injectInjectorOnly (node_modules/@angular/core/fesm2022/_untracked-chunk.mjs:665:35)
	    at ╔Á╔Áinject (node_modules/@angular/core/fesm2022/_untracked-chunk.mjs:677:58)
	TypeError: Cannot read properties of undefined (reading 'verify')
	    at UserContext.apply (src/app/pages/auditor/auditor-anomalies/auditor-anomalies.component.spec.ts:24:14)
	    at _ZoneDelegate.invoke (node_modules/zone.js/fesm2015/zone.js:398:28)
	    at ProxyZoneSpec.onInvoke (node_modules/zone.js/fesm2015/zone-testing.js:2132:39)
	    at _ZoneDelegate.invoke (node_modules/zone.js/fesm2015/zone.js:397:34)
	    at ZoneImpl.run (node_modules/zone.js/fesm2015/zone.js:113:43)
	    at runInTestZone (node_modules/zone.js/fesm2015/zone-testing.js:216:38)
	    at UserContext.<anonymous> (node_modules/zone.js/fesm2015/zone-testing.js:234:32)
	    at <Jasmine>
Chrome 147.0.0.0 (Windows 10): Executed 284 of 550[31m (79 FAILED)[39m (0 secs / 14.875 secs)
[1A[2K[31mChrome 147.0.0.0 (Windows 10) AuditorAnomaliesComponent should calculate highCount correctly FAILED[39m
	Error: No icon provided. Make sure to use 'TablerIconsModule.pick({ ... })' when importing the module
	Refer to documentation on https://github.com/pierreavn/angular-tabler-icons
	    at new TablerIconsModule (node_modules/angular-tabler-icons/fesm2022/angular-tabler-icons.mjs:126:19)
	    at Object.useFactory (node_modules/angular-tabler-icons/fesm2022/angular-tabler-icons.mjs:150:23)
	    at Object.factory (node_modules/@angular/core/fesm2022/_untracked-chunk.mjs:1385:32)
	    at callback (node_modules/@angular/core/fesm2022/_untracked-chunk.mjs:1306:35)
	    at runInInjectorProfilerContext (node_modules/@angular/core/fesm2022/_untracked-chunk.mjs:437:5)
	    at R3Injector.hydrate (node_modules/@angular/core/fesm2022/_untracked-chunk.mjs:1304:11)
	    at R3Injector.get (node_modules/@angular/core/fesm2022/_untracked-chunk.mjs:1196:23)
	    at R3Injector.retrieve (node_modules/@angular/core/fesm2022/_untracked-chunk.mjs:1111:19)
	    at injectInjectorOnly (node_modules/@angular/core/fesm2022/_untracked-chunk.mjs:665:35)
	    at ╔Á╔Áinject (node_modules/@angular/core/fesm2022/_untracked-chunk.mjs:677:58)
	TypeError: Cannot read properties of undefined (reading 'verify')
	    at UserContext.apply (src/app/pages/auditor/auditor-anomalies/auditor-anomalies.component.spec.ts:24:14)
	    at _ZoneDelegate.invoke (node_modules/zone.js/fesm2015/zone.js:398:28)
	    at ProxyZoneSpec.onInvoke (node_modules/zone.js/fesm2015/zone-testing.js:2132:39)
	    at _ZoneDelegate.invoke (node_modules/zone.js/fesm2015/zone.js:397:34)
	    at ZoneImpl.run (node_modules/zone.js/fesm2015/zone.js:113:43)
	    at runInTestZone (node_modules/zone.js/fesm2015/zone-testing.js:216:38)
	    at UserContext.<anonymous> (node_modules/zone.js/fesm2015/zone-testing.js:234:32)
	    at <Jasmine>
Chrome 147.0.0.0 (Windows 10): Executed 285 of 550[31m (80 FAILED)[39m (0 secs / 14.882 secs)
[1A[2K[31mChrome 147.0.0.0 (Windows 10) StrokeRiskComponent should filter results by text and level FAILED[39m
	Error: No icon provided. Make sure to use 'TablerIconsModule.pick({ ... })' when importing the module
	Refer to documentation on https://github.com/pierreavn/angular-tabler-icons
	    at new TablerIconsModule (node_modules/angular-tabler-icons/fesm2022/angular-tabler-icons.mjs:126:19)
	    at Object.useFactory (node_modules/angular-tabler-icons/fesm2022/angular-tabler-icons.mjs:150:23)
	    at Object.factory (node_modules/@angular/core/fesm2022/_untracked-chunk.mjs:1385:32)
	    at callback (node_modules/@angular/core/fesm2022/_untracked-chunk.mjs:1306:35)
	    at runInInjectorProfilerContext (node_modules/@angular/core/fesm2022/_untracked-chunk.mjs:437:5)
	    at R3Injector.hydrate (node_modules/@angular/core/fesm2022/_untracked-chunk.mjs:1304:11)
	    at R3Injector.get (node_modules/@angular/core/fesm2022/_untracked-chunk.mjs:1196:23)
	    at R3Injector.retrieve (node_modules/@angular/core/fesm2022/_untracked-chunk.mjs:1111:19)
	    at injectInjectorOnly (node_modules/@angular/core/fesm2022/_untracked-chunk.mjs:665:35)
	    at ╔Á╔Áinject (node_modules/@angular/core/fesm2022/_untracked-chunk.mjs:677:58)
	TypeError: Cannot read properties of undefined (reading 'verify')
	    at UserContext.apply (src/app/pages/super-admin/stroke-risk/stroke-risk.component.spec.ts:24:30)
	    at _ZoneDelegate.invoke (node_modules/zone.js/fesm2015/zone.js:398:28)
	    at ProxyZoneSpec.onInvoke (node_modules/zone.js/fesm2015/zone-testing.js:2132:39)
	    at _ZoneDelegate.invoke (node_modules/zone.js/fesm2015/zone.js:397:34)
	    at ZoneImpl.run (node_modules/zone.js/fesm2015/zone.js:113:43)
	    at runInTestZone (node_modules/zone.js/fesm2015/zone-testing.js:216:38)
	    at UserContext.<anonymous> (node_modules/zone.js/fesm2015/zone-testing.js:234:32)
	    at <Jasmine>
Chrome 147.0.0.0 (Windows 10): Executed 286 of 550[31m (81 FAILED)[39m (0 secs / 14.92 secs)
[1A[2K[31mChrome 147.0.0.0 (Windows 10) StrokeRiskComponent should create FAILED[39m
	Error: No icon provided. Make sure to use 'TablerIconsModule.pick({ ... })' when importing the module
	Refer to documentation on https://github.com/pierreavn/angular-tabler-icons
	    at new TablerIconsModule (node_modules/angular-tabler-icons/fesm2022/angular-tabler-icons.mjs:126:19)
	    at Object.useFactory (node_modules/angular-tabler-icons/fesm2022/angular-tabler-icons.mjs:150:23)
	    at Object.factory (node_modules/@angular/core/fesm2022/_untracked-chunk.mjs:1385:32)
	    at callback (node_modules/@angular/core/fesm2022/_untracked-chunk.mjs:1306:35)
	    at runInInjectorProfilerContext (node_modules/@angular/core/fesm2022/_untracked-chunk.mjs:437:5)
	    at R3Injector.hydrate (node_modules/@angular/core/fesm2022/_untracked-chunk.mjs:1304:11)
	    at R3Injector.get (node_modules/@angular/core/fesm2022/_untracked-chunk.mjs:1196:23)
	    at R3Injector.retrieve (node_modules/@angular/core/fesm2022/_untracked-chunk.mjs:1111:19)
	    at injectInjectorOnly (node_modules/@angular/core/fesm2022/_untracked-chunk.mjs:665:35)
	    at ╔Á╔Áinject (node_modules/@angular/core/fesm2022/_untracked-chunk.mjs:677:58)
	TypeError: Cannot read properties of undefined (reading 'verify')
	    at UserContext.apply (src/app/pages/super-admin/stroke-risk/stroke-risk.component.spec.ts:24:30)
	    at _ZoneDelegate.invoke (node_modules/zone.js/fesm2015/zone.js:398:28)
	    at ProxyZoneSpec.onInvoke (node_modules/zone.js/fesm2015/zone-testing.js:2132:39)
	    at _ZoneDelegate.invoke (node_modules/zone.js/fesm2015/zone.js:397:34)
	    at ZoneImpl.run (node_modules/zone.js/fesm2015/zone.js:113:43)
	    at runInTestZone (node_modules/zone.js/fesm2015/zone-testing.js:216:38)
	    at UserContext.<anonymous> (node_modules/zone.js/fesm2015/zone-testing.js:234:32)
	    at <Jasmine>
Chrome 147.0.0.0 (Windows 10): Executed 287 of 550[31m (82 FAILED)[39m (0 secs / 14.928 secs)
[1A[2K[31mChrome 147.0.0.0 (Windows 10) StrokeRiskComponent should return correct level color FAILED[39m
	Error: No icon provided. Make sure to use 'TablerIconsModule.pick({ ... })' when importing the module
	Refer to documentation on https://github.com/pierreavn/angular-tabler-icons
	    at new TablerIconsModule (node_modules/angular-tabler-icons/fesm2022/angular-tabler-icons.mjs:126:19)
	    at Object.useFactory (node_modules/angular-tabler-icons/fesm2022/angular-tabler-icons.mjs:150:23)
	    at Object.factory (node_modules/@angular/core/fesm2022/_untracked-chunk.mjs:1385:32)
	    at callback (node_modules/@angular/core/fesm2022/_untracked-chunk.mjs:1306:35)
	    at runInInjectorProfilerContext (node_modules/@angular/core/fesm2022/_untracked-chunk.mjs:437:5)
	    at R3Injector.hydrate (node_modules/@angular/core/fesm2022/_untracked-chunk.mjs:1304:11)
	    at R3Injector.get (node_modules/@angular/core/fesm2022/_untracked-chunk.mjs:1196:23)
	    at R3Injector.retrieve (node_modules/@angular/core/fesm2022/_untracked-chunk.mjs:1111:19)
	    at injectInjectorOnly (node_modules/@angular/core/fesm2022/_untracked-chunk.mjs:665:35)
	    at ╔Á╔Áinject (node_modules/@angular/core/fesm2022/_untracked-chunk.mjs:677:58)
	TypeError: Cannot read properties of undefined (reading 'verify')
	    at UserContext.apply (src/app/pages/super-admin/stroke-risk/stroke-risk.component.spec.ts:24:30)
	    at _ZoneDelegate.invoke (node_modules/zone.js/fesm2015/zone.js:398:28)
	    at ProxyZoneSpec.onInvoke (node_modules/zone.js/fesm2015/zone-testing.js:2132:39)
	    at _ZoneDelegate.invoke (node_modules/zone.js/fesm2015/zone.js:397:34)
	    at ZoneImpl.run (node_modules/zone.js/fesm2015/zone.js:113:43)
	    at runInTestZone (node_modules/zone.js/fesm2015/zone-testing.js:216:38)
	    at UserContext.<anonymous> (node_modules/zone.js/fesm2015/zone-testing.js:234:32)
	    at <Jasmine>
Chrome 147.0.0.0 (Windows 10): Executed 288 of 550[31m (83 FAILED)[39m (0 secs / 14.936 secs)
[1A[2K[31mChrome 147.0.0.0 (Windows 10) StrokeRiskComponent should return correct level background FAILED[39m
	Error: No icon provided. Make sure to use 'TablerIconsModule.pick({ ... })' when importing the module
	Refer to documentation on https://github.com/pierreavn/angular-tabler-icons
	    at new TablerIconsModule (node_modules/angular-tabler-icons/fesm2022/angular-tabler-icons.mjs:126:19)
	    at Object.useFactory (node_modules/angular-tabler-icons/fesm2022/angular-tabler-icons.mjs:150:23)
	    at Object.factory (node_modules/@angular/core/fesm2022/_untracked-chunk.mjs:1385:32)
	    at callback (node_modules/@angular/core/fesm2022/_untracked-chunk.mjs:1306:35)
	    at runInInjectorProfilerContext (node_modules/@angular/core/fesm2022/_untracked-chunk.mjs:437:5)
	    at R3Injector.hydrate (node_modules/@angular/core/fesm2022/_untracked-chunk.mjs:1304:11)
	    at R3Injector.get (node_modules/@angular/core/fesm2022/_untracked-chunk.mjs:1196:23)
	    at R3Injector.retrieve (node_modules/@angular/core/fesm2022/_untracked-chunk.mjs:1111:19)
	    at injectInjectorOnly (node_modules/@angular/core/fesm2022/_untracked-chunk.mjs:665:35)
	    at ╔Á╔Áinject (node_modules/@angular/core/fesm2022/_untracked-chunk.mjs:677:58)
	TypeError: Cannot read properties of undefined (reading 'verify')
	    at UserContext.apply (src/app/pages/super-admin/stroke-risk/stroke-risk.component.spec.ts:24:30)
	    at _ZoneDelegate.invoke (node_modules/zone.js/fesm2015/zone.js:398:28)
	    at ProxyZoneSpec.onInvoke (node_modules/zone.js/fesm2015/zone-testing.js:2132:39)
	    at _ZoneDelegate.invoke (node_modules/zone.js/fesm2015/zone.js:397:34)
	    at ZoneImpl.run (node_modules/zone.js/fesm2015/zone.js:113:43)
	    at runInTestZone (node_modules/zone.js/fesm2015/zone-testing.js:216:38)
	    at UserContext.<anonymous> (node_modules/zone.js/fesm2015/zone-testing.js:234:32)
	    at <Jasmine>
Chrome 147.0.0.0 (Windows 10): Executed 289 of 550[31m (84 FAILED)[39m (0 secs / 14.943 secs)
[1A[2K[31mChrome 147.0.0.0 (Windows 10) StrokeRiskComponent should count risk levels correctly FAILED[39m
	Error: No icon provided. Make sure to use 'TablerIconsModule.pick({ ... })' when importing the module
	Refer to documentation on https://github.com/pierreavn/angular-tabler-icons
	    at new TablerIconsModule (node_modules/angular-tabler-icons/fesm2022/angular-tabler-icons.mjs:126:19)
	    at Object.useFactory (node_modules/angular-tabler-icons/fesm2022/angular-tabler-icons.mjs:150:23)
	    at Object.factory (node_modules/@angular/core/fesm2022/_untracked-chunk.mjs:1385:32)
	    at callback (node_modules/@angular/core/fesm2022/_untracked-chunk.mjs:1306:35)
	    at runInInjectorProfilerContext (node_modules/@angular/core/fesm2022/_untracked-chunk.mjs:437:5)
	    at R3Injector.hydrate (node_modules/@angular/core/fesm2022/_untracked-chunk.mjs:1304:11)
	    at R3Injector.get (node_modules/@angular/core/fesm2022/_untracked-chunk.mjs:1196:23)
	    at R3Injector.retrieve (node_modules/@angular/core/fesm2022/_untracked-chunk.mjs:1111:19)
	    at injectInjectorOnly (node_modules/@angular/core/fesm2022/_untracked-chunk.mjs:665:35)
	    at ╔Á╔Áinject (node_modules/@angular/core/fesm2022/_untracked-chunk.mjs:677:58)
	TypeError: Cannot read properties of undefined (reading 'verify')
	    at UserContext.apply (src/app/pages/super-admin/stroke-risk/stroke-risk.component.spec.ts:24:30)
	    at _ZoneDelegate.invoke (node_modules/zone.js/fesm2015/zone.js:398:28)
	    at ProxyZoneSpec.onInvoke (node_modules/zone.js/fesm2015/zone-testing.js:2132:39)
	    at _ZoneDelegate.invoke (node_modules/zone.js/fesm2015/zone.js:397:34)
	    at ZoneImpl.run (node_modules/zone.js/fesm2015/zone.js:113:43)
	    at runInTestZone (node_modules/zone.js/fesm2015/zone-testing.js:216:38)
	    at UserContext.<anonymous> (node_modules/zone.js/fesm2015/zone-testing.js:234:32)
	    at <Jasmine>
Chrome 147.0.0.0 (Windows 10): Executed 290 of 550[31m (85 FAILED)[39m (0 secs / 14.953 secs)
[1A[2K[31mChrome 147.0.0.0 (Windows 10) StrokeRiskComponent should call stroke-risk-all API on load FAILED[39m
	Error: No icon provided. Make sure to use 'TablerIconsModule.pick({ ... })' when importing the module
	Refer to documentation on https://github.com/pierreavn/angular-tabler-icons
	    at new TablerIconsModule (node_modules/angular-tabler-icons/fesm2022/angular-tabler-icons.mjs:126:19)
	    at Object.useFactory (node_modules/angular-tabler-icons/fesm2022/angular-tabler-icons.mjs:150:23)
	    at Object.factory (node_modules/@angular/core/fesm2022/_untracked-chunk.mjs:1385:32)
	    at callback (node_modules/@angular/core/fesm2022/_untracked-chunk.mjs:1306:35)
	    at runInInjectorProfilerContext (node_modules/@angular/core/fesm2022/_untracked-chunk.mjs:437:5)
	    at R3Injector.hydrate (node_modules/@angular/core/fesm2022/_untracked-chunk.mjs:1304:11)
	    at R3Injector.get (node_modules/@angular/core/fesm2022/_untracked-chunk.mjs:1196:23)
	    at R3Injector.retrieve (node_modules/@angular/core/fesm2022/_untracked-chunk.mjs:1111:19)
	    at injectInjectorOnly (node_modules/@angular/core/fesm2022/_untracked-chunk.mjs:665:35)
	    at ╔Á╔Áinject (node_modules/@angular/core/fesm2022/_untracked-chunk.mjs:677:58)
	TypeError: Cannot read properties of undefined (reading 'verify')
	    at UserContext.apply (src/app/pages/super-admin/stroke-risk/stroke-risk.component.spec.ts:24:30)
	    at _ZoneDelegate.invoke (node_modules/zone.js/fesm2015/zone.js:398:28)
	    at ProxyZoneSpec.onInvoke (node_modules/zone.js/fesm2015/zone-testing.js:2132:39)
	    at _ZoneDelegate.invoke (node_modules/zone.js/fesm2015/zone.js:397:34)
	    at ZoneImpl.run (node_modules/zone.js/fesm2015/zone.js:113:43)
	    at runInTestZone (node_modules/zone.js/fesm2015/zone-testing.js:216:38)
	    at UserContext.<anonymous> (node_modules/zone.js/fesm2015/zone-testing.js:234:32)
	    at <Jasmine>
Chrome 147.0.0.0 (Windows 10): Executed 291 of 550[31m (86 FAILED)[39m (0 secs / 14.961 secs)
[1A[2K[31mChrome 147.0.0.0 (Windows 10) ProfilComponent loadProfile() should handle invalid localStorage gracefully FAILED[39m
	Error: A module with providers was imported from "ProfilComponent". Modules with providers are not supported in standalone components imports.
	    at verifyStandaloneImport (node_modules/@angular/core/fesm2022/_debug_node-chunk.mjs:7278:15)
	    at directives (node_modules/@angular/core/fesm2022/_debug_node-chunk.mjs:17857:9)
	    at createTView (node_modules/@angular/core/fesm2022/_debug_node-chunk.mjs:3819:59)
	    at getOrCreateComponentTView (node_modules/@angular/core/fesm2022/_debug_node-chunk.mjs:3843:24)
	    at createComponentLView (node_modules/@angular/core/fesm2022/_debug_node-chunk.mjs:3873:17)
	    at instantiateAllDirectives (node_modules/@angular/core/fesm2022/_debug_node-chunk.mjs:4972:5)
	    at createDirectivesInstances (node_modules/@angular/core/fesm2022/_debug_node-chunk.mjs:4839:3)
	    at ComponentFactory.create (node_modules/@angular/core/fesm2022/_debug_node-chunk.mjs:8287:9)
	    at apply (node_modules/@angular/core/fesm2022/testing.mjs:1475:45)
	    at _ZoneDelegate.invoke (node_modules/zone.js/fesm2015/zone.js:398:28)
Chrome 147.0.0.0 (Windows 10): Executed 292 of 550[31m (87 FAILED)[39m (0 secs / 15.022 secs)
[1A[2K[31mChrome 147.0.0.0 (Windows 10) ProfilComponent loadProfile() should handle API error gracefully FAILED[39m
	Error: A module with providers was imported from "ProfilComponent". Modules with providers are not supported in standalone components imports.
	    at verifyStandaloneImport (node_modules/@angular/core/fesm2022/_debug_node-chunk.mjs:7278:15)
	    at directives (node_modules/@angular/core/fesm2022/_debug_node-chunk.mjs:17857:9)
	    at createTView (node_modules/@angular/core/fesm2022/_debug_node-chunk.mjs:3819:59)
	    at getOrCreateComponentTView (node_modules/@angular/core/fesm2022/_debug_node-chunk.mjs:3843:24)
	    at createComponentLView (node_modules/@angular/core/fesm2022/_debug_node-chunk.mjs:3873:17)
	    at instantiateAllDirectives (node_modules/@angular/core/fesm2022/_debug_node-chunk.mjs:4972:5)
	    at createDirectivesInstances (node_modules/@angular/core/fesm2022/_debug_node-chunk.mjs:4839:3)
	    at ComponentFactory.create (node_modules/@angular/core/fesm2022/_debug_node-chunk.mjs:8287:9)
	    at apply (node_modules/@angular/core/fesm2022/testing.mjs:1475:45)
	    at _ZoneDelegate.invoke (node_modules/zone.js/fesm2015/zone.js:398:28)
Chrome 147.0.0.0 (Windows 10): Executed 293 of 550[31m (88 FAILED)[39m (0 secs / 15.066 secs)
[1A[2K[31mChrome 147.0.0.0 (Windows 10) ProfilComponent loadProfile() should load profile from API and update localStorage FAILED[39m
	Error: A module with providers was imported from "ProfilComponent". Modules with providers are not supported in standalone components imports.
	    at verifyStandaloneImport (node_modules/@angular/core/fesm2022/_debug_node-chunk.mjs:7278:15)
	    at directives (node_modules/@angular/core/fesm2022/_debug_node-chunk.mjs:17857:9)
	    at createTView (node_modules/@angular/core/fesm2022/_debug_node-chunk.mjs:3819:59)
	    at getOrCreateComponentTView (node_modules/@angular/core/fesm2022/_debug_node-chunk.mjs:3843:24)
	    at createComponentLView (node_modules/@angular/core/fesm2022/_debug_node-chunk.mjs:3873:17)
	    at instantiateAllDirectives (node_modules/@angular/core/fesm2022/_debug_node-chunk.mjs:4972:5)
	    at createDirectivesInstances (node_modules/@angular/core/fesm2022/_debug_node-chunk.mjs:4839:3)
	    at ComponentFactory.create (node_modules/@angular/core/fesm2022/_debug_node-chunk.mjs:8287:9)
	    at apply (node_modules/@angular/core/fesm2022/testing.mjs:1475:45)
	    at _ZoneDelegate.invoke (node_modules/zone.js/fesm2015/zone.js:398:28)
Chrome 147.0.0.0 (Windows 10): Executed 294 of 550[31m (89 FAILED)[39m (0 secs / 15.112 secs)
[1A[2K[31mChrome 147.0.0.0 (Windows 10) ProfilComponent loadProfile() should load profile from localStorage first if available FAILED[39m
	Error: A module with providers was imported from "ProfilComponent". Modules with providers are not supported in standalone components imports.
	    at verifyStandaloneImport (node_modules/@angular/core/fesm2022/_debug_node-chunk.mjs:7278:15)
	    at directives (node_modules/@angular/core/fesm2022/_debug_node-chunk.mjs:17857:9)
	    at createTView (node_modules/@angular/core/fesm2022/_debug_node-chunk.mjs:3819:59)
	    at getOrCreateComponentTView (node_modules/@angular/core/fesm2022/_debug_node-chunk.mjs:3843:24)
	    at createComponentLView (node_modules/@angular/core/fesm2022/_debug_node-chunk.mjs:3873:17)
	    at instantiateAllDirectives (node_modules/@angular/core/fesm2022/_debug_node-chunk.mjs:4972:5)
	    at createDirectivesInstances (node_modules/@angular/core/fesm2022/_debug_node-chunk.mjs:4839:3)
	    at ComponentFactory.create (node_modules/@angular/core/fesm2022/_debug_node-chunk.mjs:8287:9)
	    at apply (node_modules/@angular/core/fesm2022/testing.mjs:1475:45)
	    at _ZoneDelegate.invoke (node_modules/zone.js/fesm2015/zone.js:398:28)
Chrome 147.0.0.0 (Windows 10): Executed 295 of 550[31m (90 FAILED)[39m (0 secs / 15.152 secs)
[1A[2K[31mChrome 147.0.0.0 (Windows 10) ProfilComponent Dialogs should open EditProfileDialogComponent and reload on close FAILED[39m
	Error: A module with providers was imported from "ProfilComponent". Modules with providers are not supported in standalone components imports.
	    at verifyStandaloneImport (node_modules/@angular/core/fesm2022/_debug_node-chunk.mjs:7278:15)
	    at directives (node_modules/@angular/core/fesm2022/_debug_node-chunk.mjs:17857:9)
	    at createTView (node_modules/@angular/core/fesm2022/_debug_node-chunk.mjs:3819:59)
	    at getOrCreateComponentTView (node_modules/@angular/core/fesm2022/_debug_node-chunk.mjs:3843:24)
	    at createComponentLView (node_modules/@angular/core/fesm2022/_debug_node-chunk.mjs:3873:17)
	    at instantiateAllDirectives (node_modules/@angular/core/fesm2022/_debug_node-chunk.mjs:4972:5)
	    at createDirectivesInstances (node_modules/@angular/core/fesm2022/_debug_node-chunk.mjs:4839:3)
	    at ComponentFactory.create (node_modules/@angular/core/fesm2022/_debug_node-chunk.mjs:8287:9)
	    at apply (node_modules/@angular/core/fesm2022/testing.mjs:1475:45)
	    at _ZoneDelegate.invoke (node_modules/zone.js/fesm2015/zone.js:398:28)
Chrome 147.0.0.0 (Windows 10): Executed 296 of 550[31m (91 FAILED)[39m (0 secs / 15.192 secs)
[1A[2K[31mChrome 147.0.0.0 (Windows 10) ProfilComponent Dialogs should open ChangePasswordDialogComponent if email exists FAILED[39m
	Error: A module with providers was imported from "ProfilComponent". Modules with providers are not supported in standalone components imports.
	    at verifyStandaloneImport (node_modules/@angular/core/fesm2022/_debug_node-chunk.mjs:7278:15)
	    at directives (node_modules/@angular/core/fesm2022/_debug_node-chunk.mjs:17857:9)
	    at createTView (node_modules/@angular/core/fesm2022/_debug_node-chunk.mjs:3819:59)
	    at getOrCreateComponentTView (node_modules/@angular/core/fesm2022/_debug_node-chunk.mjs:3843:24)
	    at createComponentLView (node_modules/@angular/core/fesm2022/_debug_node-chunk.mjs:3873:17)
	    at instantiateAllDirectives (node_modules/@angular/core/fesm2022/_debug_node-chunk.mjs:4972:5)
	    at createDirectivesInstances (node_modules/@angular/core/fesm2022/_debug_node-chunk.mjs:4839:3)
	    at ComponentFactory.create (node_modules/@angular/core/fesm2022/_debug_node-chunk.mjs:8287:9)
	    at apply (node_modules/@angular/core/fesm2022/testing.mjs:1475:45)
	    at _ZoneDelegate.invoke (node_modules/zone.js/fesm2015/zone.js:398:28)
Chrome 147.0.0.0 (Windows 10): Executed 297 of 550[31m (92 FAILED)[39m (0 secs / 15.229 secs)
[1A[2K[31mChrome 147.0.0.0 (Windows 10) ProfilComponent Dialogs should not open EditProfileDialogComponent if rawUserData is null FAILED[39m
	Error: A module with providers was imported from "ProfilComponent". Modules with providers are not supported in standalone components imports.
	    at verifyStandaloneImport (node_modules/@angular/core/fesm2022/_debug_node-chunk.mjs:7278:15)
	    at directives (node_modules/@angular/core/fesm2022/_debug_node-chunk.mjs:17857:9)
	    at createTView (node_modules/@angular/core/fesm2022/_debug_node-chunk.mjs:3819:59)
	    at getOrCreateComponentTView (node_modules/@angular/core/fesm2022/_debug_node-chunk.mjs:3843:24)
	    at createComponentLView (node_modules/@angular/core/fesm2022/_debug_node-chunk.mjs:3873:17)
	    at instantiateAllDirectives (node_modules/@angular/core/fesm2022/_debug_node-chunk.mjs:4972:5)
	    at createDirectivesInstances (node_modules/@angular/core/fesm2022/_debug_node-chunk.mjs:4839:3)
	    at ComponentFactory.create (node_modules/@angular/core/fesm2022/_debug_node-chunk.mjs:8287:9)
	    at apply (node_modules/@angular/core/fesm2022/testing.mjs:1475:45)
	    at _ZoneDelegate.invoke (node_modules/zone.js/fesm2015/zone.js:398:28)
Chrome 147.0.0.0 (Windows 10): Executed 298 of 550[31m (93 FAILED)[39m (0 secs / 15.273 secs)
[1A[2K[31mChrome 147.0.0.0 (Windows 10) ProfilComponent Dialogs should not open ChangePasswordDialogComponent if email is missing FAILED[39m
	Error: A module with providers was imported from "ProfilComponent". Modules with providers are not supported in standalone components imports.
	    at verifyStandaloneImport (node_modules/@angular/core/fesm2022/_debug_node-chunk.mjs:7278:15)
	    at directives (node_modules/@angular/core/fesm2022/_debug_node-chunk.mjs:17857:9)
	    at createTView (node_modules/@angular/core/fesm2022/_debug_node-chunk.mjs:3819:59)
	    at getOrCreateComponentTView (node_modules/@angular/core/fesm2022/_debug_node-chunk.mjs:3843:24)
	    at createComponentLView (node_modules/@angular/core/fesm2022/_debug_node-chunk.mjs:3873:17)
	    at instantiateAllDirectives (node_modules/@angular/core/fesm2022/_debug_node-chunk.mjs:4972:5)
	    at createDirectivesInstances (node_modules/@angular/core/fesm2022/_debug_node-chunk.mjs:4839:3)
	    at ComponentFactory.create (node_modules/@angular/core/fesm2022/_debug_node-chunk.mjs:8287:9)
	    at apply (node_modules/@angular/core/fesm2022/testing.mjs:1475:45)
	    at _ZoneDelegate.invoke (node_modules/zone.js/fesm2015/zone.js:398:28)
Chrome 147.0.0.0 (Windows 10): Executed 299 of 550[31m (94 FAILED)[39m (0 secs / 15.314 secs)
[1A[2K[31mChrome 147.0.0.0 (Windows 10) ProfilComponent should create FAILED[39m
	Error: A module with providers was imported from "ProfilComponent". Modules with providers are not supported in standalone components imports.
	    at verifyStandaloneImport (node_modules/@angular/core/fesm2022/_debug_node-chunk.mjs:7278:15)
	    at directives (node_modules/@angular/core/fesm2022/_debug_node-chunk.mjs:17857:9)
	    at createTView (node_modules/@angular/core/fesm2022/_debug_node-chunk.mjs:3819:59)
	    at getOrCreateComponentTView (node_modules/@angular/core/fesm2022/_debug_node-chunk.mjs:3843:24)
	    at createComponentLView (node_modules/@angular/core/fesm2022/_debug_node-chunk.mjs:3873:17)
	    at instantiateAllDirectives (node_modules/@angular/core/fesm2022/_debug_node-chunk.mjs:4972:5)
	    at createDirectivesInstances (node_modules/@angular/core/fesm2022/_debug_node-chunk.mjs:4839:3)
	    at ComponentFactory.create (node_modules/@angular/core/fesm2022/_debug_node-chunk.mjs:8287:9)
	    at apply (node_modules/@angular/core/fesm2022/testing.mjs:1475:45)
	    at _ZoneDelegate.invoke (node_modules/zone.js/fesm2015/zone.js:398:28)
Chrome 147.0.0.0 (Windows 10): Executed 300 of 550[31m (95 FAILED)[39m (0 secs / 15.349 secs)
[1A[2K[31mChrome 147.0.0.0 (Windows 10) ProfilComponent updateProfileState() logic should compute initials from firstName and lastName FAILED[39m
	Error: A module with providers was imported from "ProfilComponent". Modules with providers are not supported in standalone components imports.
	    at verifyStandaloneImport (node_modules/@angular/core/fesm2022/_debug_node-chunk.mjs:7278:15)
	    at directives (node_modules/@angular/core/fesm2022/_debug_node-chunk.mjs:17857:9)
	    at createTView (node_modules/@angular/core/fesm2022/_debug_node-chunk.mjs:3819:59)
	    at getOrCreateComponentTView (node_modules/@angular/core/fesm2022/_debug_node-chunk.mjs:3843:24)
	    at createComponentLView (node_modules/@angular/core/fesm2022/_debug_node-chunk.mjs:3873:17)
	    at instantiateAllDirectives (node_modules/@angular/core/fesm2022/_debug_node-chunk.mjs:4972:5)
	    at createDirectivesInstances (node_modules/@angular/core/fesm2022/_debug_node-chunk.mjs:4839:3)
	    at ComponentFactory.create (node_modules/@angular/core/fesm2022/_debug_node-chunk.mjs:8287:9)
	    at apply (node_modules/@angular/core/fesm2022/testing.mjs:1475:45)
	    at _ZoneDelegate.invoke (node_modules/zone.js/fesm2015/zone.js:398:28)
Chrome 147.0.0.0 (Windows 10): Executed 301 of 550[31m (96 FAILED)[39m (0 secs / 15.393 secs)
[1A[2K[31mChrome 147.0.0.0 (Windows 10) ProfilComponent updateProfileState() logic should format avatar URL correctly (raw filename) FAILED[39m
	Error: A module with providers was imported from "ProfilComponent". Modules with providers are not supported in standalone components imports.
	    at verifyStandaloneImport (node_modules/@angular/core/fesm2022/_debug_node-chunk.mjs:7278:15)
	    at directives (node_modules/@angular/core/fesm2022/_debug_node-chunk.mjs:17857:9)
	    at createTView (node_modules/@angular/core/fesm2022/_debug_node-chunk.mjs:3819:59)
	    at getOrCreateComponentTView (node_modules/@angular/core/fesm2022/_debug_node-chunk.mjs:3843:24)
	    at createComponentLView (node_modules/@angular/core/fesm2022/_debug_node-chunk.mjs:3873:17)
	    at instantiateAllDirectives (node_modules/@angular/core/fesm2022/_debug_node-chunk.mjs:4972:5)
	    at createDirectivesInstances (node_modules/@angular/core/fesm2022/_debug_node-chunk.mjs:4839:3)
	    at ComponentFactory.create (node_modules/@angular/core/fesm2022/_debug_node-chunk.mjs:8287:9)
	    at apply (node_modules/@angular/core/fesm2022/testing.mjs:1475:45)
	    at _ZoneDelegate.invoke (node_modules/zone.js/fesm2015/zone.js:398:28)
Chrome 147.0.0.0 (Windows 10): Executed 302 of 550[31m (97 FAILED)[39m (0 secs / 15.43 secs)
[1A[2K[31mChrome 147.0.0.0 (Windows 10) ProfilComponent updateProfileState() logic should handle http avatar URL correctly FAILED[39m
	Error: A module with providers was imported from "ProfilComponent". Modules with providers are not supported in standalone components imports.
	    at verifyStandaloneImport (node_modules/@angular/core/fesm2022/_debug_node-chunk.mjs:7278:15)
	    at directives (node_modules/@angular/core/fesm2022/_debug_node-chunk.mjs:17857:9)
	    at createTView (node_modules/@angular/core/fesm2022/_debug_node-chunk.mjs:3819:59)
	    at getOrCreateComponentTView (node_modules/@angular/core/fesm2022/_debug_node-chunk.mjs:3843:24)
	    at createComponentLView (node_modules/@angular/core/fesm2022/_debug_node-chunk.mjs:3873:17)
	    at instantiateAllDirectives (node_modules/@angular/core/fesm2022/_debug_node-chunk.mjs:4972:5)
	    at createDirectivesInstances (node_modules/@angular/core/fesm2022/_debug_node-chunk.mjs:4839:3)
	    at ComponentFactory.create (node_modules/@angular/core/fesm2022/_debug_node-chunk.mjs:8287:9)
	    at apply (node_modules/@angular/core/fesm2022/testing.mjs:1475:45)
	    at _ZoneDelegate.invoke (node_modules/zone.js/fesm2015/zone.js:398:28)
Chrome 147.0.0.0 (Windows 10): Executed 303 of 550[31m (98 FAILED)[39m (0 secs / 15.472 secs)
[1A[2K[31mChrome 147.0.0.0 (Windows 10) ProfilComponent updateProfileState() logic should format doctor profile with "Dr." prefix FAILED[39m
	Error: A module with providers was imported from "ProfilComponent". Modules with providers are not supported in standalone components imports.
	    at verifyStandaloneImport (node_modules/@angular/core/fesm2022/_debug_node-chunk.mjs:7278:15)
	    at directives (node_modules/@angular/core/fesm2022/_debug_node-chunk.mjs:17857:9)
	    at createTView (node_modules/@angular/core/fesm2022/_debug_node-chunk.mjs:3819:59)
	    at getOrCreateComponentTView (node_modules/@angular/core/fesm2022/_debug_node-chunk.mjs:3843:24)
	    at createComponentLView (node_modules/@angular/core/fesm2022/_debug_node-chunk.mjs:3873:17)
	    at instantiateAllDirectives (node_modules/@angular/core/fesm2022/_debug_node-chunk.mjs:4972:5)
	    at createDirectivesInstances (node_modules/@angular/core/fesm2022/_debug_node-chunk.mjs:4839:3)
	    at ComponentFactory.create (node_modules/@angular/core/fesm2022/_debug_node-chunk.mjs:8287:9)
	    at apply (node_modules/@angular/core/fesm2022/testing.mjs:1475:45)
	    at _ZoneDelegate.invoke (node_modules/zone.js/fesm2015/zone.js:398:28)
Chrome 147.0.0.0 (Windows 10): Executed 304 of 550[31m (99 FAILED)[39m (0 secs / 15.515 secs)
[1A[2K[31mChrome 147.0.0.0 (Windows 10) ProfilComponent updateProfileState() logic should format avatar URL correctly (uploads/) FAILED[39m
	Error: A module with providers was imported from "ProfilComponent". Modules with providers are not supported in standalone components imports.
	    at verifyStandaloneImport (node_modules/@angular/core/fesm2022/_debug_node-chunk.mjs:7278:15)
	    at directives (node_modules/@angular/core/fesm2022/_debug_node-chunk.mjs:17857:9)
	    at createTView (node_modules/@angular/core/fesm2022/_debug_node-chunk.mjs:3819:59)
	    at getOrCreateComponentTView (node_modules/@angular/core/fesm2022/_debug_node-chunk.mjs:3843:24)
	    at createComponentLView (node_modules/@angular/core/fesm2022/_debug_node-chunk.mjs:3873:17)
	    at instantiateAllDirectives (node_modules/@angular/core/fesm2022/_debug_node-chunk.mjs:4972:5)
	    at createDirectivesInstances (node_modules/@angular/core/fesm2022/_debug_node-chunk.mjs:4839:3)
	    at ComponentFactory.create (node_modules/@angular/core/fesm2022/_debug_node-chunk.mjs:8287:9)
	    at apply (node_modules/@angular/core/fesm2022/testing.mjs:1475:45)
	    at _ZoneDelegate.invoke (node_modules/zone.js/fesm2015/zone.js:398:28)
Chrome 147.0.0.0 (Windows 10): Executed 305 of 550[31m (100 FAILED)[39m (0 secs / 15.556 secs)
[1A[2K[31mChrome 147.0.0.0 (Windows 10) ProfilComponent updateProfileState() logic should compute initials from email if names are missing FAILED[39m
	Error: A module with providers was imported from "ProfilComponent". Modules with providers are not supported in standalone components imports.
	    at verifyStandaloneImport (node_modules/@angular/core/fesm2022/_debug_node-chunk.mjs:7278:15)
	    at directives (node_modules/@angular/core/fesm2022/_debug_node-chunk.mjs:17857:9)
	    at createTView (node_modules/@angular/core/fesm2022/_debug_node-chunk.mjs:3819:59)
	    at getOrCreateComponentTView (node_modules/@angular/core/fesm2022/_debug_node-chunk.mjs:3843:24)
	    at createComponentLView (node_modules/@angular/core/fesm2022/_debug_node-chunk.mjs:3873:17)
	    at instantiateAllDirectives (node_modules/@angular/core/fesm2022/_debug_node-chunk.mjs:4972:5)
	    at createDirectivesInstances (node_modules/@angular/core/fesm2022/_debug_node-chunk.mjs:4839:3)
	    at ComponentFactory.create (node_modules/@angular/core/fesm2022/_debug_node-chunk.mjs:8287:9)
	    at apply (node_modules/@angular/core/fesm2022/testing.mjs:1475:45)
	    at _ZoneDelegate.invoke (node_modules/zone.js/fesm2015/zone.js:398:28)
Chrome 147.0.0.0 (Windows 10): Executed 306 of 550[31m (101 FAILED)[39m (0 secs / 15.598 secs)
[1A[2KChrome 147.0.0.0 (Windows 10): Executed 307 of 550[31m (101 FAILED)[39m (0 secs / 15.712 secs)
[1A[2KChrome 147.0.0.0 (Windows 10): Executed 308 of 550[31m (101 FAILED)[39m (0 secs / 15.78 secs)
[1A[2KChrome 147.0.0.0 (Windows 10): Executed 309 of 550[31m (101 FAILED)[39m (0 secs / 15.829 secs)
[1A[2KChrome 147.0.0.0 (Windows 10): Executed 310 of 550[31m (101 FAILED)[39m (0 secs / 15.888 secs)
[1A[2KChrome 147.0.0.0 (Windows 10): Executed 311 of 550[31m (101 FAILED)[39m (0 secs / 15.94 secs)
[1A[2KChrome 147.0.0.0 (Windows 10): Executed 312 of 550[31m (101 FAILED)[39m (0 secs / 15.979 secs)
[1A[2KChrome 147.0.0.0 (Windows 10): Executed 313 of 550[31m (101 FAILED)[39m (0 secs / 16.023 secs)
[1A[2KChrome 147.0.0.0 (Windows 10): Executed 314 of 550[31m (101 FAILED)[39m (0 secs / 16.061 secs)
[1A[2KChrome 147.0.0.0 (Windows 10): Executed 315 of 550[31m (101 FAILED)[39m (0 secs / 16.105 secs)
[1A[2KChrome 147.0.0.0 (Windows 10): Executed 316 of 550[31m (101 FAILED)[39m (0 secs / 16.144 secs)
[1A[2KChrome 147.0.0.0 (Windows 10): Executed 317 of 550[31m (101 FAILED)[39m (0 secs / 16.185 secs)
[1A[2KChrome 147.0.0.0 (Windows 10): Executed 318 of 550[31m (101 FAILED)[39m (0 secs / 16.23 secs)
[1A[2KChrome 147.0.0.0 (Windows 10): Executed 319 of 550[31m (101 FAILED)[39m (0 secs / 16.265 secs)
[1A[2KChrome 147.0.0.0 (Windows 10): Executed 320 of 550[31m (101 FAILED)[39m (0 secs / 16.305 secs)
[1A[2KChrome 147.0.0.0 (Windows 10): Executed 321 of 550[31m (101 FAILED)[39m (0 secs / 16.344 secs)
[1A[2KChrome 147.0.0.0 (Windows 10): Executed 322 of 550[31m (101 FAILED)[39m (0 secs / 16.378 secs)
[1A[2KChrome 147.0.0.0 (Windows 10): Executed 323 of 550[31m (101 FAILED)[39m (0 secs / 16.422 secs)
[1A[2KChrome 147.0.0.0 (Windows 10): Executed 324 of 550[31m (101 FAILED)[39m (0 secs / 16.469 secs)
[1A[2KChrome 147.0.0.0 (Windows 10): Executed 325 of 550[31m (101 FAILED)[39m (0 secs / 16.512 secs)
[1A[2KChrome 147.0.0.0 (Windows 10): Executed 326 of 550[31m (101 FAILED)[39m (0 secs / 16.562 secs)
[1A[2KChrome 147.0.0.0 (Windows 10): Executed 327 of 550[31m (101 FAILED)[39m (0 secs / 16.607 secs)
[1A[2KChrome 147.0.0.0 (Windows 10): Executed 328 of 550[31m (101 FAILED)[39m (0 secs / 16.643 secs)
[1A[2KChrome 147.0.0.0 (Windows 10): Executed 329 of 550[31m (101 FAILED)[39m (0 secs / 16.673 secs)
[1A[2KChrome 147.0.0.0 (Windows 10): Executed 330 of 550[31m (101 FAILED)[39m (0 secs / 16.701 secs)
[1A[2KChrome 147.0.0.0 (Windows 10): Executed 331 of 550[31m (101 FAILED)[39m (0 secs / 16.737 secs)
[1A[2KChrome 147.0.0.0 (Windows 10): Executed 332 of 550[31m (101 FAILED)[39m (0 secs / 16.771 secs)
[1A[2KChrome 147.0.0.0 (Windows 10): Executed 333 of 550[31m (101 FAILED)[39m (0 secs / 16.814 secs)
[1A[2KChrome 147.0.0.0 (Windows 10): Executed 334 of 550[31m (101 FAILED)[39m (0 secs / 16.857 secs)
[1A[2KChrome 147.0.0.0 (Windows 10): Executed 335 of 550[31m (101 FAILED)[39m (0 secs / 16.904 secs)
[1A[2KChrome 147.0.0.0 (Windows 10): Executed 336 of 550[31m (101 FAILED)[39m (0 secs / 16.946 secs)
[1A[2KChrome 147.0.0.0 (Windows 10): Executed 337 of 550[31m (101 FAILED)[39m (0 secs / 16.977 secs)
[1A[2KChrome 147.0.0.0 (Windows 10): Executed 338 of 550[31m (101 FAILED)[39m (0 secs / 17.019 secs)
[1A[2KChrome 147.0.0.0 (Windows 10): Executed 339 of 550[31m (101 FAILED)[39m (0 secs / 17.07 secs)
[1A[2KChrome 147.0.0.0 (Windows 10): Executed 340 of 550[31m (101 FAILED)[39m (0 secs / 17.119 secs)
[1A[2K[31mChrome 147.0.0.0 (Windows 10) AuditorCoordinatorsComponent should format response label in hours and minutes FAILED[39m
	Error: No icon provided. Make sure to use 'TablerIconsModule.pick({ ... })' when importing the module
	Refer to documentation on https://github.com/pierreavn/angular-tabler-icons
	    at new TablerIconsModule (node_modules/angular-tabler-icons/fesm2022/angular-tabler-icons.mjs:126:19)
	    at Object.useFactory (node_modules/angular-tabler-icons/fesm2022/angular-tabler-icons.mjs:150:23)
	    at Object.factory (node_modules/@angular/core/fesm2022/_untracked-chunk.mjs:1385:32)
	    at callback (node_modules/@angular/core/fesm2022/_untracked-chunk.mjs:1306:35)
	    at runInInjectorProfilerContext (node_modules/@angular/core/fesm2022/_untracked-chunk.mjs:437:5)
	    at R3Injector.hydrate (node_modules/@angular/core/fesm2022/_untracked-chunk.mjs:1304:11)
	    at R3Injector.get (node_modules/@angular/core/fesm2022/_untracked-chunk.mjs:1196:23)
	    at R3Injector.retrieve (node_modules/@angular/core/fesm2022/_untracked-chunk.mjs:1111:19)
	    at injectInjectorOnly (node_modules/@angular/core/fesm2022/_untracked-chunk.mjs:665:35)
	    at ╔Á╔Áinject (node_modules/@angular/core/fesm2022/_untracked-chunk.mjs:677:58)
	TypeError: Cannot read properties of undefined (reading 'verify')
	    at UserContext.apply (src/app/pages/auditor/auditor-coordinators/auditor-coordinators.component.spec.ts:24:30)
	    at _ZoneDelegate.invoke (node_modules/zone.js/fesm2015/zone.js:398:28)
	    at ProxyZoneSpec.onInvoke (node_modules/zone.js/fesm2015/zone-testing.js:2132:39)
	    at _ZoneDelegate.invoke (node_modules/zone.js/fesm2015/zone.js:397:34)
	    at ZoneImpl.run (node_modules/zone.js/fesm2015/zone.js:113:43)
	    at runInTestZone (node_modules/zone.js/fesm2015/zone-testing.js:216:38)
	    at UserContext.<anonymous> (node_modules/zone.js/fesm2015/zone-testing.js:234:32)
	    at <Jasmine>
Chrome 147.0.0.0 (Windows 10): Executed 341 of 550[31m (102 FAILED)[39m (0 secs / 17.162 secs)
[1A[2K[31mChrome 147.0.0.0 (Windows 10) AuditorCoordinatorsComponent should create component FAILED[39m
	Error: No icon provided. Make sure to use 'TablerIconsModule.pick({ ... })' when importing the module
	Refer to documentation on https://github.com/pierreavn/angular-tabler-icons
	    at new TablerIconsModule (node_modules/angular-tabler-icons/fesm2022/angular-tabler-icons.mjs:126:19)
	    at Object.useFactory (node_modules/angular-tabler-icons/fesm2022/angular-tabler-icons.mjs:150:23)
	    at Object.factory (node_modules/@angular/core/fesm2022/_untracked-chunk.mjs:1385:32)
	    at callback (node_modules/@angular/core/fesm2022/_untracked-chunk.mjs:1306:35)
	    at runInInjectorProfilerContext (node_modules/@angular/core/fesm2022/_untracked-chunk.mjs:437:5)
	    at R3Injector.hydrate (node_modules/@angular/core/fesm2022/_untracked-chunk.mjs:1304:11)
	    at R3Injector.get (node_modules/@angular/core/fesm2022/_untracked-chunk.mjs:1196:23)
	    at R3Injector.retrieve (node_modules/@angular/core/fesm2022/_untracked-chunk.mjs:1111:19)
	    at injectInjectorOnly (node_modules/@angular/core/fesm2022/_untracked-chunk.mjs:665:35)
	    at ╔Á╔Áinject (node_modules/@angular/core/fesm2022/_untracked-chunk.mjs:677:58)
	TypeError: Cannot read properties of undefined (reading 'verify')
	    at UserContext.apply (src/app/pages/auditor/auditor-coordinators/auditor-coordinators.component.spec.ts:24:30)
	    at _ZoneDelegate.invoke (node_modules/zone.js/fesm2015/zone.js:398:28)
	    at ProxyZoneSpec.onInvoke (node_modules/zone.js/fesm2015/zone-testing.js:2132:39)
	    at _ZoneDelegate.invoke (node_modules/zone.js/fesm2015/zone.js:397:34)
	    at ZoneImpl.run (node_modules/zone.js/fesm2015/zone.js:113:43)
	    at runInTestZone (node_modules/zone.js/fesm2015/zone-testing.js:216:38)
	    at UserContext.<anonymous> (node_modules/zone.js/fesm2015/zone-testing.js:234:32)
	    at <Jasmine>
Chrome 147.0.0.0 (Windows 10): Executed 342 of 550[31m (103 FAILED)[39m (0 secs / 17.174 secs)
[1A[2K[31mChrome 147.0.0.0 (Windows 10) AuditorCoordinatorsComponent should format response label in minutes FAILED[39m
	Error: No icon provided. Make sure to use 'TablerIconsModule.pick({ ... })' when importing the module
	Refer to documentation on https://github.com/pierreavn/angular-tabler-icons
	    at new TablerIconsModule (node_modules/angular-tabler-icons/fesm2022/angular-tabler-icons.mjs:126:19)
	    at Object.useFactory (node_modules/angular-tabler-icons/fesm2022/angular-tabler-icons.mjs:150:23)
	    at Object.factory (node_modules/@angular/core/fesm2022/_untracked-chunk.mjs:1385:32)
	    at callback (node_modules/@angular/core/fesm2022/_untracked-chunk.mjs:1306:35)
	    at runInInjectorProfilerContext (node_modules/@angular/core/fesm2022/_untracked-chunk.mjs:437:5)
	    at R3Injector.hydrate (node_modules/@angular/core/fesm2022/_untracked-chunk.mjs:1304:11)
	    at R3Injector.get (node_modules/@angular/core/fesm2022/_untracked-chunk.mjs:1196:23)
	    at R3Injector.retrieve (node_modules/@angular/core/fesm2022/_untracked-chunk.mjs:1111:19)
	    at injectInjectorOnly (node_modules/@angular/core/fesm2022/_untracked-chunk.mjs:665:35)
	    at ╔Á╔Áinject (node_modules/@angular/core/fesm2022/_untracked-chunk.mjs:677:58)
	TypeError: Cannot read properties of undefined (reading 'verify')
	    at UserContext.apply (src/app/pages/auditor/auditor-coordinators/auditor-coordinators.component.spec.ts:24:30)
	    at _ZoneDelegate.invoke (node_modules/zone.js/fesm2015/zone.js:398:28)
	    at ProxyZoneSpec.onInvoke (node_modules/zone.js/fesm2015/zone-testing.js:2132:39)
	    at _ZoneDelegate.invoke (node_modules/zone.js/fesm2015/zone.js:397:34)
	    at ZoneImpl.run (node_modules/zone.js/fesm2015/zone.js:113:43)
	    at runInTestZone (node_modules/zone.js/fesm2015/zone-testing.js:216:38)
	    at UserContext.<anonymous> (node_modules/zone.js/fesm2015/zone-testing.js:234:32)
	    at <Jasmine>
Chrome 147.0.0.0 (Windows 10): Executed 343 of 550[31m (104 FAILED)[39m (0 secs / 17.184 secs)
[1A[2K[31mChrome 147.0.0.0 (Windows 10) AuditorCoordinatorsComponent should return gold icon for first rank FAILED[39m
	Error: No icon provided. Make sure to use 'TablerIconsModule.pick({ ... })' when importing the module
	Refer to documentation on https://github.com/pierreavn/angular-tabler-icons
	    at new TablerIconsModule (node_modules/angular-tabler-icons/fesm2022/angular-tabler-icons.mjs:126:19)
	    at Object.useFactory (node_modules/angular-tabler-icons/fesm2022/angular-tabler-icons.mjs:150:23)
	    at Object.factory (node_modules/@angular/core/fesm2022/_untracked-chunk.mjs:1385:32)
	    at callback (node_modules/@angular/core/fesm2022/_untracked-chunk.mjs:1306:35)
	    at runInInjectorProfilerContext (node_modules/@angular/core/fesm2022/_untracked-chunk.mjs:437:5)
	    at R3Injector.hydrate (node_modules/@angular/core/fesm2022/_untracked-chunk.mjs:1304:11)
	    at R3Injector.get (node_modules/@angular/core/fesm2022/_untracked-chunk.mjs:1196:23)
	    at R3Injector.retrieve (node_modules/@angular/core/fesm2022/_untracked-chunk.mjs:1111:19)
	    at injectInjectorOnly (node_modules/@angular/core/fesm2022/_untracked-chunk.mjs:665:35)
	    at ╔Á╔Áinject (node_modules/@angular/core/fesm2022/_untracked-chunk.mjs:677:58)
	TypeError: Cannot read properties of undefined (reading 'verify')
	    at UserContext.apply (src/app/pages/auditor/auditor-coordinators/auditor-coordinators.component.spec.ts:24:30)
	    at _ZoneDelegate.invoke (node_modules/zone.js/fesm2015/zone.js:398:28)
	    at ProxyZoneSpec.onInvoke (node_modules/zone.js/fesm2015/zone-testing.js:2132:39)
	    at _ZoneDelegate.invoke (node_modules/zone.js/fesm2015/zone.js:397:34)
	    at ZoneImpl.run (node_modules/zone.js/fesm2015/zone.js:113:43)
	    at runInTestZone (node_modules/zone.js/fesm2015/zone-testing.js:216:38)
	    at UserContext.<anonymous> (node_modules/zone.js/fesm2015/zone-testing.js:234:32)
	    at <Jasmine>
Chrome 147.0.0.0 (Windows 10): Executed 344 of 550[31m (105 FAILED)[39m (0 secs / 17.196 secs)
[1A[2K[31mChrome 147.0.0.0 (Windows 10) AuditorCoordinatorsComponent should return bronze icon for third rank FAILED[39m
	Error: No icon provided. Make sure to use 'TablerIconsModule.pick({ ... })' when importing the module
	Refer to documentation on https://github.com/pierreavn/angular-tabler-icons
	    at new TablerIconsModule (node_modules/angular-tabler-icons/fesm2022/angular-tabler-icons.mjs:126:19)
	    at Object.useFactory (node_modules/angular-tabler-icons/fesm2022/angular-tabler-icons.mjs:150:23)
	    at Object.factory (node_modules/@angular/core/fesm2022/_untracked-chunk.mjs:1385:32)
	    at callback (node_modules/@angular/core/fesm2022/_untracked-chunk.mjs:1306:35)
	    at runInInjectorProfilerContext (node_modules/@angular/core/fesm2022/_untracked-chunk.mjs:437:5)
	    at R3Injector.hydrate (node_modules/@angular/core/fesm2022/_untracked-chunk.mjs:1304:11)
	    at R3Injector.get (node_modules/@angular/core/fesm2022/_untracked-chunk.mjs:1196:23)
	    at R3Injector.retrieve (node_modules/@angular/core/fesm2022/_untracked-chunk.mjs:1111:19)
	    at injectInjectorOnly (node_modules/@angular/core/fesm2022/_untracked-chunk.mjs:665:35)
	    at ╔Á╔Áinject (node_modules/@angular/core/fesm2022/_untracked-chunk.mjs:677:58)
	TypeError: Cannot read properties of undefined (reading 'verify')
	    at UserContext.apply (src/app/pages/auditor/auditor-coordinators/auditor-coordinators.component.spec.ts:24:30)
	    at _ZoneDelegate.invoke (node_modules/zone.js/fesm2015/zone.js:398:28)
	    at ProxyZoneSpec.onInvoke (node_modules/zone.js/fesm2015/zone-testing.js:2132:39)
	    at _ZoneDelegate.invoke (node_modules/zone.js/fesm2015/zone.js:397:34)
	    at ZoneImpl.run (node_modules/zone.js/fesm2015/zone.js:113:43)
	    at runInTestZone (node_modules/zone.js/fesm2015/zone-testing.js:216:38)
	    at UserContext.<anonymous> (node_modules/zone.js/fesm2015/zone-testing.js:234:32)
	    at <Jasmine>
Chrome 147.0.0.0 (Windows 10): Executed 345 of 550[31m (106 FAILED)[39m (0 secs / 17.206 secs)
[1A[2K[31mChrome 147.0.0.0 (Windows 10) AuditorCoordinatorsComponent should return dash when response time is null FAILED[39m
	Error: No icon provided. Make sure to use 'TablerIconsModule.pick({ ... })' when importing the module
	Refer to documentation on https://github.com/pierreavn/angular-tabler-icons
	    at new TablerIconsModule (node_modules/angular-tabler-icons/fesm2022/angular-tabler-icons.mjs:126:19)
	    at Object.useFactory (node_modules/angular-tabler-icons/fesm2022/angular-tabler-icons.mjs:150:23)
	    at Object.factory (node_modules/@angular/core/fesm2022/_untracked-chunk.mjs:1385:32)
	    at callback (node_modules/@angular/core/fesm2022/_untracked-chunk.mjs:1306:35)
	    at runInInjectorProfilerContext (node_modules/@angular/core/fesm2022/_untracked-chunk.mjs:437:5)
	    at R3Injector.hydrate (node_modules/@angular/core/fesm2022/_untracked-chunk.mjs:1304:11)
	    at R3Injector.get (node_modules/@angular/core/fesm2022/_untracked-chunk.mjs:1196:23)
	    at R3Injector.retrieve (node_modules/@angular/core/fesm2022/_untracked-chunk.mjs:1111:19)
	    at injectInjectorOnly (node_modules/@angular/core/fesm2022/_untracked-chunk.mjs:665:35)
	    at ╔Á╔Áinject (node_modules/@angular/core/fesm2022/_untracked-chunk.mjs:677:58)
	TypeError: Cannot read properties of undefined (reading 'verify')
	    at UserContext.apply (src/app/pages/auditor/auditor-coordinators/auditor-coordinators.component.spec.ts:24:30)
	    at _ZoneDelegate.invoke (node_modules/zone.js/fesm2015/zone.js:398:28)
	    at ProxyZoneSpec.onInvoke (node_modules/zone.js/fesm2015/zone-testing.js:2132:39)
	    at _ZoneDelegate.invoke (node_modules/zone.js/fesm2015/zone.js:397:34)
	    at ZoneImpl.run (node_modules/zone.js/fesm2015/zone.js:113:43)
	    at runInTestZone (node_modules/zone.js/fesm2015/zone-testing.js:216:38)
	    at UserContext.<anonymous> (node_modules/zone.js/fesm2015/zone-testing.js:234:32)
	    at <Jasmine>
Chrome 147.0.0.0 (Windows 10): Executed 346 of 550[31m (107 FAILED)[39m (0 secs / 17.213 secs)
[1A[2K[31mChrome 147.0.0.0 (Windows 10) AuditorCoordinatorsComponent should load coordinators data FAILED[39m
	Error: No icon provided. Make sure to use 'TablerIconsModule.pick({ ... })' when importing the module
	Refer to documentation on https://github.com/pierreavn/angular-tabler-icons
	    at new TablerIconsModule (node_modules/angular-tabler-icons/fesm2022/angular-tabler-icons.mjs:126:19)
	    at Object.useFactory (node_modules/angular-tabler-icons/fesm2022/angular-tabler-icons.mjs:150:23)
	    at Object.factory (node_modules/@angular/core/fesm2022/_untracked-chunk.mjs:1385:32)
	    at callback (node_modules/@angular/core/fesm2022/_untracked-chunk.mjs:1306:35)
	    at runInInjectorProfilerContext (node_modules/@angular/core/fesm2022/_untracked-chunk.mjs:437:5)
	    at R3Injector.hydrate (node_modules/@angular/core/fesm2022/_untracked-chunk.mjs:1304:11)
	    at R3Injector.get (node_modules/@angular/core/fesm2022/_untracked-chunk.mjs:1196:23)
	    at R3Injector.retrieve (node_modules/@angular/core/fesm2022/_untracked-chunk.mjs:1111:19)
	    at injectInjectorOnly (node_modules/@angular/core/fesm2022/_untracked-chunk.mjs:665:35)
	    at ╔Á╔Áinject (node_modules/@angular/core/fesm2022/_untracked-chunk.mjs:677:58)
	TypeError: Cannot read properties of undefined (reading 'verify')
	    at UserContext.apply (src/app/pages/auditor/auditor-coordinators/auditor-coordinators.component.spec.ts:24:30)
	    at _ZoneDelegate.invoke (node_modules/zone.js/fesm2015/zone.js:398:28)
	    at ProxyZoneSpec.onInvoke (node_modules/zone.js/fesm2015/zone-testing.js:2132:39)
	    at _ZoneDelegate.invoke (node_modules/zone.js/fesm2015/zone.js:397:34)
	    at ZoneImpl.run (node_modules/zone.js/fesm2015/zone.js:113:43)
	    at runInTestZone (node_modules/zone.js/fesm2015/zone-testing.js:216:38)
	    at UserContext.<anonymous> (node_modules/zone.js/fesm2015/zone-testing.js:234:32)
	    at <Jasmine>
Chrome 147.0.0.0 (Windows 10): Executed 347 of 550[31m (108 FAILED)[39m (0 secs / 17.227 secs)
[1A[2K[31mChrome 147.0.0.0 (Windows 10) AuditorCoordinatorsComponent should apply filter FAILED[39m
	Error: No icon provided. Make sure to use 'TablerIconsModule.pick({ ... })' when importing the module
	Refer to documentation on https://github.com/pierreavn/angular-tabler-icons
	    at new TablerIconsModule (node_modules/angular-tabler-icons/fesm2022/angular-tabler-icons.mjs:126:19)
	    at Object.useFactory (node_modules/angular-tabler-icons/fesm2022/angular-tabler-icons.mjs:150:23)
	    at Object.factory (node_modules/@angular/core/fesm2022/_untracked-chunk.mjs:1385:32)
	    at callback (node_modules/@angular/core/fesm2022/_untracked-chunk.mjs:1306:35)
	    at runInInjectorProfilerContext (node_modules/@angular/core/fesm2022/_untracked-chunk.mjs:437:5)
	    at R3Injector.hydrate (node_modules/@angular/core/fesm2022/_untracked-chunk.mjs:1304:11)
	    at R3Injector.get (node_modules/@angular/core/fesm2022/_untracked-chunk.mjs:1196:23)
	    at R3Injector.retrieve (node_modules/@angular/core/fesm2022/_untracked-chunk.mjs:1111:19)
	    at injectInjectorOnly (node_modules/@angular/core/fesm2022/_untracked-chunk.mjs:665:35)
	    at ╔Á╔Áinject (node_modules/@angular/core/fesm2022/_untracked-chunk.mjs:677:58)
	TypeError: Cannot read properties of undefined (reading 'verify')
	    at UserContext.apply (src/app/pages/auditor/auditor-coordinators/auditor-coordinators.component.spec.ts:24:30)
	    at _ZoneDelegate.invoke (node_modules/zone.js/fesm2015/zone.js:398:28)
	    at ProxyZoneSpec.onInvoke (node_modules/zone.js/fesm2015/zone-testing.js:2132:39)
	    at _ZoneDelegate.invoke (node_modules/zone.js/fesm2015/zone.js:397:34)
	    at ZoneImpl.run (node_modules/zone.js/fesm2015/zone.js:113:43)
	    at runInTestZone (node_modules/zone.js/fesm2015/zone-testing.js:216:38)
	    at UserContext.<anonymous> (node_modules/zone.js/fesm2015/zone-testing.js:234:32)
	    at <Jasmine>
Chrome 147.0.0.0 (Windows 10): Executed 348 of 550[31m (109 FAILED)[39m (0 secs / 17.24 secs)
[1A[2K[31mChrome 147.0.0.0 (Windows 10) AuditorCoordinatorsComponent should return yellow color for completeness >= 50 FAILED[39m
	Error: No icon provided. Make sure to use 'TablerIconsModule.pick({ ... })' when importing the module
	Refer to documentation on https://github.com/pierreavn/angular-tabler-icons
	    at new TablerIconsModule (node_modules/angular-tabler-icons/fesm2022/angular-tabler-icons.mjs:126:19)
	    at Object.useFactory (node_modules/angular-tabler-icons/fesm2022/angular-tabler-icons.mjs:150:23)
	    at Object.factory (node_modules/@angular/core/fesm2022/_untracked-chunk.mjs:1385:32)
	    at callback (node_modules/@angular/core/fesm2022/_untracked-chunk.mjs:1306:35)
	    at runInInjectorProfilerContext (node_modules/@angular/core/fesm2022/_untracked-chunk.mjs:437:5)
	    at R3Injector.hydrate (node_modules/@angular/core/fesm2022/_untracked-chunk.mjs:1304:11)
	    at R3Injector.get (node_modules/@angular/core/fesm2022/_untracked-chunk.mjs:1196:23)
	    at R3Injector.retrieve (node_modules/@angular/core/fesm2022/_untracked-chunk.mjs:1111:19)
	    at injectInjectorOnly (node_modules/@angular/core/fesm2022/_untracked-chunk.mjs:665:35)
	    at ╔Á╔Áinject (node_modules/@angular/core/fesm2022/_untracked-chunk.mjs:677:58)
	TypeError: Cannot read properties of undefined (reading 'verify')
	    at UserContext.apply (src/app/pages/auditor/auditor-coordinators/auditor-coordinators.component.spec.ts:24:30)
	    at _ZoneDelegate.invoke (node_modules/zone.js/fesm2015/zone.js:398:28)
	    at ProxyZoneSpec.onInvoke (node_modules/zone.js/fesm2015/zone-testing.js:2132:39)
	    at _ZoneDelegate.invoke (node_modules/zone.js/fesm2015/zone.js:397:34)
	    at ZoneImpl.run (node_modules/zone.js/fesm2015/zone.js:113:43)
	    at runInTestZone (node_modules/zone.js/fesm2015/zone-testing.js:216:38)
	    at UserContext.<anonymous> (node_modules/zone.js/fesm2015/zone-testing.js:234:32)
	    at <Jasmine>
Chrome 147.0.0.0 (Windows 10): Executed 349 of 550[31m (110 FAILED)[39m (0 secs / 17.258 secs)
[1A[2K[31mChrome 147.0.0.0 (Windows 10) AuditorCoordinatorsComponent should return normal rank for others FAILED[39m
	Error: No icon provided. Make sure to use 'TablerIconsModule.pick({ ... })' when importing the module
	Refer to documentation on https://github.com/pierreavn/angular-tabler-icons
	    at new TablerIconsModule (node_modules/angular-tabler-icons/fesm2022/angular-tabler-icons.mjs:126:19)
	    at Object.useFactory (node_modules/angular-tabler-icons/fesm2022/angular-tabler-icons.mjs:150:23)
	    at Object.factory (node_modules/@angular/core/fesm2022/_untracked-chunk.mjs:1385:32)
	    at callback (node_modules/@angular/core/fesm2022/_untracked-chunk.mjs:1306:35)
	    at runInInjectorProfilerContext (node_modules/@angular/core/fesm2022/_untracked-chunk.mjs:437:5)
	    at R3Injector.hydrate (node_modules/@angular/core/fesm2022/_untracked-chunk.mjs:1304:11)
	    at R3Injector.get (node_modules/@angular/core/fesm2022/_untracked-chunk.mjs:1196:23)
	    at R3Injector.retrieve (node_modules/@angular/core/fesm2022/_untracked-chunk.mjs:1111:19)
	    at injectInjectorOnly (node_modules/@angular/core/fesm2022/_untracked-chunk.mjs:665:35)
	    at ╔Á╔Áinject (node_modules/@angular/core/fesm2022/_untracked-chunk.mjs:677:58)
	TypeError: Cannot read properties of undefined (reading 'verify')
	    at UserContext.apply (src/app/pages/auditor/auditor-coordinators/auditor-coordinators.component.spec.ts:24:30)
	    at _ZoneDelegate.invoke (node_modules/zone.js/fesm2015/zone.js:398:28)
	    at ProxyZoneSpec.onInvoke (node_modules/zone.js/fesm2015/zone-testing.js:2132:39)
	    at _ZoneDelegate.invoke (node_modules/zone.js/fesm2015/zone.js:397:34)
	    at ZoneImpl.run (node_modules/zone.js/fesm2015/zone.js:113:43)
	    at runInTestZone (node_modules/zone.js/fesm2015/zone-testing.js:216:38)
	    at UserContext.<anonymous> (node_modules/zone.js/fesm2015/zone-testing.js:234:32)
	    at <Jasmine>
Chrome 147.0.0.0 (Windows 10): Executed 350 of 550[31m (111 FAILED)[39m (0 secs / 17.272 secs)
[1A[2K[31mChrome 147.0.0.0 (Windows 10) AuditorCoordinatorsComponent should return green color for completeness >= 80 FAILED[39m
	Error: No icon provided. Make sure to use 'TablerIconsModule.pick({ ... })' when importing the module
	Refer to documentation on https://github.com/pierreavn/angular-tabler-icons
	    at new TablerIconsModule (node_modules/angular-tabler-icons/fesm2022/angular-tabler-icons.mjs:126:19)
	    at Object.useFactory (node_modules/angular-tabler-icons/fesm2022/angular-tabler-icons.mjs:150:23)
	    at Object.factory (node_modules/@angular/core/fesm2022/_untracked-chunk.mjs:1385:32)
	    at callback (node_modules/@angular/core/fesm2022/_untracked-chunk.mjs:1306:35)
	    at runInInjectorProfilerContext (node_modules/@angular/core/fesm2022/_untracked-chunk.mjs:437:5)
	    at R3Injector.hydrate (node_modules/@angular/core/fesm2022/_untracked-chunk.mjs:1304:11)
	    at R3Injector.get (node_modules/@angular/core/fesm2022/_untracked-chunk.mjs:1196:23)
	    at R3Injector.retrieve (node_modules/@angular/core/fesm2022/_untracked-chunk.mjs:1111:19)
	    at injectInjectorOnly (node_modules/@angular/core/fesm2022/_untracked-chunk.mjs:665:35)
	    at ╔Á╔Áinject (node_modules/@angular/core/fesm2022/_untracked-chunk.mjs:677:58)
	TypeError: Cannot read properties of undefined (reading 'verify')
	    at UserContext.apply (src/app/pages/auditor/auditor-coordinators/auditor-coordinators.component.spec.ts:24:30)
	    at _ZoneDelegate.invoke (node_modules/zone.js/fesm2015/zone.js:398:28)
	    at ProxyZoneSpec.onInvoke (node_modules/zone.js/fesm2015/zone-testing.js:2132:39)
	    at _ZoneDelegate.invoke (node_modules/zone.js/fesm2015/zone.js:397:34)
	    at ZoneImpl.run (node_modules/zone.js/fesm2015/zone.js:113:43)
	    at runInTestZone (node_modules/zone.js/fesm2015/zone-testing.js:216:38)
	    at UserContext.<anonymous> (node_modules/zone.js/fesm2015/zone-testing.js:234:32)
	    at <Jasmine>
Chrome 147.0.0.0 (Windows 10): Executed 351 of 550[31m (112 FAILED)[39m (0 secs / 17.284 secs)
[1A[2K[31mChrome 147.0.0.0 (Windows 10) AuditorCoordinatorsComponent should return red color for completeness < 50 FAILED[39m
	Error: No icon provided. Make sure to use 'TablerIconsModule.pick({ ... })' when importing the module
	Refer to documentation on https://github.com/pierreavn/angular-tabler-icons
	    at new TablerIconsModule (node_modules/angular-tabler-icons/fesm2022/angular-tabler-icons.mjs:126:19)
	    at Object.useFactory (node_modules/angular-tabler-icons/fesm2022/angular-tabler-icons.mjs:150:23)
	    at Object.factory (node_modules/@angular/core/fesm2022/_untracked-chunk.mjs:1385:32)
	    at callback (node_modules/@angular/core/fesm2022/_untracked-chunk.mjs:1306:35)
	    at runInInjectorProfilerContext (node_modules/@angular/core/fesm2022/_untracked-chunk.mjs:437:5)
	    at R3Injector.hydrate (node_modules/@angular/core/fesm2022/_untracked-chunk.mjs:1304:11)
	    at R3Injector.get (node_modules/@angular/core/fesm2022/_untracked-chunk.mjs:1196:23)
	    at R3Injector.retrieve (node_modules/@angular/core/fesm2022/_untracked-chunk.mjs:1111:19)
	    at injectInjectorOnly (node_modules/@angular/core/fesm2022/_untracked-chunk.mjs:665:35)
	    at ╔Á╔Áinject (node_modules/@angular/core/fesm2022/_untracked-chunk.mjs:677:58)
	TypeError: Cannot read properties of undefined (reading 'verify')
	    at UserContext.apply (src/app/pages/auditor/auditor-coordinators/auditor-coordinators.component.spec.ts:24:30)
	    at _ZoneDelegate.invoke (node_modules/zone.js/fesm2015/zone.js:398:28)
	    at ProxyZoneSpec.onInvoke (node_modules/zone.js/fesm2015/zone-testing.js:2132:39)
	    at _ZoneDelegate.invoke (node_modules/zone.js/fesm2015/zone.js:397:34)
	    at ZoneImpl.run (node_modules/zone.js/fesm2015/zone.js:113:43)
	    at runInTestZone (node_modules/zone.js/fesm2015/zone-testing.js:216:38)
	    at UserContext.<anonymous> (node_modules/zone.js/fesm2015/zone-testing.js:234:32)
	    at <Jasmine>
Chrome 147.0.0.0 (Windows 10): Executed 352 of 550[31m (113 FAILED)[39m (0 secs / 17.295 secs)
[1A[2K[31mChrome 147.0.0.0 (Windows 10) AuditorCoordinatorsComponent should return silver icon for second rank FAILED[39m
	Error: No icon provided. Make sure to use 'TablerIconsModule.pick({ ... })' when importing the module
	Refer to documentation on https://github.com/pierreavn/angular-tabler-icons
	    at new TablerIconsModule (node_modules/angular-tabler-icons/fesm2022/angular-tabler-icons.mjs:126:19)
	    at Object.useFactory (node_modules/angular-tabler-icons/fesm2022/angular-tabler-icons.mjs:150:23)
	    at Object.factory (node_modules/@angular/core/fesm2022/_untracked-chunk.mjs:1385:32)
	    at callback (node_modules/@angular/core/fesm2022/_untracked-chunk.mjs:1306:35)
	    at runInInjectorProfilerContext (node_modules/@angular/core/fesm2022/_untracked-chunk.mjs:437:5)
	    at R3Injector.hydrate (node_modules/@angular/core/fesm2022/_untracked-chunk.mjs:1304:11)
	    at R3Injector.get (node_modules/@angular/core/fesm2022/_untracked-chunk.mjs:1196:23)
	    at R3Injector.retrieve (node_modules/@angular/core/fesm2022/_untracked-chunk.mjs:1111:19)
	    at injectInjectorOnly (node_modules/@angular/core/fesm2022/_untracked-chunk.mjs:665:35)
	    at ╔Á╔Áinject (node_modules/@angular/core/fesm2022/_untracked-chunk.mjs:677:58)
	TypeError: Cannot read properties of undefined (reading 'verify')
	    at UserContext.apply (src/app/pages/auditor/auditor-coordinators/auditor-coordinators.component.spec.ts:24:30)
	    at _ZoneDelegate.invoke (node_modules/zone.js/fesm2015/zone.js:398:28)
	    at ProxyZoneSpec.onInvoke (node_modules/zone.js/fesm2015/zone-testing.js:2132:39)
	    at _ZoneDelegate.invoke (node_modules/zone.js/fesm2015/zone.js:397:34)
	    at ZoneImpl.run (node_modules/zone.js/fesm2015/zone.js:113:43)
	    at runInTestZone (node_modules/zone.js/fesm2015/zone-testing.js:216:38)
	    at UserContext.<anonymous> (node_modules/zone.js/fesm2015/zone-testing.js:234:32)
	    at <Jasmine>
Chrome 147.0.0.0 (Windows 10): Executed 353 of 550[31m (114 FAILED)[39m (0 secs / 17.307 secs)
[1A[2KChrome 147.0.0.0 (Windows 10): Executed 354 of 550[31m (114 FAILED)[39m (0 secs / 17.426 secs)
[1A[2KChrome 147.0.0.0 (Windows 10): Executed 355 of 550[31m (114 FAILED)[39m (0 secs / 17.487 secs)
[1A[2KChrome 147.0.0.0 (Windows 10): Executed 356 of 550[31m (114 FAILED)[39m (0 secs / 17.549 secs)
[1A[2KChrome 147.0.0.0 (Windows 10): Executed 357 of 550[31m (114 FAILED)[39m (0 secs / 17.597 secs)
[1A[2KChrome 147.0.0.0 (Windows 10): Executed 358 of 550[31m (114 FAILED)[39m (0 secs / 17.638 secs)
[1A[2KChrome 147.0.0.0 (Windows 10): Executed 359 of 550[31m (114 FAILED)[39m (0 secs / 17.676 secs)
[1A[2K[31mChrome 147.0.0.0 (Windows 10) AdminDashboardComponent should create the component FAILED[39m
	Error: A module with providers was imported from "AdminDashboardComponent". Modules with providers are not supported in standalone components imports.
	    at verifyStandaloneImport (node_modules/@angular/core/fesm2022/_debug_node-chunk.mjs:7278:15)
	    at directives (node_modules/@angular/core/fesm2022/_debug_node-chunk.mjs:17857:9)
	    at createTView (node_modules/@angular/core/fesm2022/_debug_node-chunk.mjs:3819:59)
	    at getOrCreateComponentTView (node_modules/@angular/core/fesm2022/_debug_node-chunk.mjs:3843:24)
	    at createComponentLView (node_modules/@angular/core/fesm2022/_debug_node-chunk.mjs:3873:17)
	    at instantiateAllDirectives (node_modules/@angular/core/fesm2022/_debug_node-chunk.mjs:4972:5)
	    at createDirectivesInstances (node_modules/@angular/core/fesm2022/_debug_node-chunk.mjs:4839:3)
	    at ComponentFactory.create (node_modules/@angular/core/fesm2022/_debug_node-chunk.mjs:8287:9)
	    at apply (node_modules/@angular/core/fesm2022/testing.mjs:1475:45)
	    at _ZoneDelegate.invoke (node_modules/zone.js/fesm2015/zone.js:398:28)
Chrome 147.0.0.0 (Windows 10): Executed 360 of 550[31m (115 FAILED)[39m (0 secs / 17.929 secs)
[1A[2K[31mChrome 147.0.0.0 (Windows 10) AdminDashboardComponent should handle keyboard shortcuts FAILED[39m
	Error: A module with providers was imported from "AdminDashboardComponent". Modules with providers are not supported in standalone components imports.
	    at verifyStandaloneImport (node_modules/@angular/core/fesm2022/_debug_node-chunk.mjs:7278:15)
	    at directives (node_modules/@angular/core/fesm2022/_debug_node-chunk.mjs:17857:9)
	    at createTView (node_modules/@angular/core/fesm2022/_debug_node-chunk.mjs:3819:59)
	    at getOrCreateComponentTView (node_modules/@angular/core/fesm2022/_debug_node-chunk.mjs:3843:24)
	    at createComponentLView (node_modules/@angular/core/fesm2022/_debug_node-chunk.mjs:3873:17)
	    at instantiateAllDirectives (node_modules/@angular/core/fesm2022/_debug_node-chunk.mjs:4972:5)
	    at createDirectivesInstances (node_modules/@angular/core/fesm2022/_debug_node-chunk.mjs:4839:3)
	    at ComponentFactory.create (node_modules/@angular/core/fesm2022/_debug_node-chunk.mjs:8287:9)
	    at apply (node_modules/@angular/core/fesm2022/testing.mjs:1475:45)
	    at _ZoneDelegate.invoke (node_modules/zone.js/fesm2015/zone.js:398:28)
Chrome 147.0.0.0 (Windows 10): Executed 361 of 550[31m (116 FAILED)[39m (0 secs / 18.033 secs)
[1A[2K[31mChrome 147.0.0.0 (Windows 10) AdminDashboardComponent should generate AI report and update aiReportText FAILED[39m
	Error: A module with providers was imported from "AdminDashboardComponent". Modules with providers are not supported in standalone components imports.
	    at verifyStandaloneImport (node_modules/@angular/core/fesm2022/_debug_node-chunk.mjs:7278:15)
	    at directives (node_modules/@angular/core/fesm2022/_debug_node-chunk.mjs:17857:9)
	    at createTView (node_modules/@angular/core/fesm2022/_debug_node-chunk.mjs:3819:59)
	    at getOrCreateComponentTView (node_modules/@angular/core/fesm2022/_debug_node-chunk.mjs:3843:24)
	    at createComponentLView (node_modules/@angular/core/fesm2022/_debug_node-chunk.mjs:3873:17)
	    at instantiateAllDirectives (node_modules/@angular/core/fesm2022/_debug_node-chunk.mjs:4972:5)
	    at createDirectivesInstances (node_modules/@angular/core/fesm2022/_debug_node-chunk.mjs:4839:3)
	    at ComponentFactory.create (node_modules/@angular/core/fesm2022/_debug_node-chunk.mjs:8287:9)
	    at apply (node_modules/@angular/core/fesm2022/testing.mjs:1475:45)
	    at _ZoneDelegate.invoke (node_modules/zone.js/fesm2015/zone.js:398:28)
Chrome 147.0.0.0 (Windows 10): Executed 362 of 550[31m (117 FAILED)[39m (0 secs / 18.144 secs)
[1A[2K[31mChrome 147.0.0.0 (Windows 10) AdminDashboardComponent should initialize KPIs correctly after ngOnInit FAILED[39m
	Error: A module with providers was imported from "AdminDashboardComponent". Modules with providers are not supported in standalone components imports.
	    at verifyStandaloneImport (node_modules/@angular/core/fesm2022/_debug_node-chunk.mjs:7278:15)
	    at directives (node_modules/@angular/core/fesm2022/_debug_node-chunk.mjs:17857:9)
	    at createTView (node_modules/@angular/core/fesm2022/_debug_node-chunk.mjs:3819:59)
	    at getOrCreateComponentTView (node_modules/@angular/core/fesm2022/_debug_node-chunk.mjs:3843:24)
	    at createComponentLView (node_modules/@angular/core/fesm2022/_debug_node-chunk.mjs:3873:17)
	    at instantiateAllDirectives (node_modules/@angular/core/fesm2022/_debug_node-chunk.mjs:4972:5)
	    at createDirectivesInstances (node_modules/@angular/core/fesm2022/_debug_node-chunk.mjs:4839:3)
	    at ComponentFactory.create (node_modules/@angular/core/fesm2022/_debug_node-chunk.mjs:8287:9)
	    at apply (node_modules/@angular/core/fesm2022/testing.mjs:1475:45)
	    at _ZoneDelegate.invoke (node_modules/zone.js/fesm2015/zone.js:398:28)
Chrome 147.0.0.0 (Windows 10): Executed 363 of 550[31m (118 FAILED)[39m (0 secs / 18.252 secs)
[1A[2KChrome 147.0.0.0 (Windows 10): Executed 364 of 550[31m (118 FAILED)[39m (0 secs / 18.374 secs)
[1A[2KERROR: [36m'Login failed', HttpErrorResponse{headers: HttpHeaders{headers: Map{}, normalizedNames: Map{}, lazyInit: undefined, lazyUpdate: null}, status: 401, statusText: 'Unauthorized', url: 'http://localhost:3000/auth/login', ok: false, type: undefined, redirected: undefined, responseType: undefined, name: 'HttpErrorResponse', message: 'Http failure response for http://localhost:3000/auth/login: 401 Unauthorized', error: Object{message: 'Invalid credentials'}}[39m
Chrome 147.0.0.0 (Windows 10): Executed 364 of 550[31m (118 FAILED)[39m (0 secs / 18.374 secs)
ERROR: 'Login failed', HttpErrorResponse{headers: HttpHeaders{headers: Map{}, normalizedNames: Map{}, lazyInit: undefined, lazyUpdate: null}, status: 401, statusText: 'Unauthorized', url: 'http://localhost:3000/auth/login', ok: false, type: undefined, redirected: undefined, responseType: undefined, name: 'HttpErrorResponse', message: 'Http failure response for http://localhost:3000/auth/login: 401 Unauthorized', error: Object{message: 'Invalid credentials'}}
[1A[2KChrome 147.0.0.0 (Windows 10): Executed 365 of 550[31m (118 FAILED)[39m (0 secs / 18.417 secs)
[1A[2KChrome 147.0.0.0 (Windows 10): Executed 366 of 550[31m (118 FAILED)[39m (0 secs / 18.453 secs)
[1A[2KChrome 147.0.0.0 (Windows 10): Executed 367 of 550[31m (118 FAILED)[39m (0 secs / 18.499 secs)
[1A[2KChrome 147.0.0.0 (Windows 10): Executed 368 of 550[31m (118 FAILED)[39m (0 secs / 18.548 secs)
[1A[2KERROR: [36mDOMException{}[39m
Chrome 147.0.0.0 (Windows 10): Executed 368 of 550[31m (118 FAILED)[39m (0 secs / 18.548 secs)
ERROR: DOMException{}
[1A[2KChrome 147.0.0.0 (Windows 10): Executed 369 of 550[31m (118 FAILED)[39m (0 secs / 18.596 secs)
[1A[2KChrome 147.0.0.0 (Windows 10): Executed 370 of 550[31m (118 FAILED)[39m (0 secs / 18.64 secs)
[1A[2KChrome 147.0.0.0 (Windows 10): Executed 371 of 550[31m (118 FAILED)[39m (0 secs / 18.686 secs)
[1A[2KChrome 147.0.0.0 (Windows 10): Executed 372 of 550[31m (118 FAILED)[39m (0 secs / 18.785 secs)
[1A[2KChrome 147.0.0.0 (Windows 10): Executed 373 of 550[31m (118 FAILED)[39m (0 secs / 18.835 secs)
[1A[2KChrome 147.0.0.0 (Windows 10): Executed 374 of 550[31m (118 FAILED)[39m (0 secs / 18.868 secs)
[1A[2KChrome 147.0.0.0 (Windows 10): Executed 375 of 550[31m (118 FAILED)[39m (0 secs / 18.901 secs)
[1A[2KChrome 147.0.0.0 (Windows 10): Executed 376 of 550[31m (118 FAILED)[39m (0 secs / 18.942 secs)
[1A[2KChrome 147.0.0.0 (Windows 10): Executed 377 of 550[31m (118 FAILED)[39m (0 secs / 18.985 secs)
[1A[2KChrome 147.0.0.0 (Windows 10): Executed 378 of 550[31m (118 FAILED)[39m (0 secs / 18.985 secs)
[1A[2KChrome 147.0.0.0 (Windows 10): Executed 379 of 550[31m (118 FAILED)[39m (0 secs / 19.009 secs)
[1A[2K[31mChrome 147.0.0.0 (Windows 10) SuperAdminDashboardComponent should create FAILED[39m
	Error: No icon provided. Make sure to use 'TablerIconsModule.pick({ ... })' when importing the module
	Refer to documentation on https://github.com/pierreavn/angular-tabler-icons
	    at new TablerIconsModule (node_modules/angular-tabler-icons/fesm2022/angular-tabler-icons.mjs:126:19)
	    at Object.useFactory (node_modules/angular-tabler-icons/fesm2022/angular-tabler-icons.mjs:150:23)
	    at Object.factory (node_modules/@angular/core/fesm2022/_untracked-chunk.mjs:1385:32)
	    at callback (node_modules/@angular/core/fesm2022/_untracked-chunk.mjs:1306:35)
	    at runInInjectorProfilerContext (node_modules/@angular/core/fesm2022/_untracked-chunk.mjs:437:5)
	    at R3Injector.hydrate (node_modules/@angular/core/fesm2022/_untracked-chunk.mjs:1304:11)
	    at R3Injector.get (node_modules/@angular/core/fesm2022/_untracked-chunk.mjs:1196:23)
	    at R3Injector.retrieve (node_modules/@angular/core/fesm2022/_untracked-chunk.mjs:1111:19)
	    at injectInjectorOnly (node_modules/@angular/core/fesm2022/_untracked-chunk.mjs:665:35)
	    at ╔Á╔Áinject (node_modules/@angular/core/fesm2022/_untracked-chunk.mjs:677:58)
	TypeError: Cannot read properties of undefined (reading 'ngOnDestroy')
	    at UserContext.apply (src/app/pages/super-admin/superadmin-dashboard/superadmin-dashboard.component.spec.ts:49:15)
	    at _ZoneDelegate.invoke (node_modules/zone.js/fesm2015/zone.js:398:28)
	    at ProxyZoneSpec.onInvoke (node_modules/zone.js/fesm2015/zone-testing.js:2132:39)
	    at _ZoneDelegate.invoke (node_modules/zone.js/fesm2015/zone.js:397:34)
	    at ZoneImpl.run (node_modules/zone.js/fesm2015/zone.js:113:43)
	    at runInTestZone (node_modules/zone.js/fesm2015/zone-testing.js:216:38)
	    at UserContext.<anonymous> (node_modules/zone.js/fesm2015/zone-testing.js:234:32)
	    at <Jasmine>
Chrome 147.0.0.0 (Windows 10): Executed 380 of 550[31m (119 FAILED)[39m (0 secs / 19.063 secs)
[1A[2K[31mChrome 147.0.0.0 (Windows 10) SuperAdminDashboardComponent should return correct severity color FAILED[39m
	Error: No icon provided. Make sure to use 'TablerIconsModule.pick({ ... })' when importing the module
	Refer to documentation on https://github.com/pierreavn/angular-tabler-icons
	    at new TablerIconsModule (node_modules/angular-tabler-icons/fesm2022/angular-tabler-icons.mjs:126:19)
	    at Object.useFactory (node_modules/angular-tabler-icons/fesm2022/angular-tabler-icons.mjs:150:23)
	    at Object.factory (node_modules/@angular/core/fesm2022/_untracked-chunk.mjs:1385:32)
	    at callback (node_modules/@angular/core/fesm2022/_untracked-chunk.mjs:1306:35)
	    at runInInjectorProfilerContext (node_modules/@angular/core/fesm2022/_untracked-chunk.mjs:437:5)
	    at R3Injector.hydrate (node_modules/@angular/core/fesm2022/_untracked-chunk.mjs:1304:11)
	    at R3Injector.get (node_modules/@angular/core/fesm2022/_untracked-chunk.mjs:1196:23)
	    at R3Injector.retrieve (node_modules/@angular/core/fesm2022/_untracked-chunk.mjs:1111:19)
	    at injectInjectorOnly (node_modules/@angular/core/fesm2022/_untracked-chunk.mjs:665:35)
	    at ╔Á╔Áinject (node_modules/@angular/core/fesm2022/_untracked-chunk.mjs:677:58)
	TypeError: Cannot read properties of undefined (reading 'ngOnDestroy')
	    at UserContext.apply (src/app/pages/super-admin/superadmin-dashboard/superadmin-dashboard.component.spec.ts:49:15)
	    at _ZoneDelegate.invoke (node_modules/zone.js/fesm2015/zone.js:398:28)
	    at ProxyZoneSpec.onInvoke (node_modules/zone.js/fesm2015/zone-testing.js:2132:39)
	    at _ZoneDelegate.invoke (node_modules/zone.js/fesm2015/zone.js:397:34)
	    at ZoneImpl.run (node_modules/zone.js/fesm2015/zone.js:113:43)
	    at runInTestZone (node_modules/zone.js/fesm2015/zone-testing.js:216:38)
	    at UserContext.<anonymous> (node_modules/zone.js/fesm2015/zone-testing.js:234:32)
	    at <Jasmine>
Chrome 147.0.0.0 (Windows 10): Executed 381 of 550[31m (120 FAILED)[39m (0 secs / 19.069 secs)
[1A[2K[31mChrome 147.0.0.0 (Windows 10) SuperAdminDashboardComponent should return correct severity icon FAILED[39m
	Error: No icon provided. Make sure to use 'TablerIconsModule.pick({ ... })' when importing the module
	Refer to documentation on https://github.com/pierreavn/angular-tabler-icons
	    at new TablerIconsModule (node_modules/angular-tabler-icons/fesm2022/angular-tabler-icons.mjs:126:19)
	    at Object.useFactory (node_modules/angular-tabler-icons/fesm2022/angular-tabler-icons.mjs:150:23)
	    at Object.factory (node_modules/@angular/core/fesm2022/_untracked-chunk.mjs:1385:32)
	    at callback (node_modules/@angular/core/fesm2022/_untracked-chunk.mjs:1306:35)
	    at runInInjectorProfilerContext (node_modules/@angular/core/fesm2022/_untracked-chunk.mjs:437:5)
	    at R3Injector.hydrate (node_modules/@angular/core/fesm2022/_untracked-chunk.mjs:1304:11)
	    at R3Injector.get (node_modules/@angular/core/fesm2022/_untracked-chunk.mjs:1196:23)
	    at R3Injector.retrieve (node_modules/@angular/core/fesm2022/_untracked-chunk.mjs:1111:19)
	    at injectInjectorOnly (node_modules/@angular/core/fesm2022/_untracked-chunk.mjs:665:35)
	    at ╔Á╔Áinject (node_modules/@angular/core/fesm2022/_untracked-chunk.mjs:677:58)
	TypeError: Cannot read properties of undefined (reading 'ngOnDestroy')
	    at UserContext.apply (src/app/pages/super-admin/superadmin-dashboard/superadmin-dashboard.component.spec.ts:49:15)
	    at _ZoneDelegate.invoke (node_modules/zone.js/fesm2015/zone.js:398:28)
	    at ProxyZoneSpec.onInvoke (node_modules/zone.js/fesm2015/zone-testing.js:2132:39)
	    at _ZoneDelegate.invoke (node_modules/zone.js/fesm2015/zone.js:397:34)
	    at ZoneImpl.run (node_modules/zone.js/fesm2015/zone.js:113:43)
	    at runInTestZone (node_modules/zone.js/fesm2015/zone-testing.js:216:38)
	    at UserContext.<anonymous> (node_modules/zone.js/fesm2015/zone-testing.js:234:32)
	    at <Jasmine>
Chrome 147.0.0.0 (Windows 10): Executed 382 of 550[31m (121 FAILED)[39m (0 secs / 19.079 secs)
[1A[2K[31mChrome 147.0.0.0 (Windows 10) SuperAdminDashboardComponent should return correct audit action icon FAILED[39m
	Error: No icon provided. Make sure to use 'TablerIconsModule.pick({ ... })' when importing the module
	Refer to documentation on https://github.com/pierreavn/angular-tabler-icons
	    at new TablerIconsModule (node_modules/angular-tabler-icons/fesm2022/angular-tabler-icons.mjs:126:19)
	    at Object.useFactory (node_modules/angular-tabler-icons/fesm2022/angular-tabler-icons.mjs:150:23)
	    at Object.factory (node_modules/@angular/core/fesm2022/_untracked-chunk.mjs:1385:32)
	    at callback (node_modules/@angular/core/fesm2022/_untracked-chunk.mjs:1306:35)
	    at runInInjectorProfilerContext (node_modules/@angular/core/fesm2022/_untracked-chunk.mjs:437:5)
	    at R3Injector.hydrate (node_modules/@angular/core/fesm2022/_untracked-chunk.mjs:1304:11)
	    at R3Injector.get (node_modules/@angular/core/fesm2022/_untracked-chunk.mjs:1196:23)
	    at R3Injector.retrieve (node_modules/@angular/core/fesm2022/_untracked-chunk.mjs:1111:19)
	    at injectInjectorOnly (node_modules/@angular/core/fesm2022/_untracked-chunk.mjs:665:35)
	    at ╔Á╔Áinject (node_modules/@angular/core/fesm2022/_untracked-chunk.mjs:677:58)
	TypeError: Cannot read properties of undefined (reading 'ngOnDestroy')
	    at UserContext.apply (src/app/pages/super-admin/superadmin-dashboard/superadmin-dashboard.component.spec.ts:49:15)
	    at _ZoneDelegate.invoke (node_modules/zone.js/fesm2015/zone.js:398:28)
	    at ProxyZoneSpec.onInvoke (node_modules/zone.js/fesm2015/zone-testing.js:2132:39)
	    at _ZoneDelegate.invoke (node_modules/zone.js/fesm2015/zone.js:397:34)
	    at ZoneImpl.run (node_modules/zone.js/fesm2015/zone.js:113:43)
	    at runInTestZone (node_modules/zone.js/fesm2015/zone-testing.js:216:38)
	    at UserContext.<anonymous> (node_modules/zone.js/fesm2015/zone-testing.js:234:32)
	    at <Jasmine>
Chrome 147.0.0.0 (Windows 10): Executed 383 of 550[31m (122 FAILED)[39m (0 secs / 19.088 secs)
[1A[2K[31mChrome 147.0.0.0 (Windows 10) SuperAdminDashboardComponent should return correct log role color FAILED[39m
	Error: No icon provided. Make sure to use 'TablerIconsModule.pick({ ... })' when importing the module
	Refer to documentation on https://github.com/pierreavn/angular-tabler-icons
	    at new TablerIconsModule (node_modules/angular-tabler-icons/fesm2022/angular-tabler-icons.mjs:126:19)
	    at Object.useFactory (node_modules/angular-tabler-icons/fesm2022/angular-tabler-icons.mjs:150:23)
	    at Object.factory (node_modules/@angular/core/fesm2022/_untracked-chunk.mjs:1385:32)
	    at callback (node_modules/@angular/core/fesm2022/_untracked-chunk.mjs:1306:35)
	    at runInInjectorProfilerContext (node_modules/@angular/core/fesm2022/_untracked-chunk.mjs:437:5)
	    at R3Injector.hydrate (node_modules/@angular/core/fesm2022/_untracked-chunk.mjs:1304:11)
	    at R3Injector.get (node_modules/@angular/core/fesm2022/_untracked-chunk.mjs:1196:23)
	    at R3Injector.retrieve (node_modules/@angular/core/fesm2022/_untracked-chunk.mjs:1111:19)
	    at injectInjectorOnly (node_modules/@angular/core/fesm2022/_untracked-chunk.mjs:665:35)
	    at ╔Á╔Áinject (node_modules/@angular/core/fesm2022/_untracked-chunk.mjs:677:58)
	TypeError: Cannot read properties of undefined (reading 'ngOnDestroy')
	    at UserContext.apply (src/app/pages/super-admin/superadmin-dashboard/superadmin-dashboard.component.spec.ts:49:15)
	    at _ZoneDelegate.invoke (node_modules/zone.js/fesm2015/zone.js:398:28)
	    at ProxyZoneSpec.onInvoke (node_modules/zone.js/fesm2015/zone-testing.js:2132:39)
	    at _ZoneDelegate.invoke (node_modules/zone.js/fesm2015/zone.js:397:34)
	    at ZoneImpl.run (node_modules/zone.js/fesm2015/zone.js:113:43)
	    at runInTestZone (node_modules/zone.js/fesm2015/zone-testing.js:216:38)
	    at UserContext.<anonymous> (node_modules/zone.js/fesm2015/zone-testing.js:234:32)
	    at <Jasmine>
Chrome 147.0.0.0 (Windows 10): Executed 384 of 550[31m (123 FAILED)[39m (0 secs / 19.094 secs)
[1A[2K[31mChrome 147.0.0.0 (Windows 10) SuperAdminDashboardComponent should return log display name preferring userName FAILED[39m
	Error: No icon provided. Make sure to use 'TablerIconsModule.pick({ ... })' when importing the module
	Refer to documentation on https://github.com/pierreavn/angular-tabler-icons
	    at new TablerIconsModule (node_modules/angular-tabler-icons/fesm2022/angular-tabler-icons.mjs:126:19)
	    at Object.useFactory (node_modules/angular-tabler-icons/fesm2022/angular-tabler-icons.mjs:150:23)
	    at Object.factory (node_modules/@angular/core/fesm2022/_untracked-chunk.mjs:1385:32)
	    at callback (node_modules/@angular/core/fesm2022/_untracked-chunk.mjs:1306:35)
	    at runInInjectorProfilerContext (node_modules/@angular/core/fesm2022/_untracked-chunk.mjs:437:5)
	    at R3Injector.hydrate (node_modules/@angular/core/fesm2022/_untracked-chunk.mjs:1304:11)
	    at R3Injector.get (node_modules/@angular/core/fesm2022/_untracked-chunk.mjs:1196:23)
	    at R3Injector.retrieve (node_modules/@angular/core/fesm2022/_untracked-chunk.mjs:1111:19)
	    at injectInjectorOnly (node_modules/@angular/core/fesm2022/_untracked-chunk.mjs:665:35)
	    at ╔Á╔Áinject (node_modules/@angular/core/fesm2022/_untracked-chunk.mjs:677:58)
	TypeError: Cannot read properties of undefined (reading 'ngOnDestroy')
	    at UserContext.apply (src/app/pages/super-admin/superadmin-dashboard/superadmin-dashboard.component.spec.ts:49:15)
	    at _ZoneDelegate.invoke (node_modules/zone.js/fesm2015/zone.js:398:28)
	    at ProxyZoneSpec.onInvoke (node_modules/zone.js/fesm2015/zone-testing.js:2132:39)
	    at _ZoneDelegate.invoke (node_modules/zone.js/fesm2015/zone.js:397:34)
	    at ZoneImpl.run (node_modules/zone.js/fesm2015/zone.js:113:43)
	    at runInTestZone (node_modules/zone.js/fesm2015/zone-testing.js:216:38)
	    at UserContext.<anonymous> (node_modules/zone.js/fesm2015/zone-testing.js:234:32)
	    at <Jasmine>
Chrome 147.0.0.0 (Windows 10): Executed 385 of 550[31m (124 FAILED)[39m (0 secs / 19.101 secs)
[1A[2K[31mChrome 147.0.0.0 (Windows 10) SuperAdminDashboardComponent should fall back to email when userName is anonymous FAILED[39m
	Error: No icon provided. Make sure to use 'TablerIconsModule.pick({ ... })' when importing the module
	Refer to documentation on https://github.com/pierreavn/angular-tabler-icons
	    at new TablerIconsModule (node_modules/angular-tabler-icons/fesm2022/angular-tabler-icons.mjs:126:19)
	    at Object.useFactory (node_modules/angular-tabler-icons/fesm2022/angular-tabler-icons.mjs:150:23)
	    at Object.factory (node_modules/@angular/core/fesm2022/_untracked-chunk.mjs:1385:32)
	    at callback (node_modules/@angular/core/fesm2022/_untracked-chunk.mjs:1306:35)
	    at runInInjectorProfilerContext (node_modules/@angular/core/fesm2022/_untracked-chunk.mjs:437:5)
	    at R3Injector.hydrate (node_modules/@angular/core/fesm2022/_untracked-chunk.mjs:1304:11)
	    at R3Injector.get (node_modules/@angular/core/fesm2022/_untracked-chunk.mjs:1196:23)
	    at R3Injector.retrieve (node_modules/@angular/core/fesm2022/_untracked-chunk.mjs:1111:19)
	    at injectInjectorOnly (node_modules/@angular/core/fesm2022/_untracked-chunk.mjs:665:35)
	    at ╔Á╔Áinject (node_modules/@angular/core/fesm2022/_untracked-chunk.mjs:677:58)
	TypeError: Cannot read properties of undefined (reading 'ngOnDestroy')
	    at UserContext.apply (src/app/pages/super-admin/superadmin-dashboard/superadmin-dashboard.component.spec.ts:49:15)
	    at _ZoneDelegate.invoke (node_modules/zone.js/fesm2015/zone.js:398:28)
	    at ProxyZoneSpec.onInvoke (node_modules/zone.js/fesm2015/zone-testing.js:2132:39)
	    at _ZoneDelegate.invoke (node_modules/zone.js/fesm2015/zone.js:397:34)
	    at ZoneImpl.run (node_modules/zone.js/fesm2015/zone.js:113:43)
	    at runInTestZone (node_modules/zone.js/fesm2015/zone-testing.js:216:38)
	    at UserContext.<anonymous> (node_modules/zone.js/fesm2015/zone-testing.js:234:32)
	    at <Jasmine>
Chrome 147.0.0.0 (Windows 10): Executed 386 of 550[31m (125 FAILED)[39m (0 secs / 19.108 secs)
[1A[2K[31mChrome 147.0.0.0 (Windows 10) SuperAdminDashboardComponent should return correct audit action color FAILED[39m
	Error: No icon provided. Make sure to use 'TablerIconsModule.pick({ ... })' when importing the module
	Refer to documentation on https://github.com/pierreavn/angular-tabler-icons
	    at new TablerIconsModule (node_modules/angular-tabler-icons/fesm2022/angular-tabler-icons.mjs:126:19)
	    at Object.useFactory (node_modules/angular-tabler-icons/fesm2022/angular-tabler-icons.mjs:150:23)
	    at Object.factory (node_modules/@angular/core/fesm2022/_untracked-chunk.mjs:1385:32)
	    at callback (node_modules/@angular/core/fesm2022/_untracked-chunk.mjs:1306:35)
	    at runInInjectorProfilerContext (node_modules/@angular/core/fesm2022/_untracked-chunk.mjs:437:5)
	    at R3Injector.hydrate (node_modules/@angular/core/fesm2022/_untracked-chunk.mjs:1304:11)
	    at R3Injector.get (node_modules/@angular/core/fesm2022/_untracked-chunk.mjs:1196:23)
	    at R3Injector.retrieve (node_modules/@angular/core/fesm2022/_untracked-chunk.mjs:1111:19)
	    at injectInjectorOnly (node_modules/@angular/core/fesm2022/_untracked-chunk.mjs:665:35)
	    at ╔Á╔Áinject (node_modules/@angular/core/fesm2022/_untracked-chunk.mjs:677:58)
	TypeError: Cannot read properties of undefined (reading 'ngOnDestroy')
	    at UserContext.apply (src/app/pages/super-admin/superadmin-dashboard/superadmin-dashboard.component.spec.ts:49:15)
	    at _ZoneDelegate.invoke (node_modules/zone.js/fesm2015/zone.js:398:28)
	    at ProxyZoneSpec.onInvoke (node_modules/zone.js/fesm2015/zone-testing.js:2132:39)
	    at _ZoneDelegate.invoke (node_modules/zone.js/fesm2015/zone.js:397:34)
	    at ZoneImpl.run (node_modules/zone.js/fesm2015/zone.js:113:43)
	    at runInTestZone (node_modules/zone.js/fesm2015/zone-testing.js:216:38)
	    at UserContext.<anonymous> (node_modules/zone.js/fesm2015/zone-testing.js:234:32)
	    at <Jasmine>
Chrome 147.0.0.0 (Windows 10): Executed 387 of 550[31m (126 FAILED)[39m (0 secs / 19.116 secs)
[1A[2KChrome 147.0.0.0 (Windows 10): Executed 388 of 550[31m (126 FAILED)[39m (0 secs / 19.117 secs)
[1A[2K[31mChrome 147.0.0.0 (Windows 10) AuditorRemindersComponent should update search text correctly FAILED[39m
	Error: No icon provided. Make sure to use 'TablerIconsModule.pick({ ... })' when importing the module
	Refer to documentation on https://github.com/pierreavn/angular-tabler-icons
	    at new TablerIconsModule (node_modules/angular-tabler-icons/fesm2022/angular-tabler-icons.mjs:126:19)
	    at Object.useFactory (node_modules/angular-tabler-icons/fesm2022/angular-tabler-icons.mjs:150:23)
	    at Object.factory (node_modules/@angular/core/fesm2022/_untracked-chunk.mjs:1385:32)
	    at callback (node_modules/@angular/core/fesm2022/_untracked-chunk.mjs:1306:35)
	    at runInInjectorProfilerContext (node_modules/@angular/core/fesm2022/_untracked-chunk.mjs:437:5)
	    at R3Injector.hydrate (node_modules/@angular/core/fesm2022/_untracked-chunk.mjs:1304:11)
	    at R3Injector.get (node_modules/@angular/core/fesm2022/_untracked-chunk.mjs:1196:23)
	    at R3Injector.retrieve (node_modules/@angular/core/fesm2022/_untracked-chunk.mjs:1111:19)
	    at injectInjectorOnly (node_modules/@angular/core/fesm2022/_untracked-chunk.mjs:665:35)
	    at ╔Á╔Áinject (node_modules/@angular/core/fesm2022/_untracked-chunk.mjs:677:58)
	TypeError: Cannot read properties of undefined (reading 'verify')
	    at UserContext.apply (src/app/pages/auditor/auditor-reminders/auditor-reminders.component.spec.ts:24:30)
	    at _ZoneDelegate.invoke (node_modules/zone.js/fesm2015/zone.js:398:28)
	    at ProxyZoneSpec.onInvoke (node_modules/zone.js/fesm2015/zone-testing.js:2132:39)
	    at _ZoneDelegate.invoke (node_modules/zone.js/fesm2015/zone.js:397:34)
	    at ZoneImpl.run (node_modules/zone.js/fesm2015/zone.js:113:43)
	    at runInTestZone (node_modules/zone.js/fesm2015/zone-testing.js:216:38)
	    at UserContext.<anonymous> (node_modules/zone.js/fesm2015/zone-testing.js:234:32)
	    at <Jasmine>
Chrome 147.0.0.0 (Windows 10): Executed 389 of 550[31m (127 FAILED)[39m (0 secs / 19.15 secs)
[1A[2K[31mChrome 147.0.0.0 (Windows 10) AuditorRemindersComponent should load reminders data correctly FAILED[39m
	Error: No icon provided. Make sure to use 'TablerIconsModule.pick({ ... })' when importing the module
	Refer to documentation on https://github.com/pierreavn/angular-tabler-icons
	    at new TablerIconsModule (node_modules/angular-tabler-icons/fesm2022/angular-tabler-icons.mjs:126:19)
	    at Object.useFactory (node_modules/angular-tabler-icons/fesm2022/angular-tabler-icons.mjs:150:23)
	    at Object.factory (node_modules/@angular/core/fesm2022/_untracked-chunk.mjs:1385:32)
	    at callback (node_modules/@angular/core/fesm2022/_untracked-chunk.mjs:1306:35)
	    at runInInjectorProfilerContext (node_modules/@angular/core/fesm2022/_untracked-chunk.mjs:437:5)
	    at R3Injector.hydrate (node_modules/@angular/core/fesm2022/_untracked-chunk.mjs:1304:11)
	    at R3Injector.get (node_modules/@angular/core/fesm2022/_untracked-chunk.mjs:1196:23)
	    at R3Injector.retrieve (node_modules/@angular/core/fesm2022/_untracked-chunk.mjs:1111:19)
	    at injectInjectorOnly (node_modules/@angular/core/fesm2022/_untracked-chunk.mjs:665:35)
	    at ╔Á╔Áinject (node_modules/@angular/core/fesm2022/_untracked-chunk.mjs:677:58)
	TypeError: Cannot read properties of undefined (reading 'verify')
	    at UserContext.apply (src/app/pages/auditor/auditor-reminders/auditor-reminders.component.spec.ts:24:30)
	    at _ZoneDelegate.invoke (node_modules/zone.js/fesm2015/zone.js:398:28)
	    at ProxyZoneSpec.onInvoke (node_modules/zone.js/fesm2015/zone-testing.js:2132:39)
	    at _ZoneDelegate.invoke (node_modules/zone.js/fesm2015/zone.js:397:34)
	    at ZoneImpl.run (node_modules/zone.js/fesm2015/zone.js:113:43)
	    at runInTestZone (node_modules/zone.js/fesm2015/zone-testing.js:216:38)
	    at UserContext.<anonymous> (node_modules/zone.js/fesm2015/zone-testing.js:234:32)
	    at <Jasmine>
Chrome 147.0.0.0 (Windows 10): Executed 390 of 550[31m (128 FAILED)[39m (0 secs / 19.161 secs)
[1A[2K[31mChrome 147.0.0.0 (Windows 10) AuditorRemindersComponent should create component FAILED[39m
	Error: No icon provided. Make sure to use 'TablerIconsModule.pick({ ... })' when importing the module
	Refer to documentation on https://github.com/pierreavn/angular-tabler-icons
	    at new TablerIconsModule (node_modules/angular-tabler-icons/fesm2022/angular-tabler-icons.mjs:126:19)
	    at Object.useFactory (node_modules/angular-tabler-icons/fesm2022/angular-tabler-icons.mjs:150:23)
	    at Object.factory (node_modules/@angular/core/fesm2022/_untracked-chunk.mjs:1385:32)
	    at callback (node_modules/@angular/core/fesm2022/_untracked-chunk.mjs:1306:35)
	    at runInInjectorProfilerContext (node_modules/@angular/core/fesm2022/_untracked-chunk.mjs:437:5)
	    at R3Injector.hydrate (node_modules/@angular/core/fesm2022/_untracked-chunk.mjs:1304:11)
	    at R3Injector.get (node_modules/@angular/core/fesm2022/_untracked-chunk.mjs:1196:23)
	    at R3Injector.retrieve (node_modules/@angular/core/fesm2022/_untracked-chunk.mjs:1111:19)
	    at injectInjectorOnly (node_modules/@angular/core/fesm2022/_untracked-chunk.mjs:665:35)
	    at ╔Á╔Áinject (node_modules/@angular/core/fesm2022/_untracked-chunk.mjs:677:58)
	TypeError: Cannot read properties of undefined (reading 'verify')
	    at UserContext.apply (src/app/pages/auditor/auditor-reminders/auditor-reminders.component.spec.ts:24:30)
	    at _ZoneDelegate.invoke (node_modules/zone.js/fesm2015/zone.js:398:28)
	    at ProxyZoneSpec.onInvoke (node_modules/zone.js/fesm2015/zone-testing.js:2132:39)
	    at _ZoneDelegate.invoke (node_modules/zone.js/fesm2015/zone.js:397:34)
	    at ZoneImpl.run (node_modules/zone.js/fesm2015/zone.js:113:43)
	    at runInTestZone (node_modules/zone.js/fesm2015/zone-testing.js:216:38)
	    at UserContext.<anonymous> (node_modules/zone.js/fesm2015/zone-testing.js:234:32)
	    at <Jasmine>
Chrome 147.0.0.0 (Windows 10): Executed 391 of 550[31m (129 FAILED)[39m (0 secs / 19.171 secs)
[1A[2K[31mChrome 147.0.0.0 (Windows 10) AuditorRemindersComponent should filter reminders by status using public API only FAILED[39m
	Error: No icon provided. Make sure to use 'TablerIconsModule.pick({ ... })' when importing the module
	Refer to documentation on https://github.com/pierreavn/angular-tabler-icons
	    at new TablerIconsModule (node_modules/angular-tabler-icons/fesm2022/angular-tabler-icons.mjs:126:19)
	    at Object.useFactory (node_modules/angular-tabler-icons/fesm2022/angular-tabler-icons.mjs:150:23)
	    at Object.factory (node_modules/@angular/core/fesm2022/_untracked-chunk.mjs:1385:32)
	    at callback (node_modules/@angular/core/fesm2022/_untracked-chunk.mjs:1306:35)
	    at runInInjectorProfilerContext (node_modules/@angular/core/fesm2022/_untracked-chunk.mjs:437:5)
	    at R3Injector.hydrate (node_modules/@angular/core/fesm2022/_untracked-chunk.mjs:1304:11)
	    at R3Injector.get (node_modules/@angular/core/fesm2022/_untracked-chunk.mjs:1196:23)
	    at R3Injector.retrieve (node_modules/@angular/core/fesm2022/_untracked-chunk.mjs:1111:19)
	    at injectInjectorOnly (node_modules/@angular/core/fesm2022/_untracked-chunk.mjs:665:35)
	    at ╔Á╔Áinject (node_modules/@angular/core/fesm2022/_untracked-chunk.mjs:677:58)
	TypeError: Cannot read properties of undefined (reading 'verify')
	    at UserContext.apply (src/app/pages/auditor/auditor-reminders/auditor-reminders.component.spec.ts:24:30)
	    at _ZoneDelegate.invoke (node_modules/zone.js/fesm2015/zone.js:398:28)
	    at ProxyZoneSpec.onInvoke (node_modules/zone.js/fesm2015/zone-testing.js:2132:39)
	    at _ZoneDelegate.invoke (node_modules/zone.js/fesm2015/zone.js:397:34)
	    at ZoneImpl.run (node_modules/zone.js/fesm2015/zone.js:113:43)
	    at runInTestZone (node_modules/zone.js/fesm2015/zone-testing.js:216:38)
	    at UserContext.<anonymous> (node_modules/zone.js/fesm2015/zone-testing.js:234:32)
	    at <Jasmine>
Chrome 147.0.0.0 (Windows 10): Executed 392 of 550[31m (130 FAILED)[39m (0 secs / 19.184 secs)
[1A[2K[31mChrome 147.0.0.0 (Windows 10) AuditorRemindersComponent should return correct delay labels FAILED[39m
	Error: No icon provided. Make sure to use 'TablerIconsModule.pick({ ... })' when importing the module
	Refer to documentation on https://github.com/pierreavn/angular-tabler-icons
	    at new TablerIconsModule (node_modules/angular-tabler-icons/fesm2022/angular-tabler-icons.mjs:126:19)
	    at Object.useFactory (node_modules/angular-tabler-icons/fesm2022/angular-tabler-icons.mjs:150:23)
	    at Object.factory (node_modules/@angular/core/fesm2022/_untracked-chunk.mjs:1385:32)
	    at callback (node_modules/@angular/core/fesm2022/_untracked-chunk.mjs:1306:35)
	    at runInInjectorProfilerContext (node_modules/@angular/core/fesm2022/_untracked-chunk.mjs:437:5)
	    at R3Injector.hydrate (node_modules/@angular/core/fesm2022/_untracked-chunk.mjs:1304:11)
	    at R3Injector.get (node_modules/@angular/core/fesm2022/_untracked-chunk.mjs:1196:23)
	    at R3Injector.retrieve (node_modules/@angular/core/fesm2022/_untracked-chunk.mjs:1111:19)
	    at injectInjectorOnly (node_modules/@angular/core/fesm2022/_untracked-chunk.mjs:665:35)
	    at ╔Á╔Áinject (node_modules/@angular/core/fesm2022/_untracked-chunk.mjs:677:58)
	TypeError: Cannot read properties of undefined (reading 'verify')
	    at UserContext.apply (src/app/pages/auditor/auditor-reminders/auditor-reminders.component.spec.ts:24:30)
	    at _ZoneDelegate.invoke (node_modules/zone.js/fesm2015/zone.js:398:28)
	    at ProxyZoneSpec.onInvoke (node_modules/zone.js/fesm2015/zone-testing.js:2132:39)
	    at _ZoneDelegate.invoke (node_modules/zone.js/fesm2015/zone.js:397:34)
	    at ZoneImpl.run (node_modules/zone.js/fesm2015/zone.js:113:43)
	    at runInTestZone (node_modules/zone.js/fesm2015/zone-testing.js:216:38)
	    at UserContext.<anonymous> (node_modules/zone.js/fesm2015/zone-testing.js:234:32)
	    at <Jasmine>
Chrome 147.0.0.0 (Windows 10): Executed 393 of 550[31m (131 FAILED)[39m (0 secs / 19.191 secs)
[1A[2K[31mChrome 147.0.0.0 (Windows 10) AuditorRemindersComponent should return correct status colors FAILED[39m
	Error: No icon provided. Make sure to use 'TablerIconsModule.pick({ ... })' when importing the module
	Refer to documentation on https://github.com/pierreavn/angular-tabler-icons
	    at new TablerIconsModule (node_modules/angular-tabler-icons/fesm2022/angular-tabler-icons.mjs:126:19)
	    at Object.useFactory (node_modules/angular-tabler-icons/fesm2022/angular-tabler-icons.mjs:150:23)
	    at Object.factory (node_modules/@angular/core/fesm2022/_untracked-chunk.mjs:1385:32)
	    at callback (node_modules/@angular/core/fesm2022/_untracked-chunk.mjs:1306:35)
	    at runInInjectorProfilerContext (node_modules/@angular/core/fesm2022/_untracked-chunk.mjs:437:5)
	    at R3Injector.hydrate (node_modules/@angular/core/fesm2022/_untracked-chunk.mjs:1304:11)
	    at R3Injector.get (node_modules/@angular/core/fesm2022/_untracked-chunk.mjs:1196:23)
	    at R3Injector.retrieve (node_modules/@angular/core/fesm2022/_untracked-chunk.mjs:1111:19)
	    at injectInjectorOnly (node_modules/@angular/core/fesm2022/_untracked-chunk.mjs:665:35)
	    at ╔Á╔Áinject (node_modules/@angular/core/fesm2022/_untracked-chunk.mjs:677:58)
	TypeError: Cannot read properties of undefined (reading 'verify')
	    at UserContext.apply (src/app/pages/auditor/auditor-reminders/auditor-reminders.component.spec.ts:24:30)
	    at _ZoneDelegate.invoke (node_modules/zone.js/fesm2015/zone.js:398:28)
	    at ProxyZoneSpec.onInvoke (node_modules/zone.js/fesm2015/zone-testing.js:2132:39)
	    at _ZoneDelegate.invoke (node_modules/zone.js/fesm2015/zone.js:397:34)
	    at ZoneImpl.run (node_modules/zone.js/fesm2015/zone.js:113:43)
	    at runInTestZone (node_modules/zone.js/fesm2015/zone-testing.js:216:38)
	    at UserContext.<anonymous> (node_modules/zone.js/fesm2015/zone-testing.js:234:32)
	    at <Jasmine>
Chrome 147.0.0.0 (Windows 10): Executed 394 of 550[31m (132 FAILED)[39m (0 secs / 19.198 secs)
[1A[2K[31mChrome 147.0.0.0 (Windows 10) AuditorVerifyComponent should return action icon FAILED[39m
	Error: No icon provided. Make sure to use 'TablerIconsModule.pick({ ... })' when importing the module
	Refer to documentation on https://github.com/pierreavn/angular-tabler-icons
	    at new TablerIconsModule (node_modules/angular-tabler-icons/fesm2022/angular-tabler-icons.mjs:126:19)
	    at Object.useFactory (node_modules/angular-tabler-icons/fesm2022/angular-tabler-icons.mjs:150:23)
	    at Object.factory (node_modules/@angular/core/fesm2022/_untracked-chunk.mjs:1385:32)
	    at callback (node_modules/@angular/core/fesm2022/_untracked-chunk.mjs:1306:35)
	    at runInInjectorProfilerContext (node_modules/@angular/core/fesm2022/_untracked-chunk.mjs:437:5)
	    at R3Injector.hydrate (node_modules/@angular/core/fesm2022/_untracked-chunk.mjs:1304:11)
	    at R3Injector.get (node_modules/@angular/core/fesm2022/_untracked-chunk.mjs:1196:23)
	    at R3Injector.retrieve (node_modules/@angular/core/fesm2022/_untracked-chunk.mjs:1111:19)
	    at injectInjectorOnly (node_modules/@angular/core/fesm2022/_untracked-chunk.mjs:665:35)
	    at ╔Á╔Áinject (node_modules/@angular/core/fesm2022/_untracked-chunk.mjs:677:58)
Chrome 147.0.0.0 (Windows 10): Executed 395 of 550[31m (133 FAILED)[39m (0 secs / 19.266 secs)
[1A[2K[31mChrome 147.0.0.0 (Windows 10) AuditorVerifyComponent should compute verified and pending counts FAILED[39m
	Error: No icon provided. Make sure to use 'TablerIconsModule.pick({ ... })' when importing the module
	Refer to documentation on https://github.com/pierreavn/angular-tabler-icons
	    at new TablerIconsModule (node_modules/angular-tabler-icons/fesm2022/angular-tabler-icons.mjs:126:19)
	    at Object.useFactory (node_modules/angular-tabler-icons/fesm2022/angular-tabler-icons.mjs:150:23)
	    at Object.factory (node_modules/@angular/core/fesm2022/_untracked-chunk.mjs:1385:32)
	    at callback (node_modules/@angular/core/fesm2022/_untracked-chunk.mjs:1306:35)
	    at runInInjectorProfilerContext (node_modules/@angular/core/fesm2022/_untracked-chunk.mjs:437:5)
	    at R3Injector.hydrate (node_modules/@angular/core/fesm2022/_untracked-chunk.mjs:1304:11)
	    at R3Injector.get (node_modules/@angular/core/fesm2022/_untracked-chunk.mjs:1196:23)
	    at R3Injector.retrieve (node_modules/@angular/core/fesm2022/_untracked-chunk.mjs:1111:19)
	    at injectInjectorOnly (node_modules/@angular/core/fesm2022/_untracked-chunk.mjs:665:35)
	    at ╔Á╔Áinject (node_modules/@angular/core/fesm2022/_untracked-chunk.mjs:677:58)
Chrome 147.0.0.0 (Windows 10): Executed 396 of 550[31m (134 FAILED)[39m (0 secs / 19.274 secs)
[1A[2K[31mChrome 147.0.0.0 (Windows 10) AuditorVerifyComponent should verify all rows FAILED[39m
	Error: No icon provided. Make sure to use 'TablerIconsModule.pick({ ... })' when importing the module
	Refer to documentation on https://github.com/pierreavn/angular-tabler-icons
	    at new TablerIconsModule (node_modules/angular-tabler-icons/fesm2022/angular-tabler-icons.mjs:126:19)
	    at Object.useFactory (node_modules/angular-tabler-icons/fesm2022/angular-tabler-icons.mjs:150:23)
	    at Object.factory (node_modules/@angular/core/fesm2022/_untracked-chunk.mjs:1385:32)
	    at callback (node_modules/@angular/core/fesm2022/_untracked-chunk.mjs:1306:35)
	    at runInInjectorProfilerContext (node_modules/@angular/core/fesm2022/_untracked-chunk.mjs:437:5)
	    at R3Injector.hydrate (node_modules/@angular/core/fesm2022/_untracked-chunk.mjs:1304:11)
	    at R3Injector.get (node_modules/@angular/core/fesm2022/_untracked-chunk.mjs:1196:23)
	    at R3Injector.retrieve (node_modules/@angular/core/fesm2022/_untracked-chunk.mjs:1111:19)
	    at injectInjectorOnly (node_modules/@angular/core/fesm2022/_untracked-chunk.mjs:665:35)
	    at ╔Á╔Áinject (node_modules/@angular/core/fesm2022/_untracked-chunk.mjs:677:58)
Chrome 147.0.0.0 (Windows 10): Executed 397 of 550[31m (135 FAILED)[39m (0 secs / 19.28 secs)
[1A[2K[31mChrome 147.0.0.0 (Windows 10) AuditorVerifyComponent should clear filters FAILED[39m
	Error: No icon provided. Make sure to use 'TablerIconsModule.pick({ ... })' when importing the module
	Refer to documentation on https://github.com/pierreavn/angular-tabler-icons
	    at new TablerIconsModule (node_modules/angular-tabler-icons/fesm2022/angular-tabler-icons.mjs:126:19)
	    at Object.useFactory (node_modules/angular-tabler-icons/fesm2022/angular-tabler-icons.mjs:150:23)
	    at Object.factory (node_modules/@angular/core/fesm2022/_untracked-chunk.mjs:1385:32)
	    at callback (node_modules/@angular/core/fesm2022/_untracked-chunk.mjs:1306:35)
	    at runInInjectorProfilerContext (node_modules/@angular/core/fesm2022/_untracked-chunk.mjs:437:5)
	    at R3Injector.hydrate (node_modules/@angular/core/fesm2022/_untracked-chunk.mjs:1304:11)
	    at R3Injector.get (node_modules/@angular/core/fesm2022/_untracked-chunk.mjs:1196:23)
	    at R3Injector.retrieve (node_modules/@angular/core/fesm2022/_untracked-chunk.mjs:1111:19)
	    at injectInjectorOnly (node_modules/@angular/core/fesm2022/_untracked-chunk.mjs:665:35)
	    at ╔Á╔Áinject (node_modules/@angular/core/fesm2022/_untracked-chunk.mjs:677:58)
Chrome 147.0.0.0 (Windows 10): Executed 398 of 550[31m (136 FAILED)[39m (0 secs / 19.285 secs)
[1A[2K[31mChrome 147.0.0.0 (Windows 10) AuditorVerifyComponent should filter logs by search FAILED[39m
	Error: No icon provided. Make sure to use 'TablerIconsModule.pick({ ... })' when importing the module
	Refer to documentation on https://github.com/pierreavn/angular-tabler-icons
	    at new TablerIconsModule (node_modules/angular-tabler-icons/fesm2022/angular-tabler-icons.mjs:126:19)
	    at Object.useFactory (node_modules/angular-tabler-icons/fesm2022/angular-tabler-icons.mjs:150:23)
	    at Object.factory (node_modules/@angular/core/fesm2022/_untracked-chunk.mjs:1385:32)
	    at callback (node_modules/@angular/core/fesm2022/_untracked-chunk.mjs:1306:35)
	    at runInInjectorProfilerContext (node_modules/@angular/core/fesm2022/_untracked-chunk.mjs:437:5)
	    at R3Injector.hydrate (node_modules/@angular/core/fesm2022/_untracked-chunk.mjs:1304:11)
	    at R3Injector.get (node_modules/@angular/core/fesm2022/_untracked-chunk.mjs:1196:23)
	    at R3Injector.retrieve (node_modules/@angular/core/fesm2022/_untracked-chunk.mjs:1111:19)
	    at injectInjectorOnly (node_modules/@angular/core/fesm2022/_untracked-chunk.mjs:665:35)
	    at ╔Á╔Áinject (node_modules/@angular/core/fesm2022/_untracked-chunk.mjs:677:58)
Chrome 147.0.0.0 (Windows 10): Executed 399 of 550[31m (137 FAILED)[39m (0 secs / 19.289 secs)
[1A[2K[31mChrome 147.0.0.0 (Windows 10) AuditorVerifyComponent should return role color FAILED[39m
	Error: No icon provided. Make sure to use 'TablerIconsModule.pick({ ... })' when importing the module
	Refer to documentation on https://github.com/pierreavn/angular-tabler-icons
	    at new TablerIconsModule (node_modules/angular-tabler-icons/fesm2022/angular-tabler-icons.mjs:126:19)
	    at Object.useFactory (node_modules/angular-tabler-icons/fesm2022/angular-tabler-icons.mjs:150:23)
	    at Object.factory (node_modules/@angular/core/fesm2022/_untracked-chunk.mjs:1385:32)
	    at callback (node_modules/@angular/core/fesm2022/_untracked-chunk.mjs:1306:35)
	    at runInInjectorProfilerContext (node_modules/@angular/core/fesm2022/_untracked-chunk.mjs:437:5)
	    at R3Injector.hydrate (node_modules/@angular/core/fesm2022/_untracked-chunk.mjs:1304:11)
	    at R3Injector.get (node_modules/@angular/core/fesm2022/_untracked-chunk.mjs:1196:23)
	    at R3Injector.retrieve (node_modules/@angular/core/fesm2022/_untracked-chunk.mjs:1111:19)
	    at injectInjectorOnly (node_modules/@angular/core/fesm2022/_untracked-chunk.mjs:665:35)
	    at ╔Á╔Áinject (node_modules/@angular/core/fesm2022/_untracked-chunk.mjs:677:58)
Chrome 147.0.0.0 (Windows 10): Executed 400 of 550[31m (138 FAILED)[39m (0 secs / 19.294 secs)
[1A[2K[31mChrome 147.0.0.0 (Windows 10) AuditorVerifyComponent should return action color FAILED[39m
	Error: No icon provided. Make sure to use 'TablerIconsModule.pick({ ... })' when importing the module
	Refer to documentation on https://github.com/pierreavn/angular-tabler-icons
	    at new TablerIconsModule (node_modules/angular-tabler-icons/fesm2022/angular-tabler-icons.mjs:126:19)
	    at Object.useFactory (node_modules/angular-tabler-icons/fesm2022/angular-tabler-icons.mjs:150:23)
	    at Object.factory (node_modules/@angular/core/fesm2022/_untracked-chunk.mjs:1385:32)
	    at callback (node_modules/@angular/core/fesm2022/_untracked-chunk.mjs:1306:35)
	    at runInInjectorProfilerContext (node_modules/@angular/core/fesm2022/_untracked-chunk.mjs:437:5)
	    at R3Injector.hydrate (node_modules/@angular/core/fesm2022/_untracked-chunk.mjs:1304:11)
	    at R3Injector.get (node_modules/@angular/core/fesm2022/_untracked-chunk.mjs:1196:23)
	    at R3Injector.retrieve (node_modules/@angular/core/fesm2022/_untracked-chunk.mjs:1111:19)
	    at injectInjectorOnly (node_modules/@angular/core/fesm2022/_untracked-chunk.mjs:665:35)
	    at ╔Á╔Áinject (node_modules/@angular/core/fesm2022/_untracked-chunk.mjs:677:58)
Chrome 147.0.0.0 (Windows 10): Executed 401 of 550[31m (139 FAILED)[39m (0 secs / 19.299 secs)
[1A[2K[31mChrome 147.0.0.0 (Windows 10) AuditorVerifyComponent should load logs and stats FAILED[39m
	Error: No icon provided. Make sure to use 'TablerIconsModule.pick({ ... })' when importing the module
	Refer to documentation on https://github.com/pierreavn/angular-tabler-icons
	    at new TablerIconsModule (node_modules/angular-tabler-icons/fesm2022/angular-tabler-icons.mjs:126:19)
	    at Object.useFactory (node_modules/angular-tabler-icons/fesm2022/angular-tabler-icons.mjs:150:23)
	    at Object.factory (node_modules/@angular/core/fesm2022/_untracked-chunk.mjs:1385:32)
	    at callback (node_modules/@angular/core/fesm2022/_untracked-chunk.mjs:1306:35)
	    at runInInjectorProfilerContext (node_modules/@angular/core/fesm2022/_untracked-chunk.mjs:437:5)
	    at R3Injector.hydrate (node_modules/@angular/core/fesm2022/_untracked-chunk.mjs:1304:11)
	    at R3Injector.get (node_modules/@angular/core/fesm2022/_untracked-chunk.mjs:1196:23)
	    at R3Injector.retrieve (node_modules/@angular/core/fesm2022/_untracked-chunk.mjs:1111:19)
	    at injectInjectorOnly (node_modules/@angular/core/fesm2022/_untracked-chunk.mjs:665:35)
	    at ╔Á╔Áinject (node_modules/@angular/core/fesm2022/_untracked-chunk.mjs:677:58)
Chrome 147.0.0.0 (Windows 10): Executed 402 of 550[31m (140 FAILED)[39m (0 secs / 19.304 secs)
[1A[2K[31mChrome 147.0.0.0 (Windows 10) AuditorVerifyComponent should format IP correctly FAILED[39m
	Error: No icon provided. Make sure to use 'TablerIconsModule.pick({ ... })' when importing the module
	Refer to documentation on https://github.com/pierreavn/angular-tabler-icons
	    at new TablerIconsModule (node_modules/angular-tabler-icons/fesm2022/angular-tabler-icons.mjs:126:19)
	    at Object.useFactory (node_modules/angular-tabler-icons/fesm2022/angular-tabler-icons.mjs:150:23)
	    at Object.factory (node_modules/@angular/core/fesm2022/_untracked-chunk.mjs:1385:32)
	    at callback (node_modules/@angular/core/fesm2022/_untracked-chunk.mjs:1306:35)
	    at runInInjectorProfilerContext (node_modules/@angular/core/fesm2022/_untracked-chunk.mjs:437:5)
	    at R3Injector.hydrate (node_modules/@angular/core/fesm2022/_untracked-chunk.mjs:1304:11)
	    at R3Injector.get (node_modules/@angular/core/fesm2022/_untracked-chunk.mjs:1196:23)
	    at R3Injector.retrieve (node_modules/@angular/core/fesm2022/_untracked-chunk.mjs:1111:19)
	    at injectInjectorOnly (node_modules/@angular/core/fesm2022/_untracked-chunk.mjs:665:35)
	    at ╔Á╔Áinject (node_modules/@angular/core/fesm2022/_untracked-chunk.mjs:677:58)
Chrome 147.0.0.0 (Windows 10): Executed 403 of 550[31m (141 FAILED)[39m (0 secs / 19.31 secs)
[1A[2K[31mChrome 147.0.0.0 (Windows 10) AuditorVerifyComponent should create component FAILED[39m
	Error: No icon provided. Make sure to use 'TablerIconsModule.pick({ ... })' when importing the module
	Refer to documentation on https://github.com/pierreavn/angular-tabler-icons
	    at new TablerIconsModule (node_modules/angular-tabler-icons/fesm2022/angular-tabler-icons.mjs:126:19)
	    at Object.useFactory (node_modules/angular-tabler-icons/fesm2022/angular-tabler-icons.mjs:150:23)
	    at Object.factory (node_modules/@angular/core/fesm2022/_untracked-chunk.mjs:1385:32)
	    at callback (node_modules/@angular/core/fesm2022/_untracked-chunk.mjs:1306:35)
	    at runInInjectorProfilerContext (node_modules/@angular/core/fesm2022/_untracked-chunk.mjs:437:5)
	    at R3Injector.hydrate (node_modules/@angular/core/fesm2022/_untracked-chunk.mjs:1304:11)
	    at R3Injector.get (node_modules/@angular/core/fesm2022/_untracked-chunk.mjs:1196:23)
	    at R3Injector.retrieve (node_modules/@angular/core/fesm2022/_untracked-chunk.mjs:1111:19)
	    at injectInjectorOnly (node_modules/@angular/core/fesm2022/_untracked-chunk.mjs:665:35)
	    at ╔Á╔Áinject (node_modules/@angular/core/fesm2022/_untracked-chunk.mjs:677:58)
Chrome 147.0.0.0 (Windows 10): Executed 404 of 550[31m (142 FAILED)[39m (0 secs / 19.318 secs)
[1A[2K[31mChrome 147.0.0.0 (Windows 10) AuditorVerifyComponent should return display name FAILED[39m
	Error: No icon provided. Make sure to use 'TablerIconsModule.pick({ ... })' when importing the module
	Refer to documentation on https://github.com/pierreavn/angular-tabler-icons
	    at new TablerIconsModule (node_modules/angular-tabler-icons/fesm2022/angular-tabler-icons.mjs:126:19)
	    at Object.useFactory (node_modules/angular-tabler-icons/fesm2022/angular-tabler-icons.mjs:150:23)
	    at Object.factory (node_modules/@angular/core/fesm2022/_untracked-chunk.mjs:1385:32)
	    at callback (node_modules/@angular/core/fesm2022/_untracked-chunk.mjs:1306:35)
	    at runInInjectorProfilerContext (node_modules/@angular/core/fesm2022/_untracked-chunk.mjs:437:5)
	    at R3Injector.hydrate (node_modules/@angular/core/fesm2022/_untracked-chunk.mjs:1304:11)
	    at R3Injector.get (node_modules/@angular/core/fesm2022/_untracked-chunk.mjs:1196:23)
	    at R3Injector.retrieve (node_modules/@angular/core/fesm2022/_untracked-chunk.mjs:1111:19)
	    at injectInjectorOnly (node_modules/@angular/core/fesm2022/_untracked-chunk.mjs:665:35)
	    at ╔Á╔Áinject (node_modules/@angular/core/fesm2022/_untracked-chunk.mjs:677:58)
Chrome 147.0.0.0 (Windows 10): Executed 405 of 550[31m (143 FAILED)[39m (0 secs / 19.324 secs)
[1A[2K[31mChrome 147.0.0.0 (Windows 10) AuditorVerifyComponent should verify and unverify row FAILED[39m
	Error: No icon provided. Make sure to use 'TablerIconsModule.pick({ ... })' when importing the module
	Refer to documentation on https://github.com/pierreavn/angular-tabler-icons
	    at new TablerIconsModule (node_modules/angular-tabler-icons/fesm2022/angular-tabler-icons.mjs:126:19)
	    at Object.useFactory (node_modules/angular-tabler-icons/fesm2022/angular-tabler-icons.mjs:150:23)
	    at Object.factory (node_modules/@angular/core/fesm2022/_untracked-chunk.mjs:1385:32)
	    at callback (node_modules/@angular/core/fesm2022/_untracked-chunk.mjs:1306:35)
	    at runInInjectorProfilerContext (node_modules/@angular/core/fesm2022/_untracked-chunk.mjs:437:5)
	    at R3Injector.hydrate (node_modules/@angular/core/fesm2022/_untracked-chunk.mjs:1304:11)
	    at R3Injector.get (node_modules/@angular/core/fesm2022/_untracked-chunk.mjs:1196:23)
	    at R3Injector.retrieve (node_modules/@angular/core/fesm2022/_untracked-chunk.mjs:1111:19)
	    at injectInjectorOnly (node_modules/@angular/core/fesm2022/_untracked-chunk.mjs:665:35)
	    at ╔Á╔Áinject (node_modules/@angular/core/fesm2022/_untracked-chunk.mjs:677:58)
Chrome 147.0.0.0 (Windows 10): Executed 406 of 550[31m (144 FAILED)[39m (0 secs / 19.332 secs)
[1A[2KChrome 147.0.0.0 (Windows 10): Executed 407 of 550[31m (144 FAILED)[39m (0 secs / 19.354 secs)
[1A[2KChrome 147.0.0.0 (Windows 10): Executed 408 of 550[31m (144 FAILED)[39m (0 secs / 19.368 secs)
[1A[2KChrome 147.0.0.0 (Windows 10): Executed 409 of 550[31m (144 FAILED)[39m (0 secs / 19.378 secs)
[1A[2KChrome 147.0.0.0 (Windows 10): Executed 410 of 550[31m (144 FAILED)[39m (0 secs / 19.386 secs)
[1A[2KChrome 147.0.0.0 (Windows 10): Executed 411 of 550[31m (144 FAILED)[39m (0 secs / 19.387 secs)
[1A[2KChrome 147.0.0.0 (Windows 10): Executed 412 of 550[31m (144 FAILED)[39m (0 secs / 19.393 secs)
[1A[2KChrome 147.0.0.0 (Windows 10): Executed 413 of 550[31m (144 FAILED)[39m (0 secs / 19.406 secs)
[1A[2KChrome 147.0.0.0 (Windows 10): Executed 414 of 550[31m (144 FAILED)[39m (0 secs / 19.411 secs)
[1A[2KChrome 147.0.0.0 (Windows 10): Executed 415 of 550[31m (144 FAILED)[39m (0 secs / 19.419 secs)
[1A[2KChrome 147.0.0.0 (Windows 10): Executed 416 of 550[31m (144 FAILED)[39m (0 secs / 19.429 secs)
[1A[2KChrome 147.0.0.0 (Windows 10): Executed 417 of 550[31m (144 FAILED)[39m (0 secs / 19.537 secs)
[1A[2KChrome 147.0.0.0 (Windows 10): Executed 418 of 550[31m (144 FAILED)[39m (0 secs / 19.595 secs)
[1A[2KChrome 147.0.0.0 (Windows 10): Executed 419 of 550[31m (144 FAILED)[39m (0 secs / 19.653 secs)
[1A[2KChrome 147.0.0.0 (Windows 10): Executed 420 of 550[31m (144 FAILED)[39m (0 secs / 19.746 secs)
[1A[2KChrome 147.0.0.0 (Windows 10): Executed 421 of 550[31m (144 FAILED)[39m (0 secs / 19.882 secs)
[1A[2K[31mChrome 147.0.0.0 (Windows 10) AuditorPatientsComponent should apply filters without error FAILED[39m
	Error: No icon provided. Make sure to use 'TablerIconsModule.pick({ ... })' when importing the module
	Refer to documentation on https://github.com/pierreavn/angular-tabler-icons
	    at new TablerIconsModule (node_modules/angular-tabler-icons/fesm2022/angular-tabler-icons.mjs:126:19)
	    at Object.useFactory (node_modules/angular-tabler-icons/fesm2022/angular-tabler-icons.mjs:150:23)
	    at Object.factory (node_modules/@angular/core/fesm2022/_untracked-chunk.mjs:1385:32)
	    at callback (node_modules/@angular/core/fesm2022/_untracked-chunk.mjs:1306:35)
	    at runInInjectorProfilerContext (node_modules/@angular/core/fesm2022/_untracked-chunk.mjs:437:5)
	    at R3Injector.hydrate (node_modules/@angular/core/fesm2022/_untracked-chunk.mjs:1304:11)
	    at R3Injector.get (node_modules/@angular/core/fesm2022/_untracked-chunk.mjs:1196:23)
	    at R3Injector.retrieve (node_modules/@angular/core/fesm2022/_untracked-chunk.mjs:1111:19)
	    at injectInjectorOnly (node_modules/@angular/core/fesm2022/_untracked-chunk.mjs:665:35)
	    at ╔Á╔Áinject (node_modules/@angular/core/fesm2022/_untracked-chunk.mjs:677:58)
	TypeError: Cannot read properties of undefined (reading 'verify')
	    at UserContext.apply (src/app/pages/auditor/auditor-patients/auditor-patients.component.spec.ts:24:30)
	    at _ZoneDelegate.invoke (node_modules/zone.js/fesm2015/zone.js:398:28)
	    at ProxyZoneSpec.onInvoke (node_modules/zone.js/fesm2015/zone-testing.js:2132:39)
	    at _ZoneDelegate.invoke (node_modules/zone.js/fesm2015/zone.js:397:34)
	    at ZoneImpl.run (node_modules/zone.js/fesm2015/zone.js:113:43)
	    at runInTestZone (node_modules/zone.js/fesm2015/zone-testing.js:216:38)
	    at UserContext.<anonymous> (node_modules/zone.js/fesm2015/zone-testing.js:234:32)
	    at <Jasmine>
Chrome 147.0.0.0 (Windows 10): Executed 422 of 550[31m (145 FAILED)[39m (0 secs / 19.925 secs)
[1A[2K[31mChrome 147.0.0.0 (Windows 10) AuditorPatientsComponent should create component FAILED[39m
	Error: No icon provided. Make sure to use 'TablerIconsModule.pick({ ... })' when importing the module
	Refer to documentation on https://github.com/pierreavn/angular-tabler-icons
	    at new TablerIconsModule (node_modules/angular-tabler-icons/fesm2022/angular-tabler-icons.mjs:126:19)
	    at Object.useFactory (node_modules/angular-tabler-icons/fesm2022/angular-tabler-icons.mjs:150:23)
	    at Object.factory (node_modules/@angular/core/fesm2022/_untracked-chunk.mjs:1385:32)
	    at callback (node_modules/@angular/core/fesm2022/_untracked-chunk.mjs:1306:35)
	    at runInInjectorProfilerContext (node_modules/@angular/core/fesm2022/_untracked-chunk.mjs:437:5)
	    at R3Injector.hydrate (node_modules/@angular/core/fesm2022/_untracked-chunk.mjs:1304:11)
	    at R3Injector.get (node_modules/@angular/core/fesm2022/_untracked-chunk.mjs:1196:23)
	    at R3Injector.retrieve (node_modules/@angular/core/fesm2022/_untracked-chunk.mjs:1111:19)
	    at injectInjectorOnly (node_modules/@angular/core/fesm2022/_untracked-chunk.mjs:665:35)
	    at ╔Á╔Áinject (node_modules/@angular/core/fesm2022/_untracked-chunk.mjs:677:58)
	TypeError: Cannot read properties of undefined (reading 'verify')
	    at UserContext.apply (src/app/pages/auditor/auditor-patients/auditor-patients.component.spec.ts:24:30)
	    at _ZoneDelegate.invoke (node_modules/zone.js/fesm2015/zone.js:398:28)
	    at ProxyZoneSpec.onInvoke (node_modules/zone.js/fesm2015/zone-testing.js:2132:39)
	    at _ZoneDelegate.invoke (node_modules/zone.js/fesm2015/zone.js:397:34)
	    at ZoneImpl.run (node_modules/zone.js/fesm2015/zone.js:113:43)
	    at runInTestZone (node_modules/zone.js/fesm2015/zone-testing.js:216:38)
	    at UserContext.<anonymous> (node_modules/zone.js/fesm2015/zone-testing.js:234:32)
	    at <Jasmine>
Chrome 147.0.0.0 (Windows 10): Executed 423 of 550[31m (146 FAILED)[39m (0 secs / 19.937 secs)
[1A[2K[31mChrome 147.0.0.0 (Windows 10) AuditorPatientsComponent should update search text FAILED[39m
	Error: No icon provided. Make sure to use 'TablerIconsModule.pick({ ... })' when importing the module
	Refer to documentation on https://github.com/pierreavn/angular-tabler-icons
	    at new TablerIconsModule (node_modules/angular-tabler-icons/fesm2022/angular-tabler-icons.mjs:126:19)
	    at Object.useFactory (node_modules/angular-tabler-icons/fesm2022/angular-tabler-icons.mjs:150:23)
	    at Object.factory (node_modules/@angular/core/fesm2022/_untracked-chunk.mjs:1385:32)
	    at callback (node_modules/@angular/core/fesm2022/_untracked-chunk.mjs:1306:35)
	    at runInInjectorProfilerContext (node_modules/@angular/core/fesm2022/_untracked-chunk.mjs:437:5)
	    at R3Injector.hydrate (node_modules/@angular/core/fesm2022/_untracked-chunk.mjs:1304:11)
	    at R3Injector.get (node_modules/@angular/core/fesm2022/_untracked-chunk.mjs:1196:23)
	    at R3Injector.retrieve (node_modules/@angular/core/fesm2022/_untracked-chunk.mjs:1111:19)
	    at injectInjectorOnly (node_modules/@angular/core/fesm2022/_untracked-chunk.mjs:665:35)
	    at ╔Á╔Áinject (node_modules/@angular/core/fesm2022/_untracked-chunk.mjs:677:58)
	TypeError: Cannot read properties of undefined (reading 'verify')
	    at UserContext.apply (src/app/pages/auditor/auditor-patients/auditor-patients.component.spec.ts:24:30)
	    at _ZoneDelegate.invoke (node_modules/zone.js/fesm2015/zone.js:398:28)
	    at ProxyZoneSpec.onInvoke (node_modules/zone.js/fesm2015/zone-testing.js:2132:39)
	    at _ZoneDelegate.invoke (node_modules/zone.js/fesm2015/zone.js:397:34)
	    at ZoneImpl.run (node_modules/zone.js/fesm2015/zone.js:113:43)
	    at runInTestZone (node_modules/zone.js/fesm2015/zone-testing.js:216:38)
	    at UserContext.<anonymous> (node_modules/zone.js/fesm2015/zone-testing.js:234:32)
	    at <Jasmine>
Chrome 147.0.0.0 (Windows 10): Executed 424 of 550[31m (147 FAILED)[39m (0 secs / 19.948 secs)
[1A[2K[31mChrome 147.0.0.0 (Windows 10) AuditorPatientsComponent should calculate status counts correctly FAILED[39m
	Error: No icon provided. Make sure to use 'TablerIconsModule.pick({ ... })' when importing the module
	Refer to documentation on https://github.com/pierreavn/angular-tabler-icons
	    at new TablerIconsModule (node_modules/angular-tabler-icons/fesm2022/angular-tabler-icons.mjs:126:19)
	    at Object.useFactory (node_modules/angular-tabler-icons/fesm2022/angular-tabler-icons.mjs:150:23)
	    at Object.factory (node_modules/@angular/core/fesm2022/_untracked-chunk.mjs:1385:32)
	    at callback (node_modules/@angular/core/fesm2022/_untracked-chunk.mjs:1306:35)
	    at runInInjectorProfilerContext (node_modules/@angular/core/fesm2022/_untracked-chunk.mjs:437:5)
	    at R3Injector.hydrate (node_modules/@angular/core/fesm2022/_untracked-chunk.mjs:1304:11)
	    at R3Injector.get (node_modules/@angular/core/fesm2022/_untracked-chunk.mjs:1196:23)
	    at R3Injector.retrieve (node_modules/@angular/core/fesm2022/_untracked-chunk.mjs:1111:19)
	    at injectInjectorOnly (node_modules/@angular/core/fesm2022/_untracked-chunk.mjs:665:35)
	    at ╔Á╔Áinject (node_modules/@angular/core/fesm2022/_untracked-chunk.mjs:677:58)
	TypeError: Cannot read properties of undefined (reading 'verify')
	    at UserContext.apply (src/app/pages/auditor/auditor-patients/auditor-patients.component.spec.ts:24:30)
	    at _ZoneDelegate.invoke (node_modules/zone.js/fesm2015/zone.js:398:28)
	    at ProxyZoneSpec.onInvoke (node_modules/zone.js/fesm2015/zone-testing.js:2132:39)
	    at _ZoneDelegate.invoke (node_modules/zone.js/fesm2015/zone.js:397:34)
	    at ZoneImpl.run (node_modules/zone.js/fesm2015/zone.js:113:43)
	    at runInTestZone (node_modules/zone.js/fesm2015/zone-testing.js:216:38)
	    at UserContext.<anonymous> (node_modules/zone.js/fesm2015/zone-testing.js:234:32)
	    at <Jasmine>
Chrome 147.0.0.0 (Windows 10): Executed 425 of 550[31m (148 FAILED)[39m (0 secs / 19.96 secs)
[1A[2K[31mChrome 147.0.0.0 (Windows 10) AuditorPatientsComponent should return correct status colors FAILED[39m
	Error: No icon provided. Make sure to use 'TablerIconsModule.pick({ ... })' when importing the module
	Refer to documentation on https://github.com/pierreavn/angular-tabler-icons
	    at new TablerIconsModule (node_modules/angular-tabler-icons/fesm2022/angular-tabler-icons.mjs:126:19)
	    at Object.useFactory (node_modules/angular-tabler-icons/fesm2022/angular-tabler-icons.mjs:150:23)
	    at Object.factory (node_modules/@angular/core/fesm2022/_untracked-chunk.mjs:1385:32)
	    at callback (node_modules/@angular/core/fesm2022/_untracked-chunk.mjs:1306:35)
	    at runInInjectorProfilerContext (node_modules/@angular/core/fesm2022/_untracked-chunk.mjs:437:5)
	    at R3Injector.hydrate (node_modules/@angular/core/fesm2022/_untracked-chunk.mjs:1304:11)
	    at R3Injector.get (node_modules/@angular/core/fesm2022/_untracked-chunk.mjs:1196:23)
	    at R3Injector.retrieve (node_modules/@angular/core/fesm2022/_untracked-chunk.mjs:1111:19)
	    at injectInjectorOnly (node_modules/@angular/core/fesm2022/_untracked-chunk.mjs:665:35)
	    at ╔Á╔Áinject (node_modules/@angular/core/fesm2022/_untracked-chunk.mjs:677:58)
	TypeError: Cannot read properties of undefined (reading 'verify')
	    at UserContext.apply (src/app/pages/auditor/auditor-patients/auditor-patients.component.spec.ts:24:30)
	    at _ZoneDelegate.invoke (node_modules/zone.js/fesm2015/zone.js:398:28)
	    at ProxyZoneSpec.onInvoke (node_modules/zone.js/fesm2015/zone-testing.js:2132:39)
	    at _ZoneDelegate.invoke (node_modules/zone.js/fesm2015/zone.js:397:34)
	    at ZoneImpl.run (node_modules/zone.js/fesm2015/zone.js:113:43)
	    at runInTestZone (node_modules/zone.js/fesm2015/zone-testing.js:216:38)
	    at UserContext.<anonymous> (node_modules/zone.js/fesm2015/zone-testing.js:234:32)
	    at <Jasmine>
Chrome 147.0.0.0 (Windows 10): Executed 426 of 550[31m (149 FAILED)[39m (0 secs / 19.971 secs)
[1A[2K[31mChrome 147.0.0.0 (Windows 10) AuditorPatientsComponent should load patients and services FAILED[39m
	Error: No icon provided. Make sure to use 'TablerIconsModule.pick({ ... })' when importing the module
	Refer to documentation on https://github.com/pierreavn/angular-tabler-icons
	    at new TablerIconsModule (node_modules/angular-tabler-icons/fesm2022/angular-tabler-icons.mjs:126:19)
	    at Object.useFactory (node_modules/angular-tabler-icons/fesm2022/angular-tabler-icons.mjs:150:23)
	    at Object.factory (node_modules/@angular/core/fesm2022/_untracked-chunk.mjs:1385:32)
	    at callback (node_modules/@angular/core/fesm2022/_untracked-chunk.mjs:1306:35)
	    at runInInjectorProfilerContext (node_modules/@angular/core/fesm2022/_untracked-chunk.mjs:437:5)
	    at R3Injector.hydrate (node_modules/@angular/core/fesm2022/_untracked-chunk.mjs:1304:11)
	    at R3Injector.get (node_modules/@angular/core/fesm2022/_untracked-chunk.mjs:1196:23)
	    at R3Injector.retrieve (node_modules/@angular/core/fesm2022/_untracked-chunk.mjs:1111:19)
	    at injectInjectorOnly (node_modules/@angular/core/fesm2022/_untracked-chunk.mjs:665:35)
	    at ╔Á╔Áinject (node_modules/@angular/core/fesm2022/_untracked-chunk.mjs:677:58)
	TypeError: Cannot read properties of undefined (reading 'verify')
	    at UserContext.apply (src/app/pages/auditor/auditor-patients/auditor-patients.component.spec.ts:24:30)
	    at _ZoneDelegate.invoke (node_modules/zone.js/fesm2015/zone.js:398:28)
	    at ProxyZoneSpec.onInvoke (node_modules/zone.js/fesm2015/zone-testing.js:2132:39)
	    at _ZoneDelegate.invoke (node_modules/zone.js/fesm2015/zone.js:397:34)
	    at ZoneImpl.run (node_modules/zone.js/fesm2015/zone.js:113:43)
	    at runInTestZone (node_modules/zone.js/fesm2015/zone-testing.js:216:38)
	    at UserContext.<anonymous> (node_modules/zone.js/fesm2015/zone-testing.js:234:32)
	    at <Jasmine>
Chrome 147.0.0.0 (Windows 10): Executed 427 of 550[31m (150 FAILED)[39m (0 secs / 19.981 secs)
[1A[2KChrome 147.0.0.0 (Windows 10): Executed 428 of 550[31m (150 FAILED)[39m (0 secs / 20.116 secs)
[1A[2KChrome 147.0.0.0 (Windows 10): Executed 429 of 550[31m (150 FAILED)[39m (0 secs / 20.166 secs)
[1A[2KChrome 147.0.0.0 (Windows 10): Executed 430 of 550[31m (150 FAILED)[39m (0 secs / 20.207 secs)
[1A[2KChrome 147.0.0.0 (Windows 10): Executed 431 of 550[31m (150 FAILED)[39m (0 secs / 20.309 secs)
[1A[2KChrome 147.0.0.0 (Windows 10): Executed 432 of 550[31m (150 FAILED)[39m (0 secs / 20.369 secs)
[1A[2KChrome 147.0.0.0 (Windows 10): Executed 433 of 550[31m (150 FAILED)[39m (0 secs / 20.439 secs)
[1A[2KChrome 147.0.0.0 (Windows 10): Executed 434 of 550[31m (150 FAILED)[39m (0 secs / 20.439 secs)
[1A[2K[31mChrome 147.0.0.0 (Windows 10) AuditorDashboardComponent should calculate ok percentage FAILED[39m
	Error: No icon provided. Make sure to use 'TablerIconsModule.pick({ ... })' when importing the module
	Refer to documentation on https://github.com/pierreavn/angular-tabler-icons
	    at new TablerIconsModule (node_modules/angular-tabler-icons/fesm2022/angular-tabler-icons.mjs:126:19)
	    at Object.useFactory (node_modules/angular-tabler-icons/fesm2022/angular-tabler-icons.mjs:150:23)
	    at Object.factory (node_modules/@angular/core/fesm2022/_untracked-chunk.mjs:1385:32)
	    at callback (node_modules/@angular/core/fesm2022/_untracked-chunk.mjs:1306:35)
	    at runInInjectorProfilerContext (node_modules/@angular/core/fesm2022/_untracked-chunk.mjs:437:5)
	    at R3Injector.hydrate (node_modules/@angular/core/fesm2022/_untracked-chunk.mjs:1304:11)
	    at R3Injector.get (node_modules/@angular/core/fesm2022/_untracked-chunk.mjs:1196:23)
	    at R3Injector.retrieve (node_modules/@angular/core/fesm2022/_untracked-chunk.mjs:1111:19)
	    at injectInjectorOnly (node_modules/@angular/core/fesm2022/_untracked-chunk.mjs:665:35)
	    at ╔Á╔Áinject (node_modules/@angular/core/fesm2022/_untracked-chunk.mjs:677:58)
	TypeError: Cannot read properties of undefined (reading 'verify')
	    at UserContext.apply (src/app/pages/auditor/auditor-dashboard/auditor-dashboard.component.spec.ts:39:30)
	    at _ZoneDelegate.invoke (node_modules/zone.js/fesm2015/zone.js:398:28)
	    at ProxyZoneSpec.onInvoke (node_modules/zone.js/fesm2015/zone-testing.js:2132:39)
	    at _ZoneDelegate.invoke (node_modules/zone.js/fesm2015/zone.js:397:34)
	    at ZoneImpl.run (node_modules/zone.js/fesm2015/zone.js:113:43)
	    at runInTestZone (node_modules/zone.js/fesm2015/zone-testing.js:216:38)
	    at UserContext.<anonymous> (node_modules/zone.js/fesm2015/zone-testing.js:234:32)
	    at <Jasmine>
Chrome 147.0.0.0 (Windows 10): Executed 435 of 550[31m (151 FAILED)[39m (0 secs / 20.492 secs)
[1A[2K[31mChrome 147.0.0.0 (Windows 10) AuditorDashboardComponent should return dash if delay is null FAILED[39m
	Error: No icon provided. Make sure to use 'TablerIconsModule.pick({ ... })' when importing the module
	Refer to documentation on https://github.com/pierreavn/angular-tabler-icons
	    at new TablerIconsModule (node_modules/angular-tabler-icons/fesm2022/angular-tabler-icons.mjs:126:19)
	    at Object.useFactory (node_modules/angular-tabler-icons/fesm2022/angular-tabler-icons.mjs:150:23)
	    at Object.factory (node_modules/@angular/core/fesm2022/_untracked-chunk.mjs:1385:32)
	    at callback (node_modules/@angular/core/fesm2022/_untracked-chunk.mjs:1306:35)
	    at runInInjectorProfilerContext (node_modules/@angular/core/fesm2022/_untracked-chunk.mjs:437:5)
	    at R3Injector.hydrate (node_modules/@angular/core/fesm2022/_untracked-chunk.mjs:1304:11)
	    at R3Injector.get (node_modules/@angular/core/fesm2022/_untracked-chunk.mjs:1196:23)
	    at R3Injector.retrieve (node_modules/@angular/core/fesm2022/_untracked-chunk.mjs:1111:19)
	    at injectInjectorOnly (node_modules/@angular/core/fesm2022/_untracked-chunk.mjs:665:35)
	    at ╔Á╔Áinject (node_modules/@angular/core/fesm2022/_untracked-chunk.mjs:677:58)
	TypeError: Cannot read properties of undefined (reading 'verify')
	    at UserContext.apply (src/app/pages/auditor/auditor-dashboard/auditor-dashboard.component.spec.ts:39:30)
	    at _ZoneDelegate.invoke (node_modules/zone.js/fesm2015/zone.js:398:28)
	    at ProxyZoneSpec.onInvoke (node_modules/zone.js/fesm2015/zone-testing.js:2132:39)
	    at _ZoneDelegate.invoke (node_modules/zone.js/fesm2015/zone.js:397:34)
	    at ZoneImpl.run (node_modules/zone.js/fesm2015/zone.js:113:43)
	    at runInTestZone (node_modules/zone.js/fesm2015/zone-testing.js:216:38)
	    at UserContext.<anonymous> (node_modules/zone.js/fesm2015/zone-testing.js:234:32)
	    at <Jasmine>
Chrome 147.0.0.0 (Windows 10): Executed 436 of 550[31m (152 FAILED)[39m (0 secs / 20.503 secs)
[1A[2K[31mChrome 147.0.0.0 (Windows 10) AuditorDashboardComponent should create FAILED[39m
	Error: No icon provided. Make sure to use 'TablerIconsModule.pick({ ... })' when importing the module
	Refer to documentation on https://github.com/pierreavn/angular-tabler-icons
	    at new TablerIconsModule (node_modules/angular-tabler-icons/fesm2022/angular-tabler-icons.mjs:126:19)
	    at Object.useFactory (node_modules/angular-tabler-icons/fesm2022/angular-tabler-icons.mjs:150:23)
	    at Object.factory (node_modules/@angular/core/fesm2022/_untracked-chunk.mjs:1385:32)
	    at callback (node_modules/@angular/core/fesm2022/_untracked-chunk.mjs:1306:35)
	    at runInInjectorProfilerContext (node_modules/@angular/core/fesm2022/_untracked-chunk.mjs:437:5)
	    at R3Injector.hydrate (node_modules/@angular/core/fesm2022/_untracked-chunk.mjs:1304:11)
	    at R3Injector.get (node_modules/@angular/core/fesm2022/_untracked-chunk.mjs:1196:23)
	    at R3Injector.retrieve (node_modules/@angular/core/fesm2022/_untracked-chunk.mjs:1111:19)
	    at injectInjectorOnly (node_modules/@angular/core/fesm2022/_untracked-chunk.mjs:665:35)
	    at ╔Á╔Áinject (node_modules/@angular/core/fesm2022/_untracked-chunk.mjs:677:58)
	TypeError: Cannot read properties of undefined (reading 'verify')
	    at UserContext.apply (src/app/pages/auditor/auditor-dashboard/auditor-dashboard.component.spec.ts:39:30)
	    at _ZoneDelegate.invoke (node_modules/zone.js/fesm2015/zone.js:398:28)
	    at ProxyZoneSpec.onInvoke (node_modules/zone.js/fesm2015/zone-testing.js:2132:39)
	    at _ZoneDelegate.invoke (node_modules/zone.js/fesm2015/zone.js:397:34)
	    at ZoneImpl.run (node_modules/zone.js/fesm2015/zone.js:113:43)
	    at runInTestZone (node_modules/zone.js/fesm2015/zone-testing.js:216:38)
	    at UserContext.<anonymous> (node_modules/zone.js/fesm2015/zone-testing.js:234:32)
	    at <Jasmine>
Chrome 147.0.0.0 (Windows 10): Executed 437 of 550[31m (153 FAILED)[39m (0 secs / 20.515 secs)
[1A[2K[31mChrome 147.0.0.0 (Windows 10) AuditorDashboardComponent should return delay label in minutes FAILED[39m
	Error: No icon provided. Make sure to use 'TablerIconsModule.pick({ ... })' when importing the module
	Refer to documentation on https://github.com/pierreavn/angular-tabler-icons
	    at new TablerIconsModule (node_modules/angular-tabler-icons/fesm2022/angular-tabler-icons.mjs:126:19)
	    at Object.useFactory (node_modules/angular-tabler-icons/fesm2022/angular-tabler-icons.mjs:150:23)
	    at Object.factory (node_modules/@angular/core/fesm2022/_untracked-chunk.mjs:1385:32)
	    at callback (node_modules/@angular/core/fesm2022/_untracked-chunk.mjs:1306:35)
	    at runInInjectorProfilerContext (node_modules/@angular/core/fesm2022/_untracked-chunk.mjs:437:5)
	    at R3Injector.hydrate (node_modules/@angular/core/fesm2022/_untracked-chunk.mjs:1304:11)
	    at R3Injector.get (node_modules/@angular/core/fesm2022/_untracked-chunk.mjs:1196:23)
	    at R3Injector.retrieve (node_modules/@angular/core/fesm2022/_untracked-chunk.mjs:1111:19)
	    at injectInjectorOnly (node_modules/@angular/core/fesm2022/_untracked-chunk.mjs:665:35)
	    at ╔Á╔Áinject (node_modules/@angular/core/fesm2022/_untracked-chunk.mjs:677:58)
	TypeError: Cannot read properties of undefined (reading 'verify')
	    at UserContext.apply (src/app/pages/auditor/auditor-dashboard/auditor-dashboard.component.spec.ts:39:30)
	    at _ZoneDelegate.invoke (node_modules/zone.js/fesm2015/zone.js:398:28)
	    at ProxyZoneSpec.onInvoke (node_modules/zone.js/fesm2015/zone-testing.js:2132:39)
	    at _ZoneDelegate.invoke (node_modules/zone.js/fesm2015/zone.js:397:34)
	    at ZoneImpl.run (node_modules/zone.js/fesm2015/zone.js:113:43)
	    at runInTestZone (node_modules/zone.js/fesm2015/zone-testing.js:216:38)
	    at UserContext.<anonymous> (node_modules/zone.js/fesm2015/zone-testing.js:234:32)
	    at <Jasmine>
Chrome 147.0.0.0 (Windows 10): Executed 438 of 550[31m (154 FAILED)[39m (0 secs / 20.525 secs)
[1A[2K[31mChrome 147.0.0.0 (Windows 10) AuditorDashboardComponent should calculate no data percentage FAILED[39m
	Error: No icon provided. Make sure to use 'TablerIconsModule.pick({ ... })' when importing the module
	Refer to documentation on https://github.com/pierreavn/angular-tabler-icons
	    at new TablerIconsModule (node_modules/angular-tabler-icons/fesm2022/angular-tabler-icons.mjs:126:19)
	    at Object.useFactory (node_modules/angular-tabler-icons/fesm2022/angular-tabler-icons.mjs:150:23)
	    at Object.factory (node_modules/@angular/core/fesm2022/_untracked-chunk.mjs:1385:32)
	    at callback (node_modules/@angular/core/fesm2022/_untracked-chunk.mjs:1306:35)
	    at runInInjectorProfilerContext (node_modules/@angular/core/fesm2022/_untracked-chunk.mjs:437:5)
	    at R3Injector.hydrate (node_modules/@angular/core/fesm2022/_untracked-chunk.mjs:1304:11)
	    at R3Injector.get (node_modules/@angular/core/fesm2022/_untracked-chunk.mjs:1196:23)
	    at R3Injector.retrieve (node_modules/@angular/core/fesm2022/_untracked-chunk.mjs:1111:19)
	    at injectInjectorOnly (node_modules/@angular/core/fesm2022/_untracked-chunk.mjs:665:35)
	    at ╔Á╔Áinject (node_modules/@angular/core/fesm2022/_untracked-chunk.mjs:677:58)
	TypeError: Cannot read properties of undefined (reading 'verify')
	    at UserContext.apply (src/app/pages/auditor/auditor-dashboard/auditor-dashboard.component.spec.ts:39:30)
	    at _ZoneDelegate.invoke (node_modules/zone.js/fesm2015/zone.js:398:28)
	    at ProxyZoneSpec.onInvoke (node_modules/zone.js/fesm2015/zone-testing.js:2132:39)
	    at _ZoneDelegate.invoke (node_modules/zone.js/fesm2015/zone.js:397:34)
	    at ZoneImpl.run (node_modules/zone.js/fesm2015/zone.js:113:43)
	    at runInTestZone (node_modules/zone.js/fesm2015/zone-testing.js:216:38)
	    at UserContext.<anonymous> (node_modules/zone.js/fesm2015/zone-testing.js:234:32)
	    at <Jasmine>
Chrome 147.0.0.0 (Windows 10): Executed 439 of 550[31m (155 FAILED)[39m (0 secs / 20.536 secs)
[1A[2K[31mChrome 147.0.0.0 (Windows 10) AuditorDashboardComponent should unsubscribe on destroy FAILED[39m
	Error: No icon provided. Make sure to use 'TablerIconsModule.pick({ ... })' when importing the module
	Refer to documentation on https://github.com/pierreavn/angular-tabler-icons
	    at new TablerIconsModule (node_modules/angular-tabler-icons/fesm2022/angular-tabler-icons.mjs:126:19)
	    at Object.useFactory (node_modules/angular-tabler-icons/fesm2022/angular-tabler-icons.mjs:150:23)
	    at Object.factory (node_modules/@angular/core/fesm2022/_untracked-chunk.mjs:1385:32)
	    at callback (node_modules/@angular/core/fesm2022/_untracked-chunk.mjs:1306:35)
	    at runInInjectorProfilerContext (node_modules/@angular/core/fesm2022/_untracked-chunk.mjs:437:5)
	    at R3Injector.hydrate (node_modules/@angular/core/fesm2022/_untracked-chunk.mjs:1304:11)
	    at R3Injector.get (node_modules/@angular/core/fesm2022/_untracked-chunk.mjs:1196:23)
	    at R3Injector.retrieve (node_modules/@angular/core/fesm2022/_untracked-chunk.mjs:1111:19)
	    at injectInjectorOnly (node_modules/@angular/core/fesm2022/_untracked-chunk.mjs:665:35)
	    at ╔Á╔Áinject (node_modules/@angular/core/fesm2022/_untracked-chunk.mjs:677:58)
	TypeError: Cannot read properties of undefined (reading 'verify')
	    at UserContext.apply (src/app/pages/auditor/auditor-dashboard/auditor-dashboard.component.spec.ts:39:30)
	    at _ZoneDelegate.invoke (node_modules/zone.js/fesm2015/zone.js:398:28)
	    at ProxyZoneSpec.onInvoke (node_modules/zone.js/fesm2015/zone-testing.js:2132:39)
	    at _ZoneDelegate.invoke (node_modules/zone.js/fesm2015/zone.js:397:34)
	    at ZoneImpl.run (node_modules/zone.js/fesm2015/zone.js:113:43)
	    at runInTestZone (node_modules/zone.js/fesm2015/zone-testing.js:216:38)
	    at UserContext.<anonymous> (node_modules/zone.js/fesm2015/zone-testing.js:234:32)
	    at <Jasmine>
Chrome 147.0.0.0 (Windows 10): Executed 440 of 550[31m (156 FAILED)[39m (0 secs / 20.547 secs)
[1A[2K[31mChrome 147.0.0.0 (Windows 10) AuditorDashboardComponent should return delay label in hours FAILED[39m
	Error: No icon provided. Make sure to use 'TablerIconsModule.pick({ ... })' when importing the module
	Refer to documentation on https://github.com/pierreavn/angular-tabler-icons
	    at new TablerIconsModule (node_modules/angular-tabler-icons/fesm2022/angular-tabler-icons.mjs:126:19)
	    at Object.useFactory (node_modules/angular-tabler-icons/fesm2022/angular-tabler-icons.mjs:150:23)
	    at Object.factory (node_modules/@angular/core/fesm2022/_untracked-chunk.mjs:1385:32)
	    at callback (node_modules/@angular/core/fesm2022/_untracked-chunk.mjs:1306:35)
	    at runInInjectorProfilerContext (node_modules/@angular/core/fesm2022/_untracked-chunk.mjs:437:5)
	    at R3Injector.hydrate (node_modules/@angular/core/fesm2022/_untracked-chunk.mjs:1304:11)
	    at R3Injector.get (node_modules/@angular/core/fesm2022/_untracked-chunk.mjs:1196:23)
	    at R3Injector.retrieve (node_modules/@angular/core/fesm2022/_untracked-chunk.mjs:1111:19)
	    at injectInjectorOnly (node_modules/@angular/core/fesm2022/_untracked-chunk.mjs:665:35)
	    at ╔Á╔Áinject (node_modules/@angular/core/fesm2022/_untracked-chunk.mjs:677:58)
	TypeError: Cannot read properties of undefined (reading 'verify')
	    at UserContext.apply (src/app/pages/auditor/auditor-dashboard/auditor-dashboard.component.spec.ts:39:30)
	    at _ZoneDelegate.invoke (node_modules/zone.js/fesm2015/zone.js:398:28)
	    at ProxyZoneSpec.onInvoke (node_modules/zone.js/fesm2015/zone-testing.js:2132:39)
	    at _ZoneDelegate.invoke (node_modules/zone.js/fesm2015/zone.js:397:34)
	    at ZoneImpl.run (node_modules/zone.js/fesm2015/zone.js:113:43)
	    at runInTestZone (node_modules/zone.js/fesm2015/zone-testing.js:216:38)
	    at UserContext.<anonymous> (node_modules/zone.js/fesm2015/zone-testing.js:234:32)
	    at <Jasmine>
Chrome 147.0.0.0 (Windows 10): Executed 441 of 550[31m (157 FAILED)[39m (0 secs / 20.558 secs)
[1A[2K[31mChrome 147.0.0.0 (Windows 10) AuditorDashboardComponent should load dashboard statistics FAILED[39m
	Error: No icon provided. Make sure to use 'TablerIconsModule.pick({ ... })' when importing the module
	Refer to documentation on https://github.com/pierreavn/angular-tabler-icons
	    at new TablerIconsModule (node_modules/angular-tabler-icons/fesm2022/angular-tabler-icons.mjs:126:19)
	    at Object.useFactory (node_modules/angular-tabler-icons/fesm2022/angular-tabler-icons.mjs:150:23)
	    at Object.factory (node_modules/@angular/core/fesm2022/_untracked-chunk.mjs:1385:32)
	    at callback (node_modules/@angular/core/fesm2022/_untracked-chunk.mjs:1306:35)
	    at runInInjectorProfilerContext (node_modules/@angular/core/fesm2022/_untracked-chunk.mjs:437:5)
	    at R3Injector.hydrate (node_modules/@angular/core/fesm2022/_untracked-chunk.mjs:1304:11)
	    at R3Injector.get (node_modules/@angular/core/fesm2022/_untracked-chunk.mjs:1196:23)
	    at R3Injector.retrieve (node_modules/@angular/core/fesm2022/_untracked-chunk.mjs:1111:19)
	    at injectInjectorOnly (node_modules/@angular/core/fesm2022/_untracked-chunk.mjs:665:35)
	    at ╔Á╔Áinject (node_modules/@angular/core/fesm2022/_untracked-chunk.mjs:677:58)
	TypeError: Cannot read properties of undefined (reading 'verify')
	    at UserContext.apply (src/app/pages/auditor/auditor-dashboard/auditor-dashboard.component.spec.ts:39:30)
	    at _ZoneDelegate.invoke (node_modules/zone.js/fesm2015/zone.js:398:28)
	    at ProxyZoneSpec.onInvoke (node_modules/zone.js/fesm2015/zone-testing.js:2132:39)
	    at _ZoneDelegate.invoke (node_modules/zone.js/fesm2015/zone.js:397:34)
	    at ZoneImpl.run (node_modules/zone.js/fesm2015/zone.js:113:43)
	    at runInTestZone (node_modules/zone.js/fesm2015/zone-testing.js:216:38)
	    at UserContext.<anonymous> (node_modules/zone.js/fesm2015/zone-testing.js:234:32)
	    at <Jasmine>
Chrome 147.0.0.0 (Windows 10): Executed 442 of 550[31m (158 FAILED)[39m (0 secs / 20.57 secs)
[1A[2K[31mChrome 147.0.0.0 (Windows 10) AuditorDashboardComponent should load AI audit report FAILED[39m
	Error: No icon provided. Make sure to use 'TablerIconsModule.pick({ ... })' when importing the module
	Refer to documentation on https://github.com/pierreavn/angular-tabler-icons
	    at new TablerIconsModule (node_modules/angular-tabler-icons/fesm2022/angular-tabler-icons.mjs:126:19)
	    at Object.useFactory (node_modules/angular-tabler-icons/fesm2022/angular-tabler-icons.mjs:150:23)
	    at Object.factory (node_modules/@angular/core/fesm2022/_untracked-chunk.mjs:1385:32)
	    at callback (node_modules/@angular/core/fesm2022/_untracked-chunk.mjs:1306:35)
	    at runInInjectorProfilerContext (node_modules/@angular/core/fesm2022/_untracked-chunk.mjs:437:5)
	    at R3Injector.hydrate (node_modules/@angular/core/fesm2022/_untracked-chunk.mjs:1304:11)
	    at R3Injector.get (node_modules/@angular/core/fesm2022/_untracked-chunk.mjs:1196:23)
	    at R3Injector.retrieve (node_modules/@angular/core/fesm2022/_untracked-chunk.mjs:1111:19)
	    at injectInjectorOnly (node_modules/@angular/core/fesm2022/_untracked-chunk.mjs:665:35)
	    at ╔Á╔Áinject (node_modules/@angular/core/fesm2022/_untracked-chunk.mjs:677:58)
	TypeError: Cannot read properties of undefined (reading 'verify')
	    at UserContext.apply (src/app/pages/auditor/auditor-dashboard/auditor-dashboard.component.spec.ts:39:30)
	    at _ZoneDelegate.invoke (node_modules/zone.js/fesm2015/zone.js:398:28)
	    at ProxyZoneSpec.onInvoke (node_modules/zone.js/fesm2015/zone-testing.js:2132:39)
	    at _ZoneDelegate.invoke (node_modules/zone.js/fesm2015/zone.js:397:34)
	    at ZoneImpl.run (node_modules/zone.js/fesm2015/zone.js:113:43)
	    at runInTestZone (node_modules/zone.js/fesm2015/zone-testing.js:216:38)
	    at UserContext.<anonymous> (node_modules/zone.js/fesm2015/zone-testing.js:234:32)
	    at <Jasmine>
Chrome 147.0.0.0 (Windows 10): Executed 443 of 550[31m (159 FAILED)[39m (0 secs / 20.58 secs)
[1A[2K[31mChrome 147.0.0.0 (Windows 10) AuditorDashboardComponent should calculate incomplete percentage FAILED[39m
	Error: No icon provided. Make sure to use 'TablerIconsModule.pick({ ... })' when importing the module
	Refer to documentation on https://github.com/pierreavn/angular-tabler-icons
	    at new TablerIconsModule (node_modules/angular-tabler-icons/fesm2022/angular-tabler-icons.mjs:126:19)
	    at Object.useFactory (node_modules/angular-tabler-icons/fesm2022/angular-tabler-icons.mjs:150:23)
	    at Object.factory (node_modules/@angular/core/fesm2022/_untracked-chunk.mjs:1385:32)
	    at callback (node_modules/@angular/core/fesm2022/_untracked-chunk.mjs:1306:35)
	    at runInInjectorProfilerContext (node_modules/@angular/core/fesm2022/_untracked-chunk.mjs:437:5)
	    at R3Injector.hydrate (node_modules/@angular/core/fesm2022/_untracked-chunk.mjs:1304:11)
	    at R3Injector.get (node_modules/@angular/core/fesm2022/_untracked-chunk.mjs:1196:23)
	    at R3Injector.retrieve (node_modules/@angular/core/fesm2022/_untracked-chunk.mjs:1111:19)
	    at injectInjectorOnly (node_modules/@angular/core/fesm2022/_untracked-chunk.mjs:665:35)
	    at ╔Á╔Áinject (node_modules/@angular/core/fesm2022/_untracked-chunk.mjs:677:58)
	TypeError: Cannot read properties of undefined (reading 'verify')
	    at UserContext.apply (src/app/pages/auditor/auditor-dashboard/auditor-dashboard.component.spec.ts:39:30)
	    at _ZoneDelegate.invoke (node_modules/zone.js/fesm2015/zone.js:398:28)
	    at ProxyZoneSpec.onInvoke (node_modules/zone.js/fesm2015/zone-testing.js:2132:39)
	    at _ZoneDelegate.invoke (node_modules/zone.js/fesm2015/zone.js:397:34)
	    at ZoneImpl.run (node_modules/zone.js/fesm2015/zone.js:113:43)
	    at runInTestZone (node_modules/zone.js/fesm2015/zone-testing.js:216:38)
	    at UserContext.<anonymous> (node_modules/zone.js/fesm2015/zone-testing.js:234:32)
	    at <Jasmine>
Chrome 147.0.0.0 (Windows 10): Executed 444 of 550[31m (160 FAILED)[39m (0 secs / 20.59 secs)
[1A[2KChrome 147.0.0.0 (Windows 10): Executed 445 of 550[31m (160 FAILED)[39m (0 secs / 20.631 secs)
[1A[2KChrome 147.0.0.0 (Windows 10): Executed 446 of 550[31m (160 FAILED)[39m (0 secs / 20.657 secs)
[1A[2KChrome 147.0.0.0 (Windows 10): Executed 447 of 550[31m (160 FAILED)[39m (0 secs / 20.681 secs)
[1A[2KWARN: [36m'Spec 'ForgotPasswordComponent should not call HTTP if resetForm is invalid' has no expectations.'[39m
Chrome 147.0.0.0 (Windows 10): Executed 447 of 550[31m (160 FAILED)[39m (0 secs / 20.681 secs)
WARN: 'Spec 'ForgotPasswordComponent should not call HTTP if resetForm is invalid' has no expectations.'
[1A[2KChrome 147.0.0.0 (Windows 10): Executed 448 of 550[31m (160 FAILED)[39m (0 secs / 20.7 secs)
[1A[2KChrome 147.0.0.0 (Windows 10): Executed 449 of 550[31m (160 FAILED)[39m (0 secs / 20.719 secs)
[1A[2KChrome 147.0.0.0 (Windows 10): Executed 450 of 550[31m (160 FAILED)[39m (0 secs / 20.74 secs)
[1A[2KChrome 147.0.0.0 (Windows 10): Executed 451 of 550[31m (160 FAILED)[39m (0 secs / 20.765 secs)
[1A[2KChrome 147.0.0.0 (Windows 10): Executed 452 of 550[31m (160 FAILED)[39m (0 secs / 20.78 secs)
[1A[2KWARN: [36m'Spec 'ForgotPasswordComponent should not call HTTP if forgotForm is invalid' has no expectations.'[39m
Chrome 147.0.0.0 (Windows 10): Executed 452 of 550[31m (160 FAILED)[39m (0 secs / 20.78 secs)
WARN: 'Spec 'ForgotPasswordComponent should not call HTTP if forgotForm is invalid' has no expectations.'
[1A[2KChrome 147.0.0.0 (Windows 10): Executed 453 of 550[31m (160 FAILED)[39m (0 secs / 20.802 secs)
[1A[2KChrome 147.0.0.0 (Windows 10): Executed 454 of 550[31m (160 FAILED)[39m (0 secs / 20.827 secs)
[1A[2KChrome 147.0.0.0 (Windows 10): Executed 455 of 550[31m (160 FAILED)[39m (0 secs / 20.848 secs)
[1A[2KChrome 147.0.0.0 (Windows 10): Executed 456 of 550[31m (160 FAILED)[39m (0 secs / 20.869 secs)
[1A[2KChrome 147.0.0.0 (Windows 10): Executed 457 of 550[31m (160 FAILED)[39m (0 secs / 20.889 secs)
[1A[2KChrome 147.0.0.0 (Windows 10): Executed 458 of 550[31m (160 FAILED)[39m (0 secs / 20.908 secs)
[1A[2KChrome 147.0.0.0 (Windows 10): Executed 459 of 550[31m (160 FAILED)[39m (0 secs / 20.928 secs)
[1A[2KChrome 147.0.0.0 (Windows 10): Executed 460 of 550[31m (160 FAILED)[39m (0 secs / 20.944 secs)
[1A[2KChrome 147.0.0.0 (Windows 10): Executed 461 of 550[31m (160 FAILED)[39m (0 secs / 20.962 secs)
[1A[2KERROR: [36m'getCurrentUserId: failed to parse token', DOMException{}[39m
Chrome 147.0.0.0 (Windows 10): Executed 461 of 550[31m (160 FAILED)[39m (0 secs / 20.962 secs)
ERROR: 'getCurrentUserId: failed to parse token', DOMException{}
[1A[2KERROR: [36m'getCurrentUserId: failed to parse token', DOMException{}[39m
Chrome 147.0.0.0 (Windows 10): Executed 461 of 550[31m (160 FAILED)[39m (0 secs / 20.962 secs)
ERROR: 'getCurrentUserId: failed to parse token', DOMException{}
[1A[2KERROR: [36m'getContacts: missing current userId'[39m
Chrome 147.0.0.0 (Windows 10): Executed 461 of 550[31m (160 FAILED)[39m (0 secs / 20.962 secs)
ERROR: 'getContacts: missing current userId'
[1A[2KChrome 147.0.0.0 (Windows 10): Executed 462 of 550[31m (160 FAILED)[39m (0 secs / 20.989 secs)
[1A[2KChrome 147.0.0.0 (Windows 10): Executed 463 of 550[31m (160 FAILED)[39m (0 secs / 21.115 secs)
[1A[2KChrome 147.0.0.0 (Windows 10): Executed 464 of 550[31m (160 FAILED)[39m (0 secs / 21.175 secs)
[1A[2KChrome 147.0.0.0 (Windows 10): Executed 465 of 550[31m (160 FAILED)[39m (0 secs / 21.235 secs)
[1A[2KChrome 147.0.0.0 (Windows 10): Executed 466 of 550[31m (160 FAILED)[39m (0 secs / 21.3 secs)
[1A[2KChrome 147.0.0.0 (Windows 10): Executed 467 of 550[31m (160 FAILED)[39m (0 secs / 21.374 secs)
[1A[2KChrome 147.0.0.0 (Windows 10): Executed 468 of 550[31m (160 FAILED)[39m (0 secs / 21.445 secs)
[1A[2KChrome 147.0.0.0 (Windows 10): Executed 469 of 550[31m (160 FAILED)[39m (0 secs / 21.502 secs)
[1A[2KChrome 147.0.0.0 (Windows 10): Executed 470 of 550[31m (160 FAILED)[39m (0 secs / 21.578 secs)
[1A[2KChrome 147.0.0.0 (Windows 10): Executed 471 of 550[31m (160 FAILED)[39m (0 secs / 21.65 secs)
[33m03 05 2026 19:32:26.734:WARN [web-server]: [39m404: /_karma_webpack_/some-url.jpg
[1A[2KChrome 147.0.0.0 (Windows 10): Executed 472 of 550[31m (160 FAILED)[39m (0 secs / 21.713 secs)
[1A[2K[31mChrome 147.0.0.0 (Windows 10) RemindersComponent should correctly count scheduled reminders FAILED[39m
	Error: A module with providers was imported from "RemindersComponent". Modules with providers are not supported in standalone components imports.
	    at verifyStandaloneImport (node_modules/@angular/core/fesm2022/_debug_node-chunk.mjs:7278:15)
	    at directives (node_modules/@angular/core/fesm2022/_debug_node-chunk.mjs:17857:9)
	    at createTView (node_modules/@angular/core/fesm2022/_debug_node-chunk.mjs:3819:59)
	    at getOrCreateComponentTView (node_modules/@angular/core/fesm2022/_debug_node-chunk.mjs:3843:24)
	    at createComponentLView (node_modules/@angular/core/fesm2022/_debug_node-chunk.mjs:3873:17)
	    at instantiateAllDirectives (node_modules/@angular/core/fesm2022/_debug_node-chunk.mjs:4972:5)
	    at createDirectivesInstances (node_modules/@angular/core/fesm2022/_debug_node-chunk.mjs:4839:3)
	    at ComponentFactory.create (node_modules/@angular/core/fesm2022/_debug_node-chunk.mjs:8287:9)
	    at apply (node_modules/@angular/core/fesm2022/testing.mjs:1475:45)
	    at _ZoneDelegate.invoke (node_modules/zone.js/fesm2015/zone.js:398:28)
Chrome 147.0.0.0 (Windows 10): Executed 473 of 550[31m (161 FAILED)[39m (0 secs / 21.777 secs)
[1A[2K[31mChrome 147.0.0.0 (Windows 10) RemindersComponent should correctly count sent reminders FAILED[39m
	Error: A module with providers was imported from "RemindersComponent". Modules with providers are not supported in standalone components imports.
	    at verifyStandaloneImport (node_modules/@angular/core/fesm2022/_debug_node-chunk.mjs:7278:15)
	    at directives (node_modules/@angular/core/fesm2022/_debug_node-chunk.mjs:17857:9)
	    at createTView (node_modules/@angular/core/fesm2022/_debug_node-chunk.mjs:3819:59)
	    at getOrCreateComponentTView (node_modules/@angular/core/fesm2022/_debug_node-chunk.mjs:3843:24)
	    at createComponentLView (node_modules/@angular/core/fesm2022/_debug_node-chunk.mjs:3873:17)
	    at instantiateAllDirectives (node_modules/@angular/core/fesm2022/_debug_node-chunk.mjs:4972:5)
	    at createDirectivesInstances (node_modules/@angular/core/fesm2022/_debug_node-chunk.mjs:4839:3)
	    at ComponentFactory.create (node_modules/@angular/core/fesm2022/_debug_node-chunk.mjs:8287:9)
	    at apply (node_modules/@angular/core/fesm2022/testing.mjs:1475:45)
	    at _ZoneDelegate.invoke (node_modules/zone.js/fesm2015/zone.js:398:28)
Chrome 147.0.0.0 (Windows 10): Executed 474 of 550[31m (162 FAILED)[39m (0 secs / 21.788 secs)
[1A[2K[31mChrome 147.0.0.0 (Windows 10) RemindersComponent should have 2 reminders after loading FAILED[39m
	Error: A module with providers was imported from "RemindersComponent". Modules with providers are not supported in standalone components imports.
	    at verifyStandaloneImport (node_modules/@angular/core/fesm2022/_debug_node-chunk.mjs:7278:15)
	    at directives (node_modules/@angular/core/fesm2022/_debug_node-chunk.mjs:17857:9)
	    at createTView (node_modules/@angular/core/fesm2022/_debug_node-chunk.mjs:3819:59)
	    at getOrCreateComponentTView (node_modules/@angular/core/fesm2022/_debug_node-chunk.mjs:3843:24)
	    at createComponentLView (node_modules/@angular/core/fesm2022/_debug_node-chunk.mjs:3873:17)
	    at instantiateAllDirectives (node_modules/@angular/core/fesm2022/_debug_node-chunk.mjs:4972:5)
	    at createDirectivesInstances (node_modules/@angular/core/fesm2022/_debug_node-chunk.mjs:4839:3)
	    at ComponentFactory.create (node_modules/@angular/core/fesm2022/_debug_node-chunk.mjs:8287:9)
	    at apply (node_modules/@angular/core/fesm2022/testing.mjs:1475:45)
	    at _ZoneDelegate.invoke (node_modules/zone.js/fesm2015/zone.js:398:28)
Chrome 147.0.0.0 (Windows 10): Executed 475 of 550[31m (163 FAILED)[39m (0 secs / 21.799 secs)
[1A[2K[31mChrome 147.0.0.0 (Windows 10) RemindersComponent should load reminders on init FAILED[39m
	Error: A module with providers was imported from "RemindersComponent". Modules with providers are not supported in standalone components imports.
	    at verifyStandaloneImport (node_modules/@angular/core/fesm2022/_debug_node-chunk.mjs:7278:15)
	    at directives (node_modules/@angular/core/fesm2022/_debug_node-chunk.mjs:17857:9)
	    at createTView (node_modules/@angular/core/fesm2022/_debug_node-chunk.mjs:3819:59)
	    at getOrCreateComponentTView (node_modules/@angular/core/fesm2022/_debug_node-chunk.mjs:3843:24)
	    at createComponentLView (node_modules/@angular/core/fesm2022/_debug_node-chunk.mjs:3873:17)
	    at instantiateAllDirectives (node_modules/@angular/core/fesm2022/_debug_node-chunk.mjs:4972:5)
	    at createDirectivesInstances (node_modules/@angular/core/fesm2022/_debug_node-chunk.mjs:4839:3)
	    at ComponentFactory.create (node_modules/@angular/core/fesm2022/_debug_node-chunk.mjs:8287:9)
	    at apply (node_modules/@angular/core/fesm2022/testing.mjs:1475:45)
	    at _ZoneDelegate.invoke (node_modules/zone.js/fesm2015/zone.js:398:28)
Chrome 147.0.0.0 (Windows 10): Executed 476 of 550[31m (164 FAILED)[39m (0 secs / 21.81 secs)
[1A[2K[31mChrome 147.0.0.0 (Windows 10) RemindersComponent should create FAILED[39m
	Error: A module with providers was imported from "RemindersComponent". Modules with providers are not supported in standalone components imports.
	    at verifyStandaloneImport (node_modules/@angular/core/fesm2022/_debug_node-chunk.mjs:7278:15)
	    at directives (node_modules/@angular/core/fesm2022/_debug_node-chunk.mjs:17857:9)
	    at createTView (node_modules/@angular/core/fesm2022/_debug_node-chunk.mjs:3819:59)
	    at getOrCreateComponentTView (node_modules/@angular/core/fesm2022/_debug_node-chunk.mjs:3843:24)
	    at createComponentLView (node_modules/@angular/core/fesm2022/_debug_node-chunk.mjs:3873:17)
	    at instantiateAllDirectives (node_modules/@angular/core/fesm2022/_debug_node-chunk.mjs:4972:5)
	    at createDirectivesInstances (node_modules/@angular/core/fesm2022/_debug_node-chunk.mjs:4839:3)
	    at ComponentFactory.create (node_modules/@angular/core/fesm2022/_debug_node-chunk.mjs:8287:9)
	    at apply (node_modules/@angular/core/fesm2022/testing.mjs:1475:45)
	    at _ZoneDelegate.invoke (node_modules/zone.js/fesm2015/zone.js:398:28)
Chrome 147.0.0.0 (Windows 10): Executed 477 of 550[31m (165 FAILED)[39m (0 secs / 21.82 secs)
[1A[2K[31mChrome 147.0.0.0 (Windows 10) CoordinatorDashboardComponent should create FAILED[39m
	Error: A module with providers was imported from "CoordinatorDashboardComponent". Modules with providers are not supported in standalone components imports.
	    at verifyStandaloneImport (node_modules/@angular/core/fesm2022/_debug_node-chunk.mjs:7278:15)
	    at directives (node_modules/@angular/core/fesm2022/_debug_node-chunk.mjs:17857:9)
	    at createTView (node_modules/@angular/core/fesm2022/_debug_node-chunk.mjs:3819:59)
	    at getOrCreateComponentTView (node_modules/@angular/core/fesm2022/_debug_node-chunk.mjs:3843:24)
	    at createComponentLView (node_modules/@angular/core/fesm2022/_debug_node-chunk.mjs:3873:17)
	    at instantiateAllDirectives (node_modules/@angular/core/fesm2022/_debug_node-chunk.mjs:4972:5)
	    at createDirectivesInstances (node_modules/@angular/core/fesm2022/_debug_node-chunk.mjs:4839:3)
	    at ComponentFactory.create (node_modules/@angular/core/fesm2022/_debug_node-chunk.mjs:8287:9)
	    at apply (node_modules/@angular/core/fesm2022/testing.mjs:1475:45)
	    at _ZoneDelegate.invoke (node_modules/zone.js/fesm2015/zone.js:398:28)
Chrome 147.0.0.0 (Windows 10): Executed 478 of 550[31m (166 FAILED)[39m (0 secs / 21.911 secs)
[1A[2K[31mChrome 147.0.0.0 (Windows 10) CoordinatorDashboardComponent should load dashboard data on init FAILED[39m
	Error: A module with providers was imported from "CoordinatorDashboardComponent". Modules with providers are not supported in standalone components imports.
	    at verifyStandaloneImport (node_modules/@angular/core/fesm2022/_debug_node-chunk.mjs:7278:15)
	    at directives (node_modules/@angular/core/fesm2022/_debug_node-chunk.mjs:17857:9)
	    at createTView (node_modules/@angular/core/fesm2022/_debug_node-chunk.mjs:3819:59)
	    at getOrCreateComponentTView (node_modules/@angular/core/fesm2022/_debug_node-chunk.mjs:3843:24)
	    at createComponentLView (node_modules/@angular/core/fesm2022/_debug_node-chunk.mjs:3873:17)
	    at instantiateAllDirectives (node_modules/@angular/core/fesm2022/_debug_node-chunk.mjs:4972:5)
	    at createDirectivesInstances (node_modules/@angular/core/fesm2022/_debug_node-chunk.mjs:4839:3)
	    at ComponentFactory.create (node_modules/@angular/core/fesm2022/_debug_node-chunk.mjs:8287:9)
	    at apply (node_modules/@angular/core/fesm2022/testing.mjs:1475:45)
	    at _ZoneDelegate.invoke (node_modules/zone.js/fesm2015/zone.js:398:28)
Chrome 147.0.0.0 (Windows 10): Executed 479 of 550[31m (167 FAILED)[39m (0 secs / 21.921 secs)
[1A[2K[31mChrome 147.0.0.0 (Windows 10) CoordinatorDashboardComponent should have coordinator ID set from CoreService FAILED[39m
	Error: A module with providers was imported from "CoordinatorDashboardComponent". Modules with providers are not supported in standalone components imports.
	    at verifyStandaloneImport (node_modules/@angular/core/fesm2022/_debug_node-chunk.mjs:7278:15)
	    at directives (node_modules/@angular/core/fesm2022/_debug_node-chunk.mjs:17857:9)
	    at createTView (node_modules/@angular/core/fesm2022/_debug_node-chunk.mjs:3819:59)
	    at getOrCreateComponentTView (node_modules/@angular/core/fesm2022/_debug_node-chunk.mjs:3843:24)
	    at createComponentLView (node_modules/@angular/core/fesm2022/_debug_node-chunk.mjs:3873:17)
	    at instantiateAllDirectives (node_modules/@angular/core/fesm2022/_debug_node-chunk.mjs:4972:5)
	    at createDirectivesInstances (node_modules/@angular/core/fesm2022/_debug_node-chunk.mjs:4839:3)
	    at ComponentFactory.create (node_modules/@angular/core/fesm2022/_debug_node-chunk.mjs:8287:9)
	    at apply (node_modules/@angular/core/fesm2022/testing.mjs:1475:45)
	    at _ZoneDelegate.invoke (node_modules/zone.js/fesm2015/zone.js:398:28)
Chrome 147.0.0.0 (Windows 10): Executed 480 of 550[31m (168 FAILED)[39m (0 secs / 21.932 secs)
[1A[2KChrome 147.0.0.0 (Windows 10): Executed 481 of 550[31m (168 FAILED)[39m (0 secs / 22.026 secs)
[1A[2KChrome 147.0.0.0 (Windows 10): Executed 482 of 550[31m (168 FAILED)[39m (0 secs / 22.097 secs)
[1A[2KChrome 147.0.0.0 (Windows 10): Executed 483 of 550[31m (168 FAILED)[39m (0 secs / 22.162 secs)
[1A[2KChrome 147.0.0.0 (Windows 10): Executed 484 of 550[31m (168 FAILED)[39m (0 secs / 22.236 secs)
[1A[2K[31mChrome 147.0.0.0 (Windows 10) CoordinatorPatientsComponent should filter patients by search term FAILED[39m
	Error: A module with providers was imported from "CoordinatorPatientsComponent". Modules with providers are not supported in standalone components imports.
	    at verifyStandaloneImport (node_modules/@angular/core/fesm2022/_debug_node-chunk.mjs:7278:15)
	    at directives (node_modules/@angular/core/fesm2022/_debug_node-chunk.mjs:17857:9)
	    at createTView (node_modules/@angular/core/fesm2022/_debug_node-chunk.mjs:3819:59)
	    at getOrCreateComponentTView (node_modules/@angular/core/fesm2022/_debug_node-chunk.mjs:3843:24)
	    at createComponentLView (node_modules/@angular/core/fesm2022/_debug_node-chunk.mjs:3873:17)
	    at instantiateAllDirectives (node_modules/@angular/core/fesm2022/_debug_node-chunk.mjs:4972:5)
	    at createDirectivesInstances (node_modules/@angular/core/fesm2022/_debug_node-chunk.mjs:4839:3)
	    at ComponentFactory.create (node_modules/@angular/core/fesm2022/_debug_node-chunk.mjs:8287:9)
	    at apply (node_modules/@angular/core/fesm2022/testing.mjs:1475:45)
	    at _ZoneDelegate.invoke (node_modules/zone.js/fesm2015/zone.js:398:28)
Chrome 147.0.0.0 (Windows 10): Executed 485 of 550[31m (169 FAILED)[39m (0 secs / 22.273 secs)
[1A[2K[31mChrome 147.0.0.0 (Windows 10) CoordinatorPatientsComponent should have 2 patients after loading FAILED[39m
	Error: A module with providers was imported from "CoordinatorPatientsComponent". Modules with providers are not supported in standalone components imports.
	    at verifyStandaloneImport (node_modules/@angular/core/fesm2022/_debug_node-chunk.mjs:7278:15)
	    at directives (node_modules/@angular/core/fesm2022/_debug_node-chunk.mjs:17857:9)
	    at createTView (node_modules/@angular/core/fesm2022/_debug_node-chunk.mjs:3819:59)
	    at getOrCreateComponentTView (node_modules/@angular/core/fesm2022/_debug_node-chunk.mjs:3843:24)
	    at createComponentLView (node_modules/@angular/core/fesm2022/_debug_node-chunk.mjs:3873:17)
	    at instantiateAllDirectives (node_modules/@angular/core/fesm2022/_debug_node-chunk.mjs:4972:5)
	    at createDirectivesInstances (node_modules/@angular/core/fesm2022/_debug_node-chunk.mjs:4839:3)
	    at ComponentFactory.create (node_modules/@angular/core/fesm2022/_debug_node-chunk.mjs:8287:9)
	    at apply (node_modules/@angular/core/fesm2022/testing.mjs:1475:45)
	    at _ZoneDelegate.invoke (node_modules/zone.js/fesm2015/zone.js:398:28)
Chrome 147.0.0.0 (Windows 10): Executed 486 of 550[31m (170 FAILED)[39m (0 secs / 22.286 secs)
[1A[2K[31mChrome 147.0.0.0 (Windows 10) CoordinatorPatientsComponent should correctly identify compliant patients FAILED[39m
	Error: A module with providers was imported from "CoordinatorPatientsComponent". Modules with providers are not supported in standalone components imports.
	    at verifyStandaloneImport (node_modules/@angular/core/fesm2022/_debug_node-chunk.mjs:7278:15)
	    at directives (node_modules/@angular/core/fesm2022/_debug_node-chunk.mjs:17857:9)
	    at createTView (node_modules/@angular/core/fesm2022/_debug_node-chunk.mjs:3819:59)
	    at getOrCreateComponentTView (node_modules/@angular/core/fesm2022/_debug_node-chunk.mjs:3843:24)
	    at createComponentLView (node_modules/@angular/core/fesm2022/_debug_node-chunk.mjs:3873:17)
	    at instantiateAllDirectives (node_modules/@angular/core/fesm2022/_debug_node-chunk.mjs:4972:5)
	    at createDirectivesInstances (node_modules/@angular/core/fesm2022/_debug_node-chunk.mjs:4839:3)
	    at ComponentFactory.create (node_modules/@angular/core/fesm2022/_debug_node-chunk.mjs:8287:9)
	    at apply (node_modules/@angular/core/fesm2022/testing.mjs:1475:45)
	    at _ZoneDelegate.invoke (node_modules/zone.js/fesm2015/zone.js:398:28)
Chrome 147.0.0.0 (Windows 10): Executed 487 of 550[31m (171 FAILED)[39m (0 secs / 22.299 secs)
[1A[2K[31mChrome 147.0.0.0 (Windows 10) CoordinatorPatientsComponent should create FAILED[39m
	Error: A module with providers was imported from "CoordinatorPatientsComponent". Modules with providers are not supported in standalone components imports.
	    at verifyStandaloneImport (node_modules/@angular/core/fesm2022/_debug_node-chunk.mjs:7278:15)
	    at directives (node_modules/@angular/core/fesm2022/_debug_node-chunk.mjs:17857:9)
	    at createTView (node_modules/@angular/core/fesm2022/_debug_node-chunk.mjs:3819:59)
	    at getOrCreateComponentTView (node_modules/@angular/core/fesm2022/_debug_node-chunk.mjs:3843:24)
	    at createComponentLView (node_modules/@angular/core/fesm2022/_debug_node-chunk.mjs:3873:17)
	    at instantiateAllDirectives (node_modules/@angular/core/fesm2022/_debug_node-chunk.mjs:4972:5)
	    at createDirectivesInstances (node_modules/@angular/core/fesm2022/_debug_node-chunk.mjs:4839:3)
	    at ComponentFactory.create (node_modules/@angular/core/fesm2022/_debug_node-chunk.mjs:8287:9)
	    at apply (node_modules/@angular/core/fesm2022/testing.mjs:1475:45)
	    at _ZoneDelegate.invoke (node_modules/zone.js/fesm2015/zone.js:398:28)
Chrome 147.0.0.0 (Windows 10): Executed 488 of 550[31m (172 FAILED)[39m (0 secs / 22.309 secs)
[1A[2K[31mChrome 147.0.0.0 (Windows 10) CoordinatorPatientsComponent should load patients with compliance on init FAILED[39m
	Error: A module with providers was imported from "CoordinatorPatientsComponent". Modules with providers are not supported in standalone components imports.
	    at verifyStandaloneImport (node_modules/@angular/core/fesm2022/_debug_node-chunk.mjs:7278:15)
	    at directives (node_modules/@angular/core/fesm2022/_debug_node-chunk.mjs:17857:9)
	    at createTView (node_modules/@angular/core/fesm2022/_debug_node-chunk.mjs:3819:59)
	    at getOrCreateComponentTView (node_modules/@angular/core/fesm2022/_debug_node-chunk.mjs:3843:24)
	    at createComponentLView (node_modules/@angular/core/fesm2022/_debug_node-chunk.mjs:3873:17)
	    at instantiateAllDirectives (node_modules/@angular/core/fesm2022/_debug_node-chunk.mjs:4972:5)
	    at createDirectivesInstances (node_modules/@angular/core/fesm2022/_debug_node-chunk.mjs:4839:3)
	    at ComponentFactory.create (node_modules/@angular/core/fesm2022/_debug_node-chunk.mjs:8287:9)
	    at apply (node_modules/@angular/core/fesm2022/testing.mjs:1475:45)
	    at _ZoneDelegate.invoke (node_modules/zone.js/fesm2015/zone.js:398:28)
Chrome 147.0.0.0 (Windows 10): Executed 489 of 550[31m (173 FAILED)[39m (0 secs / 22.32 secs)
[1A[2KChrome 147.0.0.0 (Windows 10): Executed 490 of 550[31m (173 FAILED)[39m (0 secs / 22.469 secs)
[1A[2KERROR: [36m'Failed to resolve physician', Object{status: 503}[39m
Chrome 147.0.0.0 (Windows 10): Executed 490 of 550[31m (173 FAILED)[39m (0 secs / 22.469 secs)
ERROR: 'Failed to resolve physician', Object{status: 503}
[1A[2KChrome 147.0.0.0 (Windows 10): Executed 491 of 550[31m (173 FAILED)[39m (0 secs / 22.546 secs)
[1A[2KChrome 147.0.0.0 (Windows 10): Executed 492 of 550[31m (173 FAILED)[39m (0 secs / 22.609 secs)
[1A[2KChrome 147.0.0.0 (Windows 10): Executed 493 of 550[31m (173 FAILED)[39m (0 secs / 22.682 secs)
[1A[2KChrome 147.0.0.0 (Windows 10): Executed 494 of 550[31m (173 FAILED)[39m (0 secs / 22.753 secs)
[1A[2KChrome 147.0.0.0 (Windows 10): Executed 495 of 550[31m (173 FAILED)[39m (0 secs / 22.826 secs)
[1A[2KChrome 147.0.0.0 (Windows 10): Executed 496 of 550[31m (173 FAILED)[39m (0 secs / 22.89 secs)
[1A[2KChrome 147.0.0.0 (Windows 10): Executed 497 of 550[31m (173 FAILED)[39m (0 secs / 22.958 secs)
[1A[2KChrome 147.0.0.0 (Windows 10): Executed 498 of 550[31m (173 FAILED)[39m (0 secs / 23.024 secs)
[1A[2KChrome 147.0.0.0 (Windows 10): Executed 499 of 550[31m (173 FAILED)[39m (0 secs / 23.089 secs)
[1A[2KChrome 147.0.0.0 (Windows 10): Executed 500 of 550[31m (173 FAILED)[39m (0 secs / 23.154 secs)
[1A[2KChrome 147.0.0.0 (Windows 10): Executed 501 of 550[31m (173 FAILED)[39m (0 secs / 23.235 secs)
[1A[2KChrome 147.0.0.0 (Windows 10): Executed 502 of 550[31m (173 FAILED)[39m (0 secs / 23.306 secs)
[1A[2KChrome 147.0.0.0 (Windows 10): Executed 503 of 550[31m (173 FAILED)[39m (0 secs / 23.358 secs)
[1A[2KChrome 147.0.0.0 (Windows 10): Executed 504 of 550[31m (173 FAILED)[39m (0 secs / 23.422 secs)
[1A[2KChrome 147.0.0.0 (Windows 10): Executed 505 of 550[31m (173 FAILED)[39m (0 secs / 23.485 secs)
[1A[2KChrome 147.0.0.0 (Windows 10): Executed 506 of 550[31m (173 FAILED)[39m (0 secs / 23.547 secs)
[1A[2KChrome 147.0.0.0 (Windows 10): Executed 507 of 550[31m (173 FAILED)[39m (0 secs / 23.6 secs)
[1A[2KChrome 147.0.0.0 (Windows 10): Executed 508 of 550[31m (173 FAILED)[39m (0 secs / 23.659 secs)
[1A[2KChrome 147.0.0.0 (Windows 10): Executed 509 of 550[31m (173 FAILED)[39m (0 secs / 23.72 secs)
[1A[2KChrome 147.0.0.0 (Windows 10): Executed 510 of 550[31m (173 FAILED)[39m (0 secs / 23.77 secs)
[1A[2KChrome 147.0.0.0 (Windows 10): Executed 511 of 550[31m (173 FAILED)[39m (0 secs / 23.833 secs)
[1A[2KChrome 147.0.0.0 (Windows 10): Executed 512 of 550[31m (173 FAILED)[39m (0 secs / 23.905 secs)
[1A[2KChrome 147.0.0.0 (Windows 10): Executed 513 of 550[31m (173 FAILED)[39m (0 secs / 23.981 secs)
[1A[2KChrome 147.0.0.0 (Windows 10): Executed 514 of 550[31m (173 FAILED)[39m (0 secs / 24.042 secs)
[1A[2KChrome 147.0.0.0 (Windows 10): Executed 515 of 550[31m (173 FAILED)[39m (0 secs / 24.1 secs)
[1A[2KChrome 147.0.0.0 (Windows 10): Executed 516 of 550[31m (173 FAILED)[39m (0 secs / 24.169 secs)
[1A[2KChrome 147.0.0.0 (Windows 10): Executed 517 of 550[31m (173 FAILED)[39m (0 secs / 24.248 secs)
[1A[2KChrome 147.0.0.0 (Windows 10): Executed 518 of 550[31m (173 FAILED)[39m (0 secs / 24.306 secs)
[1A[2KChrome 147.0.0.0 (Windows 10): Executed 519 of 550[31m (173 FAILED)[39m (0 secs / 24.369 secs)
[1A[2KChrome 147.0.0.0 (Windows 10): Executed 520 of 550[31m (173 FAILED)[39m (0 secs / 24.43 secs)
[1A[2KChrome 147.0.0.0 (Windows 10): Executed 521 of 550[31m (173 FAILED)[39m (0 secs / 24.486 secs)
[1A[2KChrome 147.0.0.0 (Windows 10): Executed 522 of 550[31m (173 FAILED)[39m (0 secs / 24.541 secs)
[1A[2KChrome 147.0.0.0 (Windows 10): Executed 523 of 550[31m (173 FAILED)[39m (0 secs / 24.601 secs)
[1A[2KChrome 147.0.0.0 (Windows 10): Executed 524 of 550[31m (173 FAILED)[39m (0 secs / 24.661 secs)
[1A[2KChrome 147.0.0.0 (Windows 10): Executed 525 of 550[31m (173 FAILED)[39m (0 secs / 24.721 secs)
[1A[2KChrome 147.0.0.0 (Windows 10): Executed 526 of 550[31m (173 FAILED)[39m (0 secs / 24.776 secs)
[1A[2KChrome 147.0.0.0 (Windows 10): Executed 527 of 550[31m (173 FAILED)[39m (0 secs / 24.839 secs)
[1A[2KChrome 147.0.0.0 (Windows 10): Executed 528 of 550[31m (173 FAILED)[39m (0 secs / 24.897 secs)
[1A[2KChrome 147.0.0.0 (Windows 10): Executed 529 of 550[31m (173 FAILED)[39m (0 secs / 24.968 secs)
[1A[2KChrome 147.0.0.0 (Windows 10): Executed 530 of 550[31m (173 FAILED)[39m (0 secs / 25.033 secs)
[1A[2KChrome 147.0.0.0 (Windows 10): Executed 531 of 550[31m (173 FAILED)[39m (0 secs / 25.093 secs)
[1A[2KChrome 147.0.0.0 (Windows 10): Executed 532 of 550[31m (173 FAILED)[39m (0 secs / 25.151 secs)
[1A[2KChrome 147.0.0.0 (Windows 10): Executed 533 of 550[31m (173 FAILED)[39m (0 secs / 25.151 secs)
[1A[2KChrome 147.0.0.0 (Windows 10): Executed 534 of 550[31m (173 FAILED)[39m (0 secs / 25.179 secs)
[1A[2KChrome 147.0.0.0 (Windows 10): Executed 535 of 550[31m (173 FAILED)[39m (0 secs / 25.191 secs)
[1A[2KChrome 147.0.0.0 (Windows 10): Executed 536 of 550[31m (173 FAILED)[39m (0 secs / 25.198 secs)
[1A[2KChrome 147.0.0.0 (Windows 10): Executed 537 of 550[31m (173 FAILED)[39m (0 secs / 25.208 secs)
[1A[2KWARN: [36m'
  It looks like you're using the disabled attribute with a reactive form directive. If you set disabled to true
  when you set up this control in your component class, the disabled attribute will actually be set in the DOM for
  you. We recommend using this approach to avoid 'changed after checked' errors.

  Example:
  // Specify the `disabled` property at control creation time:
  form = new FormGroup({
    first: new FormControl({value: 'Nancy', disabled: true}, Validators.required),
    last: new FormControl('Drew', Validators.required)
  });

  // Controls can also be enabled/disabled after creation:
  form.get('first')?.enable();
  form.get('last')?.disable();
'[39m
Chrome 147.0.0.0 (Windows 10): Executed 537 of 550[31m (173 FAILED)[39m (0 secs / 25.208 secs)
WARN: '
  It looks like you're using the disabled attribute with a reactive form directive. If you set disabled to true
  when you set up this control in your component class, the disabled attribute will actually be set in the DOM for
  you. We recommend using this approach to avoid 'changed after checked' errors.

  Example:
  // Specify the `disabled` property at control creation time:
  form = new FormGroup({
    first: new FormControl({value: 'Nancy', disabled: true}, Validators.required),
    last: new FormControl('Drew', Validators.required)
  });

  // Controls can also be enabled/disabled after creation:
  form.get('first')?.enable();
  form.get('last')?.disable();
'
[1A[2KWARN: [36m'
  It looks like you're using the disabled attribute with a reactive form directive. If you set disabled to true
  when you set up this control in your component class, the disabled attribute will actually be set in the DOM for
  you. We recommend using this approach to avoid 'changed after checked' errors.

  Example:
  // Specify the `disabled` property at control creation time:
  form = new FormGroup({
    first: new FormControl({value: 'Nancy', disabled: true}, Validators.required),
    last: new FormControl('Drew', Validators.required)
  });

  // Controls can also be enabled/disabled after creation:
  form.get('first')?.enable();
  form.get('last')?.disable();
'[39m
Chrome 147.0.0.0 (Windows 10): Executed 537 of 550[31m (173 FAILED)[39m (0 secs / 25.208 secs)
WARN: '
  It looks like you're using the disabled attribute with a reactive form directive. If you set disabled to true
  when you set up this control in your component class, the disabled attribute will actually be set in the DOM for
  you. We recommend using this approach to avoid 'changed after checked' errors.

  Example:
  // Specify the `disabled` property at control creation time:
  form = new FormGroup({
    first: new FormControl({value: 'Nancy', disabled: true}, Validators.required),
    last: new FormControl('Drew', Validators.required)
  });

  // Controls can also be enabled/disabled after creation:
  form.get('first')?.enable();
  form.get('last')?.disable();
'
[1A[2KChrome 147.0.0.0 (Windows 10): Executed 538 of 550[31m (173 FAILED)[39m (0 secs / 25.395 secs)
[1A[2KWARN: [36m'
  It looks like you're using the disabled attribute with a reactive form directive. If you set disabled to true
  when you set up this control in your component class, the disabled attribute will actually be set in the DOM for
  you. We recommend using this approach to avoid 'changed after checked' errors.

  Example:
  // Specify the `disabled` property at control creation time:
  form = new FormGroup({
    first: new FormControl({value: 'Nancy', disabled: true}, Validators.required),
    last: new FormControl('Drew', Validators.required)
  });

  // Controls can also be enabled/disabled after creation:
  form.get('first')?.enable();
  form.get('last')?.disable();
'[39m
Chrome 147.0.0.0 (Windows 10): Executed 538 of 550[31m (173 FAILED)[39m (0 secs / 25.395 secs)
WARN: '
  It looks like you're using the disabled attribute with a reactive form directive. If you set disabled to true
  when you set up this control in your component class, the disabled attribute will actually be set in the DOM for
  you. We recommend using this approach to avoid 'changed after checked' errors.

  Example:
  // Specify the `disabled` property at control creation time:
  form = new FormGroup({
    first: new FormControl({value: 'Nancy', disabled: true}, Validators.required),
    last: new FormControl('Drew', Validators.required)
  });

  // Controls can also be enabled/disabled after creation:
  form.get('first')?.enable();
  form.get('last')?.disable();
'
[1A[2KWARN: [36m'
  It looks like you're using the disabled attribute with a reactive form directive. If you set disabled to true
  when you set up this control in your component class, the disabled attribute will actually be set in the DOM for
  you. We recommend using this approach to avoid 'changed after checked' errors.

  Example:
  // Specify the `disabled` property at control creation time:
  form = new FormGroup({
    first: new FormControl({value: 'Nancy', disabled: true}, Validators.required),
    last: new FormControl('Drew', Validators.required)
  });

  // Controls can also be enabled/disabled after creation:
  form.get('first')?.enable();
  form.get('last')?.disable();
'[39m
Chrome 147.0.0.0 (Windows 10): Executed 538 of 550[31m (173 FAILED)[39m (0 secs / 25.395 secs)
WARN: '
  It looks like you're using the disabled attribute with a reactive form directive. If you set disabled to true
  when you set up this control in your component class, the disabled attribute will actually be set in the DOM for
  you. We recommend using this approach to avoid 'changed after checked' errors.

  Example:
  // Specify the `disabled` property at control creation time:
  form = new FormGroup({
    first: new FormControl({value: 'Nancy', disabled: true}, Validators.required),
    last: new FormControl('Drew', Validators.required)
  });

  // Controls can also be enabled/disabled after creation:
  form.get('first')?.enable();
  form.get('last')?.disable();
'
[1A[2KChrome 147.0.0.0 (Windows 10): Executed 539 of 550[31m (173 FAILED)[39m (0 secs / 25.505 secs)
[1A[2KWARN: [36m'
  It looks like you're using the disabled attribute with a reactive form directive. If you set disabled to true
  when you set up this control in your component class, the disabled attribute will actually be set in the DOM for
  you. We recommend using this approach to avoid 'changed after checked' errors.

  Example:
  // Specify the `disabled` property at control creation time:
  form = new FormGroup({
    first: new FormControl({value: 'Nancy', disabled: true}, Validators.required),
    last: new FormControl('Drew', Validators.required)
  });

  // Controls can also be enabled/disabled after creation:
  form.get('first')?.enable();
  form.get('last')?.disable();
'[39m
Chrome 147.0.0.0 (Windows 10): Executed 539 of 550[31m (173 FAILED)[39m (0 secs / 25.505 secs)
WARN: '
  It looks like you're using the disabled attribute with a reactive form directive. If you set disabled to true
  when you set up this control in your component class, the disabled attribute will actually be set in the DOM for
  you. We recommend using this approach to avoid 'changed after checked' errors.

  Example:
  // Specify the `disabled` property at control creation time:
  form = new FormGroup({
    first: new FormControl({value: 'Nancy', disabled: true}, Validators.required),
    last: new FormControl('Drew', Validators.required)
  });

  // Controls can also be enabled/disabled after creation:
  form.get('first')?.enable();
  form.get('last')?.disable();
'
[1A[2KWARN: [36m'
  It looks like you're using the disabled attribute with a reactive form directive. If you set disabled to true
  when you set up this control in your component class, the disabled attribute will actually be set in the DOM for
  you. We recommend using this approach to avoid 'changed after checked' errors.

  Example:
  // Specify the `disabled` property at control creation time:
  form = new FormGroup({
    first: new FormControl({value: 'Nancy', disabled: true}, Validators.required),
    last: new FormControl('Drew', Validators.required)
  });

  // Controls can also be enabled/disabled after creation:
  form.get('first')?.enable();
  form.get('last')?.disable();
'[39m
Chrome 147.0.0.0 (Windows 10): Executed 539 of 550[31m (173 FAILED)[39m (0 secs / 25.505 secs)
WARN: '
  It looks like you're using the disabled attribute with a reactive form directive. If you set disabled to true
  when you set up this control in your component class, the disabled attribute will actually be set in the DOM for
  you. We recommend using this approach to avoid 'changed after checked' errors.

  Example:
  // Specify the `disabled` property at control creation time:
  form = new FormGroup({
    first: new FormControl({value: 'Nancy', disabled: true}, Validators.required),
    last: new FormControl('Drew', Validators.required)
  });

  // Controls can also be enabled/disabled after creation:
  form.get('first')?.enable();
  form.get('last')?.disable();
'
[1A[2KChrome 147.0.0.0 (Windows 10): Executed 540 of 550[31m (173 FAILED)[39m (0 secs / 25.626 secs)
[1A[2KWARN: [36m'
  It looks like you're using the disabled attribute with a reactive form directive. If you set disabled to true
  when you set up this control in your component class, the disabled attribute will actually be set in the DOM for
  you. We recommend using this approach to avoid 'changed after checked' errors.

  Example:
  // Specify the `disabled` property at control creation time:
  form = new FormGroup({
    first: new FormControl({value: 'Nancy', disabled: true}, Validators.required),
    last: new FormControl('Drew', Validators.required)
  });

  // Controls can also be enabled/disabled after creation:
  form.get('first')?.enable();
  form.get('last')?.disable();
'[39m
Chrome 147.0.0.0 (Windows 10): Executed 540 of 550[31m (173 FAILED)[39m (0 secs / 25.626 secs)
WARN: '
  It looks like you're using the disabled attribute with a reactive form directive. If you set disabled to true
  when you set up this control in your component class, the disabled attribute will actually be set in the DOM for
  you. We recommend using this approach to avoid 'changed after checked' errors.

  Example:
  // Specify the `disabled` property at control creation time:
  form = new FormGroup({
    first: new FormControl({value: 'Nancy', disabled: true}, Validators.required),
    last: new FormControl('Drew', Validators.required)
  });

  // Controls can also be enabled/disabled after creation:
  form.get('first')?.enable();
  form.get('last')?.disable();
'
[1A[2KWARN: [36m'
  It looks like you're using the disabled attribute with a reactive form directive. If you set disabled to true
  when you set up this control in your component class, the disabled attribute will actually be set in the DOM for
  you. We recommend using this approach to avoid 'changed after checked' errors.

  Example:
  // Specify the `disabled` property at control creation time:
  form = new FormGroup({
    first: new FormControl({value: 'Nancy', disabled: true}, Validators.required),
    last: new FormControl('Drew', Validators.required)
  });

  // Controls can also be enabled/disabled after creation:
  form.get('first')?.enable();
  form.get('last')?.disable();
'[39m
Chrome 147.0.0.0 (Windows 10): Executed 540 of 550[31m (173 FAILED)[39m (0 secs / 25.626 secs)
WARN: '
  It looks like you're using the disabled attribute with a reactive form directive. If you set disabled to true
  when you set up this control in your component class, the disabled attribute will actually be set in the DOM for
  you. We recommend using this approach to avoid 'changed after checked' errors.

  Example:
  // Specify the `disabled` property at control creation time:
  form = new FormGroup({
    first: new FormControl({value: 'Nancy', disabled: true}, Validators.required),
    last: new FormControl('Drew', Validators.required)
  });

  // Controls can also be enabled/disabled after creation:
  form.get('first')?.enable();
  form.get('last')?.disable();
'
[1A[2KChrome 147.0.0.0 (Windows 10): Executed 541 of 550[31m (173 FAILED)[39m (0 secs / 25.739 secs)
[1A[2KWARN: [36m'
  It looks like you're using the disabled attribute with a reactive form directive. If you set disabled to true
  when you set up this control in your component class, the disabled attribute will actually be set in the DOM for
  you. We recommend using this approach to avoid 'changed after checked' errors.

  Example:
  // Specify the `disabled` property at control creation time:
  form = new FormGroup({
    first: new FormControl({value: 'Nancy', disabled: true}, Validators.required),
    last: new FormControl('Drew', Validators.required)
  });

  // Controls can also be enabled/disabled after creation:
  form.get('first')?.enable();
  form.get('last')?.disable();
'[39m
Chrome 147.0.0.0 (Windows 10): Executed 541 of 550[31m (173 FAILED)[39m (0 secs / 25.739 secs)
WARN: '
  It looks like you're using the disabled attribute with a reactive form directive. If you set disabled to true
  when you set up this control in your component class, the disabled attribute will actually be set in the DOM for
  you. We recommend using this approach to avoid 'changed after checked' errors.

  Example:
  // Specify the `disabled` property at control creation time:
  form = new FormGroup({
    first: new FormControl({value: 'Nancy', disabled: true}, Validators.required),
    last: new FormControl('Drew', Validators.required)
  });

  // Controls can also be enabled/disabled after creation:
  form.get('first')?.enable();
  form.get('last')?.disable();
'
[1A[2KWARN: [36m'
  It looks like you're using the disabled attribute with a reactive form directive. If you set disabled to true
  when you set up this control in your component class, the disabled attribute will actually be set in the DOM for
  you. We recommend using this approach to avoid 'changed after checked' errors.

  Example:
  // Specify the `disabled` property at control creation time:
  form = new FormGroup({
    first: new FormControl({value: 'Nancy', disabled: true}, Validators.required),
    last: new FormControl('Drew', Validators.required)
  });

  // Controls can also be enabled/disabled after creation:
  form.get('first')?.enable();
  form.get('last')?.disable();
'[39m
Chrome 147.0.0.0 (Windows 10): Executed 541 of 550[31m (173 FAILED)[39m (0 secs / 25.739 secs)
WARN: '
  It looks like you're using the disabled attribute with a reactive form directive. If you set disabled to true
  when you set up this control in your component class, the disabled attribute will actually be set in the DOM for
  you. We recommend using this approach to avoid 'changed after checked' errors.

  Example:
  // Specify the `disabled` property at control creation time:
  form = new FormGroup({
    first: new FormControl({value: 'Nancy', disabled: true}, Validators.required),
    last: new FormControl('Drew', Validators.required)
  });

  // Controls can also be enabled/disabled after creation:
  form.get('first')?.enable();
  form.get('last')?.disable();
'
[1A[2KChrome 147.0.0.0 (Windows 10): Executed 542 of 550[31m (173 FAILED)[39m (0 secs / 25.849 secs)
[1A[2KWARN: [36m'
  It looks like you're using the disabled attribute with a reactive form directive. If you set disabled to true
  when you set up this control in your component class, the disabled attribute will actually be set in the DOM for
  you. We recommend using this approach to avoid 'changed after checked' errors.

  Example:
  // Specify the `disabled` property at control creation time:
  form = new FormGroup({
    first: new FormControl({value: 'Nancy', disabled: true}, Validators.required),
    last: new FormControl('Drew', Validators.required)
  });

  // Controls can also be enabled/disabled after creation:
  form.get('first')?.enable();
  form.get('last')?.disable();
'[39m
Chrome 147.0.0.0 (Windows 10): Executed 542 of 550[31m (173 FAILED)[39m (0 secs / 25.849 secs)
WARN: '
  It looks like you're using the disabled attribute with a reactive form directive. If you set disabled to true
  when you set up this control in your component class, the disabled attribute will actually be set in the DOM for
  you. We recommend using this approach to avoid 'changed after checked' errors.

  Example:
  // Specify the `disabled` property at control creation time:
  form = new FormGroup({
    first: new FormControl({value: 'Nancy', disabled: true}, Validators.required),
    last: new FormControl('Drew', Validators.required)
  });

  // Controls can also be enabled/disabled after creation:
  form.get('first')?.enable();
  form.get('last')?.disable();
'
[1A[2KWARN: [36m'
  It looks like you're using the disabled attribute with a reactive form directive. If you set disabled to true
  when you set up this control in your component class, the disabled attribute will actually be set in the DOM for
  you. We recommend using this approach to avoid 'changed after checked' errors.

  Example:
  // Specify the `disabled` property at control creation time:
  form = new FormGroup({
    first: new FormControl({value: 'Nancy', disabled: true}, Validators.required),
    last: new FormControl('Drew', Validators.required)
  });

  // Controls can also be enabled/disabled after creation:
  form.get('first')?.enable();
  form.get('last')?.disable();
'[39m
Chrome 147.0.0.0 (Windows 10): Executed 542 of 550[31m (173 FAILED)[39m (0 secs / 25.849 secs)
WARN: '
  It looks like you're using the disabled attribute with a reactive form directive. If you set disabled to true
  when you set up this control in your component class, the disabled attribute will actually be set in the DOM for
  you. We recommend using this approach to avoid 'changed after checked' errors.

  Example:
  // Specify the `disabled` property at control creation time:
  form = new FormGroup({
    first: new FormControl({value: 'Nancy', disabled: true}, Validators.required),
    last: new FormControl('Drew', Validators.required)
  });

  // Controls can also be enabled/disabled after creation:
  form.get('first')?.enable();
  form.get('last')?.disable();
'
[1A[2KChrome 147.0.0.0 (Windows 10): Executed 543 of 550[31m (173 FAILED)[39m (0 secs / 25.949 secs)
[1A[2KWARN: [36m'
  It looks like you're using the disabled attribute with a reactive form directive. If you set disabled to true
  when you set up this control in your component class, the disabled attribute will actually be set in the DOM for
  you. We recommend using this approach to avoid 'changed after checked' errors.

  Example:
  // Specify the `disabled` property at control creation time:
  form = new FormGroup({
    first: new FormControl({value: 'Nancy', disabled: true}, Validators.required),
    last: new FormControl('Drew', Validators.required)
  });

  // Controls can also be enabled/disabled after creation:
  form.get('first')?.enable();
  form.get('last')?.disable();
'[39m
Chrome 147.0.0.0 (Windows 10): Executed 543 of 550[31m (173 FAILED)[39m (0 secs / 25.949 secs)
WARN: '
  It looks like you're using the disabled attribute with a reactive form directive. If you set disabled to true
  when you set up this control in your component class, the disabled attribute will actually be set in the DOM for
  you. We recommend using this approach to avoid 'changed after checked' errors.

  Example:
  // Specify the `disabled` property at control creation time:
  form = new FormGroup({
    first: new FormControl({value: 'Nancy', disabled: true}, Validators.required),
    last: new FormControl('Drew', Validators.required)
  });

  // Controls can also be enabled/disabled after creation:
  form.get('first')?.enable();
  form.get('last')?.disable();
'
[1A[2KWARN: [36m'
  It looks like you're using the disabled attribute with a reactive form directive. If you set disabled to true
  when you set up this control in your component class, the disabled attribute will actually be set in the DOM for
  you. We recommend using this approach to avoid 'changed after checked' errors.

  Example:
  // Specify the `disabled` property at control creation time:
  form = new FormGroup({
    first: new FormControl({value: 'Nancy', disabled: true}, Validators.required),
    last: new FormControl('Drew', Validators.required)
  });

  // Controls can also be enabled/disabled after creation:
  form.get('first')?.enable();
  form.get('last')?.disable();
'[39m
Chrome 147.0.0.0 (Windows 10): Executed 543 of 550[31m (173 FAILED)[39m (0 secs / 25.949 secs)
WARN: '
  It looks like you're using the disabled attribute with a reactive form directive. If you set disabled to true
  when you set up this control in your component class, the disabled attribute will actually be set in the DOM for
  you. We recommend using this approach to avoid 'changed after checked' errors.

  Example:
  // Specify the `disabled` property at control creation time:
  form = new FormGroup({
    first: new FormControl({value: 'Nancy', disabled: true}, Validators.required),
    last: new FormControl('Drew', Validators.required)
  });

  // Controls can also be enabled/disabled after creation:
  form.get('first')?.enable();
  form.get('last')?.disable();
'
[1A[2KChrome 147.0.0.0 (Windows 10): Executed 544 of 550[31m (173 FAILED)[39m (0 secs / 26.089 secs)
[1A[2KChrome 147.0.0.0 (Windows 10): Executed 545 of 550[31m (173 FAILED)[39m (0 secs / 26.148 secs)
[1A[2KChrome 147.0.0.0 (Windows 10): Executed 546 of 550[31m (173 FAILED)[39m (0 secs / 26.185 secs)
[1A[2KChrome 147.0.0.0 (Windows 10): Executed 547 of 550[31m (173 FAILED)[39m (0 secs / 26.229 secs)
[1A[2KChrome 147.0.0.0 (Windows 10): Executed 548 of 550[31m (173 FAILED)[39m (0 secs / 26.256 secs)
[1A[2KChrome 147.0.0.0 (Windows 10): Executed 549 of 550[31m (173 FAILED)[39m (0 secs / 26.291 secs)
[1A[2KChrome 147.0.0.0 (Windows 10): Executed 550 of 550[31m (173 FAILED)[39m (0 secs / 26.33 secs)
[1A[2KChrome 147.0.0.0 (Windows 10): Executed 550 of 550[31m (173 FAILED)[39m (27.003 secs / 26.33 secs)
[31mTOTAL: 173 FAILED, 377 SUCCESS[39m
