npx : - Generating browser application bundles (phase: setup)...
Au caractère Ligne:1 : 1
+ npx ng test --include src/app/pages/admin-dashboard/admin-dashboard.c ...
+ ~~~~~~~~~~~~~~~~~~~~~~~~~~~~~~~~~~~~~~~~~~~~~~~~~~~~~~~~~~~~~~~~~~~~~
    + CategoryInfo          : NotSpecified: (- Generating br...hase: setup)...:String) [], RemoteException
    + FullyQualifiedErrorId : NativeCommandError
 
[32mÔêÜ[39m Browser application bundle generation complete.
[32m01 05 2026 23:13:49.946:INFO [karma-server]: [39mKarma v6.4.4 server started at http://localhost:9877/
[32m01 05 2026 23:13:49.948:INFO [launcher]: [39mLaunching browsers Chrome with concurrency unlimited
[32m01 05 2026 23:13:49.954:INFO [launcher]: [39mStarting browser Chrome
[32m01 05 2026 23:13:51.439:INFO [Chrome 147.0.0.0 (Windows 10)]: [39mConnected on socket mlwfXY9H9OQ_nL9OAAAB with id 18632963
Chrome 147.0.0.0 (Windows 10): Executed 0 of 4[32m SUCCESS[39m (0 secs / 0 secs)
[1A[2KWARN: [36m'Tabler Icon not found: layout-dashboard

         Refer to documentation on https://github.com/pierreavn/angular-tabler-icons'[39m
Chrome 147.0.0.0 (Windows 10): Executed 0 of 4[32m SUCCESS[39m (0 secs / 0 secs)
WARN: 'Tabler Icon not found: layout-dashboard

         Refer to documentation on https://github.com/pierreavn/angular-tabler-icons'
[1A[2KWARN: [36m'Tabler Icon not found: users

         Refer to documentation on https://github.com/pierreavn/angular-tabler-icons'[39m
Chrome 147.0.0.0 (Windows 10): Executed 0 of 4[32m SUCCESS[39m (0 secs / 0 secs)
WARN: 'Tabler Icon not found: users

         Refer to documentation on https://github.com/pierreavn/angular-tabler-icons'
[1A[2KWARN: [36m'Tabler Icon not found: heart-rate-monitor

         Refer to documentation on https://github.com/pierreavn/angular-tabler-icons'[39m
Chrome 147.0.0.0 (Windows 10): Executed 0 of 4[32m SUCCESS[39m (0 secs / 0 secs)
WARN: 'Tabler Icon not found: heart-rate-monitor

         Refer to documentation on https://github.com/pierreavn/angular-tabler-icons'
[1A[2KWARN: [36m'Tabler Icon not found: stethoscope

         Refer to documentation on https://github.com/pierreavn/angular-tabler-icons'[39m
Chrome 147.0.0.0 (Windows 10): Executed 0 of 4[32m SUCCESS[39m (0 secs / 0 secs)
WARN: 'Tabler Icon not found: stethoscope

         Refer to documentation on https://github.com/pierreavn/angular-tabler-icons'
[1A[2KWARN: [36m'Tabler Icon not found: nurse

         Refer to documentation on https://github.com/pierreavn/angular-tabler-icons'[39m
Chrome 147.0.0.0 (Windows 10): Executed 0 of 4[32m SUCCESS[39m (0 secs / 0 secs)
WARN: 'Tabler Icon not found: nurse

         Refer to documentation on https://github.com/pierreavn/angular-tabler-icons'
[1A[2KWARN: [36m'Tabler Icon not found: bell-ringing

         Refer to documentation on https://github.com/pierreavn/angular-tabler-icons'[39m
Chrome 147.0.0.0 (Windows 10): Executed 0 of 4[32m SUCCESS[39m (0 secs / 0 secs)
WARN: 'Tabler Icon not found: bell-ringing

         Refer to documentation on https://github.com/pierreavn/angular-tabler-icons'
[1A[2KWARN: [36m'Tabler Icon not found: building-hospital

         Refer to documentation on https://github.com/pierreavn/angular-tabler-icons'[39m
Chrome 147.0.0.0 (Windows 10): Executed 0 of 4[32m SUCCESS[39m (0 secs / 0 secs)
WARN: 'Tabler Icon not found: building-hospital

         Refer to documentation on https://github.com/pierreavn/angular-tabler-icons'
[1A[2KWARN: [36m'Tabler Icon not found: database

         Refer to documentation on https://github.com/pierreavn/angular-tabler-icons'[39m
Chrome 147.0.0.0 (Windows 10): Executed 0 of 4[32m SUCCESS[39m (0 secs / 0 secs)
WARN: 'Tabler Icon not found: database

         Refer to documentation on https://github.com/pierreavn/angular-tabler-icons'
[1A[2KWARN: [36m'Tabler Icon not found: bell-ringing

         Refer to documentation on https://github.com/pierreavn/angular-tabler-icons'[39m
Chrome 147.0.0.0 (Windows 10): Executed 0 of 4[32m SUCCESS[39m (0 secs / 0 secs)
WARN: 'Tabler Icon not found: bell-ringing

         Refer to documentation on https://github.com/pierreavn/angular-tabler-icons'
[1A[2KWARN: [36m'Tabler Icon not found: clipboard-list

         Refer to documentation on https://github.com/pierreavn/angular-tabler-icons'[39m
Chrome 147.0.0.0 (Windows 10): Executed 0 of 4[32m SUCCESS[39m (0 secs / 0 secs)
WARN: 'Tabler Icon not found: clipboard-list

         Refer to documentation on https://github.com/pierreavn/angular-tabler-icons'
[1A[2KWARN: [36m'Tabler Icon not found: heart-rate-monitor

         Refer to documentation on https://github.com/pierreavn/angular-tabler-icons'[39m
Chrome 147.0.0.0 (Windows 10): Executed 0 of 4[32m SUCCESS[39m (0 secs / 0 secs)
WARN: 'Tabler Icon not found: heart-rate-monitor

         Refer to documentation on https://github.com/pierreavn/angular-tabler-icons'
[1A[2KWARN: [36m'Tabler Icon not found: bell

         Refer to documentation on https://github.com/pierreavn/angular-tabler-icons'[39m
Chrome 147.0.0.0 (Windows 10): Executed 0 of 4[32m SUCCESS[39m (0 secs / 0 secs)
WARN: 'Tabler Icon not found: bell

         Refer to documentation on https://github.com/pierreavn/angular-tabler-icons'
[1A[2KWARN: [36m'Tabler Icon not found: users-group

         Refer to documentation on https://github.com/pierreavn/angular-tabler-icons'[39m
Chrome 147.0.0.0 (Windows 10): Executed 0 of 4[32m SUCCESS[39m (0 secs / 0 secs)
WARN: 'Tabler Icon not found: users-group

         Refer to documentation on https://github.com/pierreavn/angular-tabler-icons'
[1A[2KWARN: [36m'Tabler Icon not found: activity

         Refer to documentation on https://github.com/pierreavn/angular-tabler-icons'[39m
Chrome 147.0.0.0 (Windows 10): Executed 0 of 4[32m SUCCESS[39m (0 secs / 0 secs)
WARN: 'Tabler Icon not found: activity

         Refer to documentation on https://github.com/pierreavn/angular-tabler-icons'
[1A[2KWARN: [36m'Tabler Icon not found: users-group

         Refer to documentation on https://github.com/pierreavn/angular-tabler-icons'[39m
Chrome 147.0.0.0 (Windows 10): Executed 0 of 4[32m SUCCESS[39m (0 secs / 0 secs)
WARN: 'Tabler Icon not found: users-group

         Refer to documentation on https://github.com/pierreavn/angular-tabler-icons'
[1A[2KWARN: [36m'Tabler Icon not found: heart-rate-monitor

         Refer to documentation on https://github.com/pierreavn/angular-tabler-icons'[39m
Chrome 147.0.0.0 (Windows 10): Executed 0 of 4[32m SUCCESS[39m (0 secs / 0 secs)
WARN: 'Tabler Icon not found: heart-rate-monitor

         Refer to documentation on https://github.com/pierreavn/angular-tabler-icons'
[1A[2KWARN: [36m'Tabler Icon not found: building-hospital

         Refer to documentation on https://github.com/pierreavn/angular-tabler-icons'[39m
Chrome 147.0.0.0 (Windows 10): Executed 0 of 4[32m SUCCESS[39m (0 secs / 0 secs)
WARN: 'Tabler Icon not found: building-hospital

         Refer to documentation on https://github.com/pierreavn/angular-tabler-icons'
[1A[2KWARN: [36m'Tabler Icon not found: alert-octagon

         Refer to documentation on https://github.com/pierreavn/angular-tabler-icons'[39m
Chrome 147.0.0.0 (Windows 10): Executed 0 of 4[32m SUCCESS[39m (0 secs / 0 secs)
WARN: 'Tabler Icon not found: alert-octagon

         Refer to documentation on https://github.com/pierreavn/angular-tabler-icons'
[1A[2KWARN: [36m'Tabler Icon not found: building-hospital

         Refer to documentation on https://github.com/pierreavn/angular-tabler-icons'[39m
Chrome 147.0.0.0 (Windows 10): Executed 0 of 4[32m SUCCESS[39m (0 secs / 0 secs)
WARN: 'Tabler Icon not found: building-hospital

         Refer to documentation on https://github.com/pierreavn/angular-tabler-icons'
[1A[2KWARN: [36m'Tabler Icon not found: users

         Refer to documentation on https://github.com/pierreavn/angular-tabler-icons'[39m
Chrome 147.0.0.0 (Windows 10): Executed 0 of 4[32m SUCCESS[39m (0 secs / 0 secs)
WARN: 'Tabler Icon not found: users

         Refer to documentation on https://github.com/pierreavn/angular-tabler-icons'
[1A[2KWARN: [36m'Tabler Icon not found: brain

         Refer to documentation on https://github.com/pierreavn/angular-tabler-icons'[39m
Chrome 147.0.0.0 (Windows 10): Executed 0 of 4[32m SUCCESS[39m (0 secs / 0 secs)
WARN: 'Tabler Icon not found: brain

         Refer to documentation on https://github.com/pierreavn/angular-tabler-icons'
[1A[2KWARN: [36m'Tabler Icon not found: brain

         Refer to documentation on https://github.com/pierreavn/angular-tabler-icons'[39m
Chrome 147.0.0.0 (Windows 10): Executed 0 of 4[32m SUCCESS[39m (0 secs / 0 secs)
WARN: 'Tabler Icon not found: brain

         Refer to documentation on https://github.com/pierreavn/angular-tabler-icons'
[1A[2KWARN: [36m'Tabler Icon not found: bolt

         Refer to documentation on https://github.com/pierreavn/angular-tabler-icons'[39m
Chrome 147.0.0.0 (Windows 10): Executed 0 of 4[32m SUCCESS[39m (0 secs / 0 secs)
WARN: 'Tabler Icon not found: bolt

         Refer to documentation on https://github.com/pierreavn/angular-tabler-icons'
[1A[2KWARN: [36m'Tabler Icon not found: user-plus

         Refer to documentation on https://github.com/pierreavn/angular-tabler-icons'[39m
Chrome 147.0.0.0 (Windows 10): Executed 0 of 4[32m SUCCESS[39m (0 secs / 0 secs)
WARN: 'Tabler Icon not found: user-plus

         Refer to documentation on https://github.com/pierreavn/angular-tabler-icons'
[1A[2KWARN: [36m'Tabler Icon not found: building-plus

         Refer to documentation on https://github.com/pierreavn/angular-tabler-icons'[39m
Chrome 147.0.0.0 (Windows 10): Executed 0 of 4[32m SUCCESS[39m (0 secs / 0 secs)
WARN: 'Tabler Icon not found: building-plus

         Refer to documentation on https://github.com/pierreavn/angular-tabler-icons'
[1A[2KWARN: [36m'Tabler Icon not found: shield-plus

         Refer to documentation on https://github.com/pierreavn/angular-tabler-icons'[39m
Chrome 147.0.0.0 (Windows 10): Executed 0 of 4[32m SUCCESS[39m (0 secs / 0 secs)
WARN: 'Tabler Icon not found: shield-plus

         Refer to documentation on https://github.com/pierreavn/angular-tabler-icons'
[1A[2KWARN: [36m'Tabler Icon not found: camera

         Refer to documentation on https://github.com/pierreavn/angular-tabler-icons'[39m
Chrome 147.0.0.0 (Windows 10): Executed 0 of 4[32m SUCCESS[39m (0 secs / 0 secs)
WARN: 'Tabler Icon not found: camera

         Refer to documentation on https://github.com/pierreavn/angular-tabler-icons'
[1A[2KWARN: [36m'Tabler Icon not found: camera

         Refer to documentation on https://github.com/pierreavn/angular-tabler-icons'[39m
Chrome 147.0.0.0 (Windows 10): Executed 0 of 4[32m SUCCESS[39m (0 secs / 0 secs)
WARN: 'Tabler Icon not found: camera

         Refer to documentation on https://github.com/pierreavn/angular-tabler-icons'
[1A[2KWARN: [36m'Tabler Icon not found: external-link

         Refer to documentation on https://github.com/pierreavn/angular-tabler-icons'[39m
Chrome 147.0.0.0 (Windows 10): Executed 0 of 4[32m SUCCESS[39m (0 secs / 0 secs)
WARN: 'Tabler Icon not found: external-link

         Refer to documentation on https://github.com/pierreavn/angular-tabler-icons'
[1A[2KWARN: [36m'Tabler Icon not found: heart-rate-monitor

         Refer to documentation on https://github.com/pierreavn/angular-tabler-icons'[39m
Chrome 147.0.0.0 (Windows 10): Executed 0 of 4[32m SUCCESS[39m (0 secs / 0 secs)
WARN: 'Tabler Icon not found: heart-rate-monitor

         Refer to documentation on https://github.com/pierreavn/angular-tabler-icons'
[1A[2KWARN: [36m'Tabler Icon not found: stethoscope

         Refer to documentation on https://github.com/pierreavn/angular-tabler-icons'[39m
Chrome 147.0.0.0 (Windows 10): Executed 0 of 4[32m SUCCESS[39m (0 secs / 0 secs)
WARN: 'Tabler Icon not found: stethoscope

         Refer to documentation on https://github.com/pierreavn/angular-tabler-icons'
[1A[2KWARN: [36m'Tabler Icon not found: nurse

         Refer to documentation on https://github.com/pierreavn/angular-tabler-icons'[39m
Chrome 147.0.0.0 (Windows 10): Executed 0 of 4[32m SUCCESS[39m (0 secs / 0 secs)
WARN: 'Tabler Icon not found: nurse

         Refer to documentation on https://github.com/pierreavn/angular-tabler-icons'
[1A[2KWARN: [36m'Tabler Icon not found: users-group

         Refer to documentation on https://github.com/pierreavn/angular-tabler-icons'[39m
Chrome 147.0.0.0 (Windows 10): Executed 0 of 4[32m SUCCESS[39m (0 secs / 0 secs)
WARN: 'Tabler Icon not found: users-group

         Refer to documentation on https://github.com/pierreavn/angular-tabler-icons'
[1A[2KWARN: [36m'Tabler Icon not found: eye

         Refer to documentation on https://github.com/pierreavn/angular-tabler-icons'[39m
Chrome 147.0.0.0 (Windows 10): Executed 0 of 4[32m SUCCESS[39m (0 secs / 0 secs)
WARN: 'Tabler Icon not found: eye

         Refer to documentation on https://github.com/pierreavn/angular-tabler-icons'
[1A[2KWARN: [36m'Tabler Icon not found: clipboard-list

         Refer to documentation on https://github.com/pierreavn/angular-tabler-icons'[39m
Chrome 147.0.0.0 (Windows 10): Executed 0 of 4[32m SUCCESS[39m (0 secs / 0 secs)
WARN: 'Tabler Icon not found: clipboard-list

         Refer to documentation on https://github.com/pierreavn/angular-tabler-icons'
[1A[2KWARN: [36m'Tabler Icon not found: bell-off

         Refer to documentation on https://github.com/pierreavn/angular-tabler-icons'[39m
Chrome 147.0.0.0 (Windows 10): Executed 0 of 4[32m SUCCESS[39m (0 secs / 0 secs)
WARN: 'Tabler Icon not found: bell-off

         Refer to documentation on https://github.com/pierreavn/angular-tabler-icons'
[1A[2KWARN: [36m'Tabler Icon not found: bell-off

         Refer to documentation on https://github.com/pierreavn/angular-tabler-icons'[39m
Chrome 147.0.0.0 (Windows 10): Executed 0 of 4[32m SUCCESS[39m (0 secs / 0 secs)
WARN: 'Tabler Icon not found: bell-off

         Refer to documentation on https://github.com/pierreavn/angular-tabler-icons'
[1A[2KWARN: [36m'Tabler Icon not found: building-off

         Refer to documentation on https://github.com/pierreavn/angular-tabler-icons'[39m
Chrome 147.0.0.0 (Windows 10): Executed 0 of 4[32m SUCCESS[39m (0 secs / 0 secs)
WARN: 'Tabler Icon not found: building-off

         Refer to documentation on https://github.com/pierreavn/angular-tabler-icons'
[1A[2KWARN: [36m'Tabler Icon not found: bell-off

         Refer to documentation on https://github.com/pierreavn/angular-tabler-icons'[39m
Chrome 147.0.0.0 (Windows 10): Executed 0 of 4[32m SUCCESS[39m (0 secs / 0 secs)
WARN: 'Tabler Icon not found: bell-off

         Refer to documentation on https://github.com/pierreavn/angular-tabler-icons'
[1A[2KWARN: [36m'Tabler Icon not found: building-off

         Refer to documentation on https://github.com/pierreavn/angular-tabler-icons'[39m
Chrome 147.0.0.0 (Windows 10): Executed 0 of 4[32m SUCCESS[39m (0 secs / 0 secs)
WARN: 'Tabler Icon not found: building-off

         Refer to documentation on https://github.com/pierreavn/angular-tabler-icons'
[1A[2KWARN: [36m'Tabler Icon not found: refresh

         Refer to documentation on https://github.com/pierreavn/angular-tabler-icons'[39m
Chrome 147.0.0.0 (Windows 10): Executed 0 of 4[32m SUCCESS[39m (0 secs / 0 secs)
WARN: 'Tabler Icon not found: refresh

         Refer to documentation on https://github.com/pierreavn/angular-tabler-icons'
[1A[2KWARN: [36m'Tabler Icon not found: brain

         Refer to documentation on https://github.com/pierreavn/angular-tabler-icons'[39m
Chrome 147.0.0.0 (Windows 10): Executed 0 of 4[32m SUCCESS[39m (0 secs / 0 secs)
WARN: 'Tabler Icon not found: brain

         Refer to documentation on https://github.com/pierreavn/angular-tabler-icons'
[1A[2KWARN: [36m'Tabler Icon not found: camera-off

         Refer to documentation on https://github.com/pierreavn/angular-tabler-icons'[39m
Chrome 147.0.0.0 (Windows 10): Executed 0 of 4[32m SUCCESS[39m (0 secs / 0 secs)
WARN: 'Tabler Icon not found: camera-off

         Refer to documentation on https://github.com/pierreavn/angular-tabler-icons'
[1A[2K[31mChrome 147.0.0.0 (Windows 10) AdminDashboardComponent should handle keyboard shortcuts FAILED[39m
	Expected spy navigate to have been called with:
	  [ [ '/dashboard/admin/patients' ] ]
	but it was never called.
	    at <Jasmine>
	    at UserContext.apply (src/app/pages/admin-dashboard/admin-dashboard.component.spec.ts:128:29)
	    at _ZoneDelegate.invoke (node_modules/zone.js/fesm2015/zone.js:398:28)
	    at ProxyZoneSpec.onInvoke (node_modules/zone.js/fesm2015/zone-testing.js:2132:39)
	    at _ZoneDelegate.invoke (node_modules/zone.js/fesm2015/zone.js:397:34)
Chrome 147.0.0.0 (Windows 10): Executed 1 of 4[31m (1 FAILED)[39m (0 secs / 0.339 secs)
[1A[2KWARN: [36m'Tabler Icon not found: layout-dashboard

         Refer to documentation on https://github.com/pierreavn/angular-tabler-icons'[39m
Chrome 147.0.0.0 (Windows 10): Executed 1 of 4[31m (1 FAILED)[39m (0 secs / 0.339 secs)
WARN: 'Tabler Icon not found: layout-dashboard

         Refer to documentation on https://github.com/pierreavn/angular-tabler-icons'
[1A[2KWARN: [36m'Tabler Icon not found: users

         Refer to documentation on https://github.com/pierreavn/angular-tabler-icons'[39m
Chrome 147.0.0.0 (Windows 10): Executed 1 of 4[31m (1 FAILED)[39m (0 secs / 0.339 secs)
WARN: 'Tabler Icon not found: users

         Refer to documentation on https://github.com/pierreavn/angular-tabler-icons'
[1A[2KWARN: [36m'Tabler Icon not found: heart-rate-monitor

         Refer to documentation on https://github.com/pierreavn/angular-tabler-icons'[39m
Chrome 147.0.0.0 (Windows 10): Executed 1 of 4[31m (1 FAILED)[39m (0 secs / 0.339 secs)
WARN: 'Tabler Icon not found: heart-rate-monitor

         Refer to documentation on https://github.com/pierreavn/angular-tabler-icons'
[1A[2KWARN: [36m'Tabler Icon not found: stethoscope

         Refer to documentation on https://github.com/pierreavn/angular-tabler-icons'[39m
Chrome 147.0.0.0 (Windows 10): Executed 1 of 4[31m (1 FAILED)[39m (0 secs / 0.339 secs)
WARN: 'Tabler Icon not found: stethoscope

         Refer to documentation on https://github.com/pierreavn/angular-tabler-icons'
[1A[2KWARN: [36m'Tabler Icon not found: nurse

         Refer to documentation on https://github.com/pierreavn/angular-tabler-icons'[39m
Chrome 147.0.0.0 (Windows 10): Executed 1 of 4[31m (1 FAILED)[39m (0 secs / 0.339 secs)
WARN: 'Tabler Icon not found: nurse

         Refer to documentation on https://github.com/pierreavn/angular-tabler-icons'
[1A[2KWARN: [36m'Tabler Icon not found: bell-ringing

         Refer to documentation on https://github.com/pierreavn/angular-tabler-icons'[39m
Chrome 147.0.0.0 (Windows 10): Executed 1 of 4[31m (1 FAILED)[39m (0 secs / 0.339 secs)
WARN: 'Tabler Icon not found: bell-ringing

         Refer to documentation on https://github.com/pierreavn/angular-tabler-icons'
[1A[2KWARN: [36m'Tabler Icon not found: building-hospital

         Refer to documentation on https://github.com/pierreavn/angular-tabler-icons'[39m
Chrome 147.0.0.0 (Windows 10): Executed 1 of 4[31m (1 FAILED)[39m (0 secs / 0.339 secs)
WARN: 'Tabler Icon not found: building-hospital

         Refer to documentation on https://github.com/pierreavn/angular-tabler-icons'
[1A[2KWARN: [36m'Tabler Icon not found: database

         Refer to documentation on https://github.com/pierreavn/angular-tabler-icons'[39m
Chrome 147.0.0.0 (Windows 10): Executed 1 of 4[31m (1 FAILED)[39m (0 secs / 0.339 secs)
WARN: 'Tabler Icon not found: database

         Refer to documentation on https://github.com/pierreavn/angular-tabler-icons'
[1A[2KWARN: [36m'Tabler Icon not found: bell-ringing

         Refer to documentation on https://github.com/pierreavn/angular-tabler-icons'[39m
Chrome 147.0.0.0 (Windows 10): Executed 1 of 4[31m (1 FAILED)[39m (0 secs / 0.339 secs)
WARN: 'Tabler Icon not found: bell-ringing

         Refer to documentation on https://github.com/pierreavn/angular-tabler-icons'
[1A[2KWARN: [36m'Tabler Icon not found: clipboard-list

         Refer to documentation on https://github.com/pierreavn/angular-tabler-icons'[39m
Chrome 147.0.0.0 (Windows 10): Executed 1 of 4[31m (1 FAILED)[39m (0 secs / 0.339 secs)
WARN: 'Tabler Icon not found: clipboard-list

         Refer to documentation on https://github.com/pierreavn/angular-tabler-icons'
[1A[2KWARN: [36m'Tabler Icon not found: heart-rate-monitor

         Refer to documentation on https://github.com/pierreavn/angular-tabler-icons'[39m
Chrome 147.0.0.0 (Windows 10): Executed 1 of 4[31m (1 FAILED)[39m (0 secs / 0.339 secs)
WARN: 'Tabler Icon not found: heart-rate-monitor

         Refer to documentation on https://github.com/pierreavn/angular-tabler-icons'
[1A[2KWARN: [36m'Tabler Icon not found: bell

         Refer to documentation on https://github.com/pierreavn/angular-tabler-icons'[39m
Chrome 147.0.0.0 (Windows 10): Executed 1 of 4[31m (1 FAILED)[39m (0 secs / 0.339 secs)
WARN: 'Tabler Icon not found: bell

         Refer to documentation on https://github.com/pierreavn/angular-tabler-icons'
[1A[2KWARN: [36m'Tabler Icon not found: users-group

         Refer to documentation on https://github.com/pierreavn/angular-tabler-icons'[39m
Chrome 147.0.0.0 (Windows 10): Executed 1 of 4[31m (1 FAILED)[39m (0 secs / 0.339 secs)
WARN: 'Tabler Icon not found: users-group

         Refer to documentation on https://github.com/pierreavn/angular-tabler-icons'
[1A[2KWARN: [36m'Tabler Icon not found: activity

         Refer to documentation on https://github.com/pierreavn/angular-tabler-icons'[39m
Chrome 147.0.0.0 (Windows 10): Executed 1 of 4[31m (1 FAILED)[39m (0 secs / 0.339 secs)
WARN: 'Tabler Icon not found: activity

         Refer to documentation on https://github.com/pierreavn/angular-tabler-icons'
[1A[2KWARN: [36m'Tabler Icon not found: users-group

         Refer to documentation on https://github.com/pierreavn/angular-tabler-icons'[39m
Chrome 147.0.0.0 (Windows 10): Executed 1 of 4[31m (1 FAILED)[39m (0 secs / 0.339 secs)
WARN: 'Tabler Icon not found: users-group

         Refer to documentation on https://github.com/pierreavn/angular-tabler-icons'
[1A[2KWARN: [36m'Tabler Icon not found: heart-rate-monitor

         Refer to documentation on https://github.com/pierreavn/angular-tabler-icons'[39m
Chrome 147.0.0.0 (Windows 10): Executed 1 of 4[31m (1 FAILED)[39m (0 secs / 0.339 secs)
WARN: 'Tabler Icon not found: heart-rate-monitor

         Refer to documentation on https://github.com/pierreavn/angular-tabler-icons'
[1A[2KWARN: [36m'Tabler Icon not found: building-hospital

         Refer to documentation on https://github.com/pierreavn/angular-tabler-icons'[39m
Chrome 147.0.0.0 (Windows 10): Executed 1 of 4[31m (1 FAILED)[39m (0 secs / 0.339 secs)
WARN: 'Tabler Icon not found: building-hospital

         Refer to documentation on https://github.com/pierreavn/angular-tabler-icons'
[1A[2KWARN: [36m'Tabler Icon not found: alert-octagon

         Refer to documentation on https://github.com/pierreavn/angular-tabler-icons'[39m
Chrome 147.0.0.0 (Windows 10): Executed 1 of 4[31m (1 FAILED)[39m (0 secs / 0.339 secs)
WARN: 'Tabler Icon not found: alert-octagon

         Refer to documentation on https://github.com/pierreavn/angular-tabler-icons'
[1A[2KWARN: [36m'Tabler Icon not found: building-hospital

         Refer to documentation on https://github.com/pierreavn/angular-tabler-icons'[39m
Chrome 147.0.0.0 (Windows 10): Executed 1 of 4[31m (1 FAILED)[39m (0 secs / 0.339 secs)
WARN: 'Tabler Icon not found: building-hospital

         Refer to documentation on https://github.com/pierreavn/angular-tabler-icons'
[1A[2KWARN: [36m'Tabler Icon not found: users

         Refer to documentation on https://github.com/pierreavn/angular-tabler-icons'[39m
Chrome 147.0.0.0 (Windows 10): Executed 1 of 4[31m (1 FAILED)[39m (0 secs / 0.339 secs)
WARN: 'Tabler Icon not found: users

         Refer to documentation on https://github.com/pierreavn/angular-tabler-icons'
[1A[2KWARN: [36m'Tabler Icon not found: brain

         Refer to documentation on https://github.com/pierreavn/angular-tabler-icons'[39m
Chrome 147.0.0.0 (Windows 10): Executed 1 of 4[31m (1 FAILED)[39m (0 secs / 0.339 secs)
WARN: 'Tabler Icon not found: brain

         Refer to documentation on https://github.com/pierreavn/angular-tabler-icons'
[1A[2KWARN: [36m'Tabler Icon not found: brain

         Refer to documentation on https://github.com/pierreavn/angular-tabler-icons'[39m
Chrome 147.0.0.0 (Windows 10): Executed 1 of 4[31m (1 FAILED)[39m (0 secs / 0.339 secs)
WARN: 'Tabler Icon not found: brain

         Refer to documentation on https://github.com/pierreavn/angular-tabler-icons'
[1A[2KWARN: [36m'Tabler Icon not found: bolt

         Refer to documentation on https://github.com/pierreavn/angular-tabler-icons'[39m
Chrome 147.0.0.0 (Windows 10): Executed 1 of 4[31m (1 FAILED)[39m (0 secs / 0.339 secs)
WARN: 'Tabler Icon not found: bolt

         Refer to documentation on https://github.com/pierreavn/angular-tabler-icons'
[1A[2KWARN: [36m'Tabler Icon not found: user-plus

         Refer to documentation on https://github.com/pierreavn/angular-tabler-icons'[39m
Chrome 147.0.0.0 (Windows 10): Executed 1 of 4[31m (1 FAILED)[39m (0 secs / 0.339 secs)
WARN: 'Tabler Icon not found: user-plus

         Refer to documentation on https://github.com/pierreavn/angular-tabler-icons'
[1A[2KWARN: [36m'Tabler Icon not found: building-plus

         Refer to documentation on https://github.com/pierreavn/angular-tabler-icons'[39m
Chrome 147.0.0.0 (Windows 10): Executed 1 of 4[31m (1 FAILED)[39m (0 secs / 0.339 secs)
WARN: 'Tabler Icon not found: building-plus

         Refer to documentation on https://github.com/pierreavn/angular-tabler-icons'
[1A[2KWARN: [36m'Tabler Icon not found: shield-plus

         Refer to documentation on https://github.com/pierreavn/angular-tabler-icons'[39m
Chrome 147.0.0.0 (Windows 10): Executed 1 of 4[31m (1 FAILED)[39m (0 secs / 0.339 secs)
WARN: 'Tabler Icon not found: shield-plus

         Refer to documentation on https://github.com/pierreavn/angular-tabler-icons'
[1A[2KWARN: [36m'Tabler Icon not found: camera

         Refer to documentation on https://github.com/pierreavn/angular-tabler-icons'[39m
Chrome 147.0.0.0 (Windows 10): Executed 1 of 4[31m (1 FAILED)[39m (0 secs / 0.339 secs)
WARN: 'Tabler Icon not found: camera

         Refer to documentation on https://github.com/pierreavn/angular-tabler-icons'
[1A[2KWARN: [36m'Tabler Icon not found: camera

         Refer to documentation on https://github.com/pierreavn/angular-tabler-icons'[39m
Chrome 147.0.0.0 (Windows 10): Executed 1 of 4[31m (1 FAILED)[39m (0 secs / 0.339 secs)
WARN: 'Tabler Icon not found: camera

         Refer to documentation on https://github.com/pierreavn/angular-tabler-icons'
[1A[2KWARN: [36m'Tabler Icon not found: external-link

         Refer to documentation on https://github.com/pierreavn/angular-tabler-icons'[39m
Chrome 147.0.0.0 (Windows 10): Executed 1 of 4[31m (1 FAILED)[39m (0 secs / 0.339 secs)
WARN: 'Tabler Icon not found: external-link

         Refer to documentation on https://github.com/pierreavn/angular-tabler-icons'
[1A[2KWARN: [36m'Tabler Icon not found: heart-rate-monitor

         Refer to documentation on https://github.com/pierreavn/angular-tabler-icons'[39m
Chrome 147.0.0.0 (Windows 10): Executed 1 of 4[31m (1 FAILED)[39m (0 secs / 0.339 secs)
WARN: 'Tabler Icon not found: heart-rate-monitor

         Refer to documentation on https://github.com/pierreavn/angular-tabler-icons'
[1A[2KWARN: [36m'Tabler Icon not found: stethoscope

         Refer to documentation on https://github.com/pierreavn/angular-tabler-icons'[39m
Chrome 147.0.0.0 (Windows 10): Executed 1 of 4[31m (1 FAILED)[39m (0 secs / 0.339 secs)
WARN: 'Tabler Icon not found: stethoscope

         Refer to documentation on https://github.com/pierreavn/angular-tabler-icons'
[1A[2KWARN: [36m'Tabler Icon not found: nurse

         Refer to documentation on https://github.com/pierreavn/angular-tabler-icons'[39m
Chrome 147.0.0.0 (Windows 10): Executed 1 of 4[31m (1 FAILED)[39m (0 secs / 0.339 secs)
WARN: 'Tabler Icon not found: nurse

         Refer to documentation on https://github.com/pierreavn/angular-tabler-icons'
[1A[2KWARN: [36m'Tabler Icon not found: users-group

         Refer to documentation on https://github.com/pierreavn/angular-tabler-icons'[39m
Chrome 147.0.0.0 (Windows 10): Executed 1 of 4[31m (1 FAILED)[39m (0 secs / 0.339 secs)
WARN: 'Tabler Icon not found: users-group

         Refer to documentation on https://github.com/pierreavn/angular-tabler-icons'
[1A[2KWARN: [36m'Tabler Icon not found: eye

         Refer to documentation on https://github.com/pierreavn/angular-tabler-icons'[39m
Chrome 147.0.0.0 (Windows 10): Executed 1 of 4[31m (1 FAILED)[39m (0 secs / 0.339 secs)
WARN: 'Tabler Icon not found: eye

         Refer to documentation on https://github.com/pierreavn/angular-tabler-icons'
[1A[2KWARN: [36m'Tabler Icon not found: clipboard-list

         Refer to documentation on https://github.com/pierreavn/angular-tabler-icons'[39m
Chrome 147.0.0.0 (Windows 10): Executed 1 of 4[31m (1 FAILED)[39m (0 secs / 0.339 secs)
WARN: 'Tabler Icon not found: clipboard-list

         Refer to documentation on https://github.com/pierreavn/angular-tabler-icons'
[1A[2KWARN: [36m'Tabler Icon not found: bell-off

         Refer to documentation on https://github.com/pierreavn/angular-tabler-icons'[39m
Chrome 147.0.0.0 (Windows 10): Executed 1 of 4[31m (1 FAILED)[39m (0 secs / 0.339 secs)
WARN: 'Tabler Icon not found: bell-off

         Refer to documentation on https://github.com/pierreavn/angular-tabler-icons'
[1A[2KWARN: [36m'Tabler Icon not found: bell-off

         Refer to documentation on https://github.com/pierreavn/angular-tabler-icons'[39m
Chrome 147.0.0.0 (Windows 10): Executed 1 of 4[31m (1 FAILED)[39m (0 secs / 0.339 secs)
WARN: 'Tabler Icon not found: bell-off

         Refer to documentation on https://github.com/pierreavn/angular-tabler-icons'
[1A[2KWARN: [36m'Tabler Icon not found: building-off

         Refer to documentation on https://github.com/pierreavn/angular-tabler-icons'[39m
Chrome 147.0.0.0 (Windows 10): Executed 1 of 4[31m (1 FAILED)[39m (0 secs / 0.339 secs)
WARN: 'Tabler Icon not found: building-off

         Refer to documentation on https://github.com/pierreavn/angular-tabler-icons'
[1A[2KWARN: [36m'Tabler Icon not found: bell-off

         Refer to documentation on https://github.com/pierreavn/angular-tabler-icons'[39m
Chrome 147.0.0.0 (Windows 10): Executed 1 of 4[31m (1 FAILED)[39m (0 secs / 0.339 secs)
WARN: 'Tabler Icon not found: bell-off

         Refer to documentation on https://github.com/pierreavn/angular-tabler-icons'
[1A[2KWARN: [36m'Tabler Icon not found: building-off

         Refer to documentation on https://github.com/pierreavn/angular-tabler-icons'[39m
Chrome 147.0.0.0 (Windows 10): Executed 1 of 4[31m (1 FAILED)[39m (0 secs / 0.339 secs)
WARN: 'Tabler Icon not found: building-off

         Refer to documentation on https://github.com/pierreavn/angular-tabler-icons'
[1A[2KWARN: [36m'Tabler Icon not found: refresh

         Refer to documentation on https://github.com/pierreavn/angular-tabler-icons'[39m
Chrome 147.0.0.0 (Windows 10): Executed 1 of 4[31m (1 FAILED)[39m (0 secs / 0.339 secs)
WARN: 'Tabler Icon not found: refresh

         Refer to documentation on https://github.com/pierreavn/angular-tabler-icons'
[1A[2KWARN: [36m'Tabler Icon not found: brain

         Refer to documentation on https://github.com/pierreavn/angular-tabler-icons'[39m
Chrome 147.0.0.0 (Windows 10): Executed 1 of 4[31m (1 FAILED)[39m (0 secs / 0.339 secs)
WARN: 'Tabler Icon not found: brain

         Refer to documentation on https://github.com/pierreavn/angular-tabler-icons'
[1A[2KWARN: [36m'Tabler Icon not found: camera-off

         Refer to documentation on https://github.com/pierreavn/angular-tabler-icons'[39m
Chrome 147.0.0.0 (Windows 10): Executed 1 of 4[31m (1 FAILED)[39m (0 secs / 0.339 secs)
WARN: 'Tabler Icon not found: camera-off

         Refer to documentation on https://github.com/pierreavn/angular-tabler-icons'
[1A[2KChrome 147.0.0.0 (Windows 10): Executed 2 of 4[31m (1 FAILED)[39m (0 secs / 0.48 secs)
[1A[2KWARN: [36m'Tabler Icon not found: layout-dashboard

         Refer to documentation on https://github.com/pierreavn/angular-tabler-icons'[39m
Chrome 147.0.0.0 (Windows 10): Executed 2 of 4[31m (1 FAILED)[39m (0 secs / 0.48 secs)
WARN: 'Tabler Icon not found: layout-dashboard

         Refer to documentation on https://github.com/pierreavn/angular-tabler-icons'
[1A[2KWARN: [36m'Tabler Icon not found: users

         Refer to documentation on https://github.com/pierreavn/angular-tabler-icons'[39m
Chrome 147.0.0.0 (Windows 10): Executed 2 of 4[31m (1 FAILED)[39m (0 secs / 0.48 secs)
WARN: 'Tabler Icon not found: users

         Refer to documentation on https://github.com/pierreavn/angular-tabler-icons'
[1A[2KWARN: [36m'Tabler Icon not found: heart-rate-monitor

         Refer to documentation on https://github.com/pierreavn/angular-tabler-icons'[39m
Chrome 147.0.0.0 (Windows 10): Executed 2 of 4[31m (1 FAILED)[39m (0 secs / 0.48 secs)
WARN: 'Tabler Icon not found: heart-rate-monitor

         Refer to documentation on https://github.com/pierreavn/angular-tabler-icons'
[1A[2KWARN: [36m'Tabler Icon not found: stethoscope

         Refer to documentation on https://github.com/pierreavn/angular-tabler-icons'[39m
Chrome 147.0.0.0 (Windows 10): Executed 2 of 4[31m (1 FAILED)[39m (0 secs / 0.48 secs)
WARN: 'Tabler Icon not found: stethoscope

         Refer to documentation on https://github.com/pierreavn/angular-tabler-icons'
[1A[2KWARN: [36m'Tabler Icon not found: nurse

         Refer to documentation on https://github.com/pierreavn/angular-tabler-icons'[39m
Chrome 147.0.0.0 (Windows 10): Executed 2 of 4[31m (1 FAILED)[39m (0 secs / 0.48 secs)
WARN: 'Tabler Icon not found: nurse

         Refer to documentation on https://github.com/pierreavn/angular-tabler-icons'
[1A[2KWARN: [36m'Tabler Icon not found: bell-ringing

         Refer to documentation on https://github.com/pierreavn/angular-tabler-icons'[39m
Chrome 147.0.0.0 (Windows 10): Executed 2 of 4[31m (1 FAILED)[39m (0 secs / 0.48 secs)
WARN: 'Tabler Icon not found: bell-ringing

         Refer to documentation on https://github.com/pierreavn/angular-tabler-icons'
[1A[2KWARN: [36m'Tabler Icon not found: building-hospital

         Refer to documentation on https://github.com/pierreavn/angular-tabler-icons'[39m
Chrome 147.0.0.0 (Windows 10): Executed 2 of 4[31m (1 FAILED)[39m (0 secs / 0.48 secs)
WARN: 'Tabler Icon not found: building-hospital

         Refer to documentation on https://github.com/pierreavn/angular-tabler-icons'
[1A[2KWARN: [36m'Tabler Icon not found: database

         Refer to documentation on https://github.com/pierreavn/angular-tabler-icons'[39m
Chrome 147.0.0.0 (Windows 10): Executed 2 of 4[31m (1 FAILED)[39m (0 secs / 0.48 secs)
WARN: 'Tabler Icon not found: database

         Refer to documentation on https://github.com/pierreavn/angular-tabler-icons'
[1A[2KWARN: [36m'Tabler Icon not found: bell-ringing

         Refer to documentation on https://github.com/pierreavn/angular-tabler-icons'[39m
Chrome 147.0.0.0 (Windows 10): Executed 2 of 4[31m (1 FAILED)[39m (0 secs / 0.48 secs)
WARN: 'Tabler Icon not found: bell-ringing

         Refer to documentation on https://github.com/pierreavn/angular-tabler-icons'
[1A[2KWARN: [36m'Tabler Icon not found: clipboard-list

         Refer to documentation on https://github.com/pierreavn/angular-tabler-icons'[39m
Chrome 147.0.0.0 (Windows 10): Executed 2 of 4[31m (1 FAILED)[39m (0 secs / 0.48 secs)
WARN: 'Tabler Icon not found: clipboard-list

         Refer to documentation on https://github.com/pierreavn/angular-tabler-icons'
[1A[2KWARN: [36m'Tabler Icon not found: heart-rate-monitor

         Refer to documentation on https://github.com/pierreavn/angular-tabler-icons'[39m
Chrome 147.0.0.0 (Windows 10): Executed 2 of 4[31m (1 FAILED)[39m (0 secs / 0.48 secs)
WARN: 'Tabler Icon not found: heart-rate-monitor

         Refer to documentation on https://github.com/pierreavn/angular-tabler-icons'
[1A[2KWARN: [36m'Tabler Icon not found: bell

         Refer to documentation on https://github.com/pierreavn/angular-tabler-icons'[39m
Chrome 147.0.0.0 (Windows 10): Executed 2 of 4[31m (1 FAILED)[39m (0 secs / 0.48 secs)
WARN: 'Tabler Icon not found: bell

         Refer to documentation on https://github.com/pierreavn/angular-tabler-icons'
[1A[2KWARN: [36m'Tabler Icon not found: users-group

         Refer to documentation on https://github.com/pierreavn/angular-tabler-icons'[39m
Chrome 147.0.0.0 (Windows 10): Executed 2 of 4[31m (1 FAILED)[39m (0 secs / 0.48 secs)
WARN: 'Tabler Icon not found: users-group

         Refer to documentation on https://github.com/pierreavn/angular-tabler-icons'
[1A[2KWARN: [36m'Tabler Icon not found: activity

         Refer to documentation on https://github.com/pierreavn/angular-tabler-icons'[39m
Chrome 147.0.0.0 (Windows 10): Executed 2 of 4[31m (1 FAILED)[39m (0 secs / 0.48 secs)
WARN: 'Tabler Icon not found: activity

         Refer to documentation on https://github.com/pierreavn/angular-tabler-icons'
[1A[2KWARN: [36m'Tabler Icon not found: users-group

         Refer to documentation on https://github.com/pierreavn/angular-tabler-icons'[39m
Chrome 147.0.0.0 (Windows 10): Executed 2 of 4[31m (1 FAILED)[39m (0 secs / 0.48 secs)
WARN: 'Tabler Icon not found: users-group

         Refer to documentation on https://github.com/pierreavn/angular-tabler-icons'
[1A[2KWARN: [36m'Tabler Icon not found: heart-rate-monitor

         Refer to documentation on https://github.com/pierreavn/angular-tabler-icons'[39m
Chrome 147.0.0.0 (Windows 10): Executed 2 of 4[31m (1 FAILED)[39m (0 secs / 0.48 secs)
WARN: 'Tabler Icon not found: heart-rate-monitor

         Refer to documentation on https://github.com/pierreavn/angular-tabler-icons'
[1A[2KWARN: [36m'Tabler Icon not found: building-hospital

         Refer to documentation on https://github.com/pierreavn/angular-tabler-icons'[39m
Chrome 147.0.0.0 (Windows 10): Executed 2 of 4[31m (1 FAILED)[39m (0 secs / 0.48 secs)
WARN: 'Tabler Icon not found: building-hospital

         Refer to documentation on https://github.com/pierreavn/angular-tabler-icons'
[1A[2KWARN: [36m'Tabler Icon not found: alert-octagon

         Refer to documentation on https://github.com/pierreavn/angular-tabler-icons'[39m
Chrome 147.0.0.0 (Windows 10): Executed 2 of 4[31m (1 FAILED)[39m (0 secs / 0.48 secs)
WARN: 'Tabler Icon not found: alert-octagon

         Refer to documentation on https://github.com/pierreavn/angular-tabler-icons'
[1A[2KWARN: [36m'Tabler Icon not found: building-hospital

         Refer to documentation on https://github.com/pierreavn/angular-tabler-icons'[39m
Chrome 147.0.0.0 (Windows 10): Executed 2 of 4[31m (1 FAILED)[39m (0 secs / 0.48 secs)
WARN: 'Tabler Icon not found: building-hospital

         Refer to documentation on https://github.com/pierreavn/angular-tabler-icons'
[1A[2KWARN: [36m'Tabler Icon not found: users

         Refer to documentation on https://github.com/pierreavn/angular-tabler-icons'[39m
Chrome 147.0.0.0 (Windows 10): Executed 2 of 4[31m (1 FAILED)[39m (0 secs / 0.48 secs)
WARN: 'Tabler Icon not found: users

         Refer to documentation on https://github.com/pierreavn/angular-tabler-icons'
[1A[2KWARN: [36m'Tabler Icon not found: brain

         Refer to documentation on https://github.com/pierreavn/angular-tabler-icons'[39m
Chrome 147.0.0.0 (Windows 10): Executed 2 of 4[31m (1 FAILED)[39m (0 secs / 0.48 secs)
WARN: 'Tabler Icon not found: brain

         Refer to documentation on https://github.com/pierreavn/angular-tabler-icons'
[1A[2KWARN: [36m'Tabler Icon not found: brain

         Refer to documentation on https://github.com/pierreavn/angular-tabler-icons'[39m
Chrome 147.0.0.0 (Windows 10): Executed 2 of 4[31m (1 FAILED)[39m (0 secs / 0.48 secs)
WARN: 'Tabler Icon not found: brain

         Refer to documentation on https://github.com/pierreavn/angular-tabler-icons'
[1A[2KWARN: [36m'Tabler Icon not found: bolt

         Refer to documentation on https://github.com/pierreavn/angular-tabler-icons'[39m
Chrome 147.0.0.0 (Windows 10): Executed 2 of 4[31m (1 FAILED)[39m (0 secs / 0.48 secs)
WARN: 'Tabler Icon not found: bolt

         Refer to documentation on https://github.com/pierreavn/angular-tabler-icons'
[1A[2KWARN: [36m'Tabler Icon not found: user-plus

         Refer to documentation on https://github.com/pierreavn/angular-tabler-icons'[39m
Chrome 147.0.0.0 (Windows 10): Executed 2 of 4[31m (1 FAILED)[39m (0 secs / 0.48 secs)
WARN: 'Tabler Icon not found: user-plus

         Refer to documentation on https://github.com/pierreavn/angular-tabler-icons'
[1A[2KWARN: [36m'Tabler Icon not found: building-plus

         Refer to documentation on https://github.com/pierreavn/angular-tabler-icons'[39m
Chrome 147.0.0.0 (Windows 10): Executed 2 of 4[31m (1 FAILED)[39m (0 secs / 0.48 secs)
WARN: 'Tabler Icon not found: building-plus

         Refer to documentation on https://github.com/pierreavn/angular-tabler-icons'
[1A[2KWARN: [36m'Tabler Icon not found: shield-plus

         Refer to documentation on https://github.com/pierreavn/angular-tabler-icons'[39m
Chrome 147.0.0.0 (Windows 10): Executed 2 of 4[31m (1 FAILED)[39m (0 secs / 0.48 secs)
WARN: 'Tabler Icon not found: shield-plus

         Refer to documentation on https://github.com/pierreavn/angular-tabler-icons'
[1A[2KWARN: [36m'Tabler Icon not found: camera

         Refer to documentation on https://github.com/pierreavn/angular-tabler-icons'[39m
Chrome 147.0.0.0 (Windows 10): Executed 2 of 4[31m (1 FAILED)[39m (0 secs / 0.48 secs)
WARN: 'Tabler Icon not found: camera

         Refer to documentation on https://github.com/pierreavn/angular-tabler-icons'
[1A[2KWARN: [36m'Tabler Icon not found: camera

         Refer to documentation on https://github.com/pierreavn/angular-tabler-icons'[39m
Chrome 147.0.0.0 (Windows 10): Executed 2 of 4[31m (1 FAILED)[39m (0 secs / 0.48 secs)
WARN: 'Tabler Icon not found: camera

         Refer to documentation on https://github.com/pierreavn/angular-tabler-icons'
[1A[2KWARN: [36m'Tabler Icon not found: external-link

         Refer to documentation on https://github.com/pierreavn/angular-tabler-icons'[39m
Chrome 147.0.0.0 (Windows 10): Executed 2 of 4[31m (1 FAILED)[39m (0 secs / 0.48 secs)
WARN: 'Tabler Icon not found: external-link

         Refer to documentation on https://github.com/pierreavn/angular-tabler-icons'
[1A[2KWARN: [36m'Tabler Icon not found: heart-rate-monitor

         Refer to documentation on https://github.com/pierreavn/angular-tabler-icons'[39m
Chrome 147.0.0.0 (Windows 10): Executed 2 of 4[31m (1 FAILED)[39m (0 secs / 0.48 secs)
WARN: 'Tabler Icon not found: heart-rate-monitor

         Refer to documentation on https://github.com/pierreavn/angular-tabler-icons'
[1A[2KWARN: [36m'Tabler Icon not found: stethoscope

         Refer to documentation on https://github.com/pierreavn/angular-tabler-icons'[39m
Chrome 147.0.0.0 (Windows 10): Executed 2 of 4[31m (1 FAILED)[39m (0 secs / 0.48 secs)
WARN: 'Tabler Icon not found: stethoscope

         Refer to documentation on https://github.com/pierreavn/angular-tabler-icons'
[1A[2KWARN: [36m'Tabler Icon not found: nurse

         Refer to documentation on https://github.com/pierreavn/angular-tabler-icons'[39m
Chrome 147.0.0.0 (Windows 10): Executed 2 of 4[31m (1 FAILED)[39m (0 secs / 0.48 secs)
WARN: 'Tabler Icon not found: nurse

         Refer to documentation on https://github.com/pierreavn/angular-tabler-icons'
[1A[2KWARN: [36m'Tabler Icon not found: users-group

         Refer to documentation on https://github.com/pierreavn/angular-tabler-icons'[39m
Chrome 147.0.0.0 (Windows 10): Executed 2 of 4[31m (1 FAILED)[39m (0 secs / 0.48 secs)
WARN: 'Tabler Icon not found: users-group

         Refer to documentation on https://github.com/pierreavn/angular-tabler-icons'
[1A[2KWARN: [36m'Tabler Icon not found: eye

         Refer to documentation on https://github.com/pierreavn/angular-tabler-icons'[39m
Chrome 147.0.0.0 (Windows 10): Executed 2 of 4[31m (1 FAILED)[39m (0 secs / 0.48 secs)
WARN: 'Tabler Icon not found: eye

         Refer to documentation on https://github.com/pierreavn/angular-tabler-icons'
[1A[2KWARN: [36m'Tabler Icon not found: clipboard-list

         Refer to documentation on https://github.com/pierreavn/angular-tabler-icons'[39m
Chrome 147.0.0.0 (Windows 10): Executed 2 of 4[31m (1 FAILED)[39m (0 secs / 0.48 secs)
WARN: 'Tabler Icon not found: clipboard-list

         Refer to documentation on https://github.com/pierreavn/angular-tabler-icons'
[1A[2KWARN: [36m'Tabler Icon not found: bell-off

         Refer to documentation on https://github.com/pierreavn/angular-tabler-icons'[39m
Chrome 147.0.0.0 (Windows 10): Executed 2 of 4[31m (1 FAILED)[39m (0 secs / 0.48 secs)
WARN: 'Tabler Icon not found: bell-off

         Refer to documentation on https://github.com/pierreavn/angular-tabler-icons'
[1A[2KWARN: [36m'Tabler Icon not found: bell-off

         Refer to documentation on https://github.com/pierreavn/angular-tabler-icons'[39m
Chrome 147.0.0.0 (Windows 10): Executed 2 of 4[31m (1 FAILED)[39m (0 secs / 0.48 secs)
WARN: 'Tabler Icon not found: bell-off

         Refer to documentation on https://github.com/pierreavn/angular-tabler-icons'
[1A[2KWARN: [36m'Tabler Icon not found: building-off

         Refer to documentation on https://github.com/pierreavn/angular-tabler-icons'[39m
Chrome 147.0.0.0 (Windows 10): Executed 2 of 4[31m (1 FAILED)[39m (0 secs / 0.48 secs)
WARN: 'Tabler Icon not found: building-off

         Refer to documentation on https://github.com/pierreavn/angular-tabler-icons'
[1A[2KWARN: [36m'Tabler Icon not found: bell-off

         Refer to documentation on https://github.com/pierreavn/angular-tabler-icons'[39m
Chrome 147.0.0.0 (Windows 10): Executed 2 of 4[31m (1 FAILED)[39m (0 secs / 0.48 secs)
WARN: 'Tabler Icon not found: bell-off

         Refer to documentation on https://github.com/pierreavn/angular-tabler-icons'
[1A[2KWARN: [36m'Tabler Icon not found: building-off

         Refer to documentation on https://github.com/pierreavn/angular-tabler-icons'[39m
Chrome 147.0.0.0 (Windows 10): Executed 2 of 4[31m (1 FAILED)[39m (0 secs / 0.48 secs)
WARN: 'Tabler Icon not found: building-off

         Refer to documentation on https://github.com/pierreavn/angular-tabler-icons'
[1A[2KWARN: [36m'Tabler Icon not found: refresh

         Refer to documentation on https://github.com/pierreavn/angular-tabler-icons'[39m
Chrome 147.0.0.0 (Windows 10): Executed 2 of 4[31m (1 FAILED)[39m (0 secs / 0.48 secs)
WARN: 'Tabler Icon not found: refresh

         Refer to documentation on https://github.com/pierreavn/angular-tabler-icons'
[1A[2KWARN: [36m'Tabler Icon not found: brain

         Refer to documentation on https://github.com/pierreavn/angular-tabler-icons'[39m
Chrome 147.0.0.0 (Windows 10): Executed 2 of 4[31m (1 FAILED)[39m (0 secs / 0.48 secs)
WARN: 'Tabler Icon not found: brain

         Refer to documentation on https://github.com/pierreavn/angular-tabler-icons'
[1A[2KWARN: [36m'Tabler Icon not found: camera-off

         Refer to documentation on https://github.com/pierreavn/angular-tabler-icons'[39m
Chrome 147.0.0.0 (Windows 10): Executed 2 of 4[31m (1 FAILED)[39m (0 secs / 0.48 secs)
WARN: 'Tabler Icon not found: camera-off

         Refer to documentation on https://github.com/pierreavn/angular-tabler-icons'
[1A[2KChrome 147.0.0.0 (Windows 10): Executed 3 of 4[31m (1 FAILED)[39m (0 secs / 0.577 secs)
[1A[2KWARN: [36m'Tabler Icon not found: layout-dashboard

         Refer to documentation on https://github.com/pierreavn/angular-tabler-icons'[39m
Chrome 147.0.0.0 (Windows 10): Executed 3 of 4[31m (1 FAILED)[39m (0 secs / 0.577 secs)
WARN: 'Tabler Icon not found: layout-dashboard

         Refer to documentation on https://github.com/pierreavn/angular-tabler-icons'
[1A[2KWARN: [36m'Tabler Icon not found: users

         Refer to documentation on https://github.com/pierreavn/angular-tabler-icons'[39m
Chrome 147.0.0.0 (Windows 10): Executed 3 of 4[31m (1 FAILED)[39m (0 secs / 0.577 secs)
WARN: 'Tabler Icon not found: users

         Refer to documentation on https://github.com/pierreavn/angular-tabler-icons'
[1A[2KWARN: [36m'Tabler Icon not found: heart-rate-monitor

         Refer to documentation on https://github.com/pierreavn/angular-tabler-icons'[39m
Chrome 147.0.0.0 (Windows 10): Executed 3 of 4[31m (1 FAILED)[39m (0 secs / 0.577 secs)
WARN: 'Tabler Icon not found: heart-rate-monitor

         Refer to documentation on https://github.com/pierreavn/angular-tabler-icons'
[1A[2KWARN: [36m'Tabler Icon not found: stethoscope

         Refer to documentation on https://github.com/pierreavn/angular-tabler-icons'[39m
Chrome 147.0.0.0 (Windows 10): Executed 3 of 4[31m (1 FAILED)[39m (0 secs / 0.577 secs)
WARN: 'Tabler Icon not found: stethoscope

         Refer to documentation on https://github.com/pierreavn/angular-tabler-icons'
[1A[2KWARN: [36m'Tabler Icon not found: nurse

         Refer to documentation on https://github.com/pierreavn/angular-tabler-icons'[39m
Chrome 147.0.0.0 (Windows 10): Executed 3 of 4[31m (1 FAILED)[39m (0 secs / 0.577 secs)
WARN: 'Tabler Icon not found: nurse

         Refer to documentation on https://github.com/pierreavn/angular-tabler-icons'
[1A[2KWARN: [36m'Tabler Icon not found: bell-ringing

         Refer to documentation on https://github.com/pierreavn/angular-tabler-icons'[39m
Chrome 147.0.0.0 (Windows 10): Executed 3 of 4[31m (1 FAILED)[39m (0 secs / 0.577 secs)
WARN: 'Tabler Icon not found: bell-ringing

         Refer to documentation on https://github.com/pierreavn/angular-tabler-icons'
[1A[2KWARN: [36m'Tabler Icon not found: building-hospital

         Refer to documentation on https://github.com/pierreavn/angular-tabler-icons'[39m
Chrome 147.0.0.0 (Windows 10): Executed 3 of 4[31m (1 FAILED)[39m (0 secs / 0.577 secs)
WARN: 'Tabler Icon not found: building-hospital

         Refer to documentation on https://github.com/pierreavn/angular-tabler-icons'
[1A[2KWARN: [36m'Tabler Icon not found: database

         Refer to documentation on https://github.com/pierreavn/angular-tabler-icons'[39m
Chrome 147.0.0.0 (Windows 10): Executed 3 of 4[31m (1 FAILED)[39m (0 secs / 0.577 secs)
WARN: 'Tabler Icon not found: database

         Refer to documentation on https://github.com/pierreavn/angular-tabler-icons'
[1A[2KWARN: [36m'Tabler Icon not found: bell-ringing

         Refer to documentation on https://github.com/pierreavn/angular-tabler-icons'[39m
Chrome 147.0.0.0 (Windows 10): Executed 3 of 4[31m (1 FAILED)[39m (0 secs / 0.577 secs)
WARN: 'Tabler Icon not found: bell-ringing

         Refer to documentation on https://github.com/pierreavn/angular-tabler-icons'
[1A[2KWARN: [36m'Tabler Icon not found: clipboard-list

         Refer to documentation on https://github.com/pierreavn/angular-tabler-icons'[39m
Chrome 147.0.0.0 (Windows 10): Executed 3 of 4[31m (1 FAILED)[39m (0 secs / 0.577 secs)
WARN: 'Tabler Icon not found: clipboard-list

         Refer to documentation on https://github.com/pierreavn/angular-tabler-icons'
[1A[2KWARN: [36m'Tabler Icon not found: heart-rate-monitor

         Refer to documentation on https://github.com/pierreavn/angular-tabler-icons'[39m
Chrome 147.0.0.0 (Windows 10): Executed 3 of 4[31m (1 FAILED)[39m (0 secs / 0.577 secs)
WARN: 'Tabler Icon not found: heart-rate-monitor

         Refer to documentation on https://github.com/pierreavn/angular-tabler-icons'
[1A[2KWARN: [36m'Tabler Icon not found: bell

         Refer to documentation on https://github.com/pierreavn/angular-tabler-icons'[39m
Chrome 147.0.0.0 (Windows 10): Executed 3 of 4[31m (1 FAILED)[39m (0 secs / 0.577 secs)
WARN: 'Tabler Icon not found: bell

         Refer to documentation on https://github.com/pierreavn/angular-tabler-icons'
[1A[2KWARN: [36m'Tabler Icon not found: users-group

         Refer to documentation on https://github.com/pierreavn/angular-tabler-icons'[39m
Chrome 147.0.0.0 (Windows 10): Executed 3 of 4[31m (1 FAILED)[39m (0 secs / 0.577 secs)
WARN: 'Tabler Icon not found: users-group

         Refer to documentation on https://github.com/pierreavn/angular-tabler-icons'
[1A[2KWARN: [36m'Tabler Icon not found: activity

         Refer to documentation on https://github.com/pierreavn/angular-tabler-icons'[39m
Chrome 147.0.0.0 (Windows 10): Executed 3 of 4[31m (1 FAILED)[39m (0 secs / 0.577 secs)
WARN: 'Tabler Icon not found: activity

         Refer to documentation on https://github.com/pierreavn/angular-tabler-icons'
[1A[2KWARN: [36m'Tabler Icon not found: users-group

         Refer to documentation on https://github.com/pierreavn/angular-tabler-icons'[39m
Chrome 147.0.0.0 (Windows 10): Executed 3 of 4[31m (1 FAILED)[39m (0 secs / 0.577 secs)
WARN: 'Tabler Icon not found: users-group

         Refer to documentation on https://github.com/pierreavn/angular-tabler-icons'
[1A[2KWARN: [36m'Tabler Icon not found: heart-rate-monitor

         Refer to documentation on https://github.com/pierreavn/angular-tabler-icons'[39m
Chrome 147.0.0.0 (Windows 10): Executed 3 of 4[31m (1 FAILED)[39m (0 secs / 0.577 secs)
WARN: 'Tabler Icon not found: heart-rate-monitor

         Refer to documentation on https://github.com/pierreavn/angular-tabler-icons'
[1A[2KWARN: [36m'Tabler Icon not found: building-hospital

         Refer to documentation on https://github.com/pierreavn/angular-tabler-icons'[39m
Chrome 147.0.0.0 (Windows 10): Executed 3 of 4[31m (1 FAILED)[39m (0 secs / 0.577 secs)
WARN: 'Tabler Icon not found: building-hospital

         Refer to documentation on https://github.com/pierreavn/angular-tabler-icons'
[1A[2KWARN: [36m'Tabler Icon not found: alert-octagon

         Refer to documentation on https://github.com/pierreavn/angular-tabler-icons'[39m
Chrome 147.0.0.0 (Windows 10): Executed 3 of 4[31m (1 FAILED)[39m (0 secs / 0.577 secs)
WARN: 'Tabler Icon not found: alert-octagon

         Refer to documentation on https://github.com/pierreavn/angular-tabler-icons'
[1A[2KWARN: [36m'Tabler Icon not found: building-hospital

         Refer to documentation on https://github.com/pierreavn/angular-tabler-icons'[39m
Chrome 147.0.0.0 (Windows 10): Executed 3 of 4[31m (1 FAILED)[39m (0 secs / 0.577 secs)
WARN: 'Tabler Icon not found: building-hospital

         Refer to documentation on https://github.com/pierreavn/angular-tabler-icons'
[1A[2KWARN: [36m'Tabler Icon not found: users

         Refer to documentation on https://github.com/pierreavn/angular-tabler-icons'[39m
Chrome 147.0.0.0 (Windows 10): Executed 3 of 4[31m (1 FAILED)[39m (0 secs / 0.577 secs)
WARN: 'Tabler Icon not found: users

         Refer to documentation on https://github.com/pierreavn/angular-tabler-icons'
[1A[2KWARN: [36m'Tabler Icon not found: brain

         Refer to documentation on https://github.com/pierreavn/angular-tabler-icons'[39m
Chrome 147.0.0.0 (Windows 10): Executed 3 of 4[31m (1 FAILED)[39m (0 secs / 0.577 secs)
WARN: 'Tabler Icon not found: brain

         Refer to documentation on https://github.com/pierreavn/angular-tabler-icons'
[1A[2KWARN: [36m'Tabler Icon not found: brain

         Refer to documentation on https://github.com/pierreavn/angular-tabler-icons'[39m
Chrome 147.0.0.0 (Windows 10): Executed 3 of 4[31m (1 FAILED)[39m (0 secs / 0.577 secs)
WARN: 'Tabler Icon not found: brain

         Refer to documentation on https://github.com/pierreavn/angular-tabler-icons'
[1A[2KWARN: [36m'Tabler Icon not found: bolt

         Refer to documentation on https://github.com/pierreavn/angular-tabler-icons'[39m
Chrome 147.0.0.0 (Windows 10): Executed 3 of 4[31m (1 FAILED)[39m (0 secs / 0.577 secs)
WARN: 'Tabler Icon not found: bolt

         Refer to documentation on https://github.com/pierreavn/angular-tabler-icons'
[1A[2KWARN: [36m'Tabler Icon not found: user-plus

         Refer to documentation on https://github.com/pierreavn/angular-tabler-icons'[39m
Chrome 147.0.0.0 (Windows 10): Executed 3 of 4[31m (1 FAILED)[39m (0 secs / 0.577 secs)
WARN: 'Tabler Icon not found: user-plus

         Refer to documentation on https://github.com/pierreavn/angular-tabler-icons'
[1A[2KWARN: [36m'Tabler Icon not found: building-plus

         Refer to documentation on https://github.com/pierreavn/angular-tabler-icons'[39m
Chrome 147.0.0.0 (Windows 10): Executed 3 of 4[31m (1 FAILED)[39m (0 secs / 0.577 secs)
WARN: 'Tabler Icon not found: building-plus

         Refer to documentation on https://github.com/pierreavn/angular-tabler-icons'
[1A[2KWARN: [36m'Tabler Icon not found: shield-plus

         Refer to documentation on https://github.com/pierreavn/angular-tabler-icons'[39m
Chrome 147.0.0.0 (Windows 10): Executed 3 of 4[31m (1 FAILED)[39m (0 secs / 0.577 secs)
WARN: 'Tabler Icon not found: shield-plus

         Refer to documentation on https://github.com/pierreavn/angular-tabler-icons'
[1A[2KWARN: [36m'Tabler Icon not found: camera

         Refer to documentation on https://github.com/pierreavn/angular-tabler-icons'[39m
Chrome 147.0.0.0 (Windows 10): Executed 3 of 4[31m (1 FAILED)[39m (0 secs / 0.577 secs)
WARN: 'Tabler Icon not found: camera

         Refer to documentation on https://github.com/pierreavn/angular-tabler-icons'
[1A[2KWARN: [36m'Tabler Icon not found: camera

         Refer to documentation on https://github.com/pierreavn/angular-tabler-icons'[39m
Chrome 147.0.0.0 (Windows 10): Executed 3 of 4[31m (1 FAILED)[39m (0 secs / 0.577 secs)
WARN: 'Tabler Icon not found: camera

         Refer to documentation on https://github.com/pierreavn/angular-tabler-icons'
[1A[2KWARN: [36m'Tabler Icon not found: external-link

         Refer to documentation on https://github.com/pierreavn/angular-tabler-icons'[39m
Chrome 147.0.0.0 (Windows 10): Executed 3 of 4[31m (1 FAILED)[39m (0 secs / 0.577 secs)
WARN: 'Tabler Icon not found: external-link

         Refer to documentation on https://github.com/pierreavn/angular-tabler-icons'
[1A[2KWARN: [36m'Tabler Icon not found: heart-rate-monitor

         Refer to documentation on https://github.com/pierreavn/angular-tabler-icons'[39m
Chrome 147.0.0.0 (Windows 10): Executed 3 of 4[31m (1 FAILED)[39m (0 secs / 0.577 secs)
WARN: 'Tabler Icon not found: heart-rate-monitor

         Refer to documentation on https://github.com/pierreavn/angular-tabler-icons'
[1A[2KWARN: [36m'Tabler Icon not found: stethoscope

         Refer to documentation on https://github.com/pierreavn/angular-tabler-icons'[39m
Chrome 147.0.0.0 (Windows 10): Executed 3 of 4[31m (1 FAILED)[39m (0 secs / 0.577 secs)
WARN: 'Tabler Icon not found: stethoscope

         Refer to documentation on https://github.com/pierreavn/angular-tabler-icons'
[1A[2KWARN: [36m'Tabler Icon not found: nurse

         Refer to documentation on https://github.com/pierreavn/angular-tabler-icons'[39m
Chrome 147.0.0.0 (Windows 10): Executed 3 of 4[31m (1 FAILED)[39m (0 secs / 0.577 secs)
WARN: 'Tabler Icon not found: nurse

         Refer to documentation on https://github.com/pierreavn/angular-tabler-icons'
[1A[2KWARN: [36m'Tabler Icon not found: users-group

         Refer to documentation on https://github.com/pierreavn/angular-tabler-icons'[39m
Chrome 147.0.0.0 (Windows 10): Executed 3 of 4[31m (1 FAILED)[39m (0 secs / 0.577 secs)
WARN: 'Tabler Icon not found: users-group

         Refer to documentation on https://github.com/pierreavn/angular-tabler-icons'
[1A[2KWARN: [36m'Tabler Icon not found: eye

         Refer to documentation on https://github.com/pierreavn/angular-tabler-icons'[39m
Chrome 147.0.0.0 (Windows 10): Executed 3 of 4[31m (1 FAILED)[39m (0 secs / 0.577 secs)
WARN: 'Tabler Icon not found: eye

         Refer to documentation on https://github.com/pierreavn/angular-tabler-icons'
[1A[2KWARN: [36m'Tabler Icon not found: clipboard-list

         Refer to documentation on https://github.com/pierreavn/angular-tabler-icons'[39m
Chrome 147.0.0.0 (Windows 10): Executed 3 of 4[31m (1 FAILED)[39m (0 secs / 0.577 secs)
WARN: 'Tabler Icon not found: clipboard-list

         Refer to documentation on https://github.com/pierreavn/angular-tabler-icons'
[1A[2KWARN: [36m'Tabler Icon not found: bell-off

         Refer to documentation on https://github.com/pierreavn/angular-tabler-icons'[39m
Chrome 147.0.0.0 (Windows 10): Executed 3 of 4[31m (1 FAILED)[39m (0 secs / 0.577 secs)
WARN: 'Tabler Icon not found: bell-off

         Refer to documentation on https://github.com/pierreavn/angular-tabler-icons'
[1A[2KWARN: [36m'Tabler Icon not found: bell-off

         Refer to documentation on https://github.com/pierreavn/angular-tabler-icons'[39m
Chrome 147.0.0.0 (Windows 10): Executed 3 of 4[31m (1 FAILED)[39m (0 secs / 0.577 secs)
WARN: 'Tabler Icon not found: bell-off

         Refer to documentation on https://github.com/pierreavn/angular-tabler-icons'
[1A[2KWARN: [36m'Tabler Icon not found: building-off

         Refer to documentation on https://github.com/pierreavn/angular-tabler-icons'[39m
Chrome 147.0.0.0 (Windows 10): Executed 3 of 4[31m (1 FAILED)[39m (0 secs / 0.577 secs)
WARN: 'Tabler Icon not found: building-off

         Refer to documentation on https://github.com/pierreavn/angular-tabler-icons'
[1A[2KWARN: [36m'Tabler Icon not found: bell-off

         Refer to documentation on https://github.com/pierreavn/angular-tabler-icons'[39m
Chrome 147.0.0.0 (Windows 10): Executed 3 of 4[31m (1 FAILED)[39m (0 secs / 0.577 secs)
WARN: 'Tabler Icon not found: bell-off

         Refer to documentation on https://github.com/pierreavn/angular-tabler-icons'
[1A[2KWARN: [36m'Tabler Icon not found: building-off

         Refer to documentation on https://github.com/pierreavn/angular-tabler-icons'[39m
Chrome 147.0.0.0 (Windows 10): Executed 3 of 4[31m (1 FAILED)[39m (0 secs / 0.577 secs)
WARN: 'Tabler Icon not found: building-off

         Refer to documentation on https://github.com/pierreavn/angular-tabler-icons'
[1A[2KWARN: [36m'Tabler Icon not found: refresh

         Refer to documentation on https://github.com/pierreavn/angular-tabler-icons'[39m
Chrome 147.0.0.0 (Windows 10): Executed 3 of 4[31m (1 FAILED)[39m (0 secs / 0.577 secs)
WARN: 'Tabler Icon not found: refresh

         Refer to documentation on https://github.com/pierreavn/angular-tabler-icons'
[1A[2KWARN: [36m'Tabler Icon not found: brain

         Refer to documentation on https://github.com/pierreavn/angular-tabler-icons'[39m
Chrome 147.0.0.0 (Windows 10): Executed 3 of 4[31m (1 FAILED)[39m (0 secs / 0.577 secs)
WARN: 'Tabler Icon not found: brain

         Refer to documentation on https://github.com/pierreavn/angular-tabler-icons'
[1A[2KWARN: [36m'Tabler Icon not found: camera-off

[32mÔêÜ[39m Browser application bundle generation complete.
[32mÔêÜ[39m Browser application bundle generation complete.
         Refer to documentation on https://github.com/pierreavn/angular-tabler-icons'[39m
Chrome 147.0.0.0 (Windows 10): Executed 3 of 4[31m (1 FAILED)[39m (0 secs / 0.577 secs)
WARN: 'Tabler Icon not found: camera-off

         Refer to documentation on https://github.com/pierreavn/angular-tabler-icons'
[1A[2KChrome 147.0.0.0 (Windows 10): Executed 4 of 4[31m (1 FAILED)[39m (0 secs / 0.686 secs)
[1A[2K[31mChrome 147.0.0.0 (Windows 10) ERROR[39m
  An error was thrown in afterAll
  TypeError: Cannot read properties of undefined (reading 'find')
      at map (http://localhost:9877/_karma_webpack_/webpack:/src/app/pages/admin-dashboard/admin-dashboard.component.ts:368:40)
      at Array.map (<anonymous>)
      at AdminDashboardComponent.buildActivityChart (http://localhost:9877/_karma_webpack_/webpack:/src/app/pages/admin-dashboard/admin-dashboard.component.ts:368:25)
      at AdminDashboardComponent.applyAuditStats (http://localhost:9877/_karma_webpack_/webpack:/src/app/pages/admin-dashboard/admin-dashboard.component.ts:234:10)
      at Object.next (http://localhost:9877/_karma_webpack_/webpack:/src/app/pages/admin-dashboard/admin-dashboard.component.ts:142:25)
      at ConsumerObserver.next (http://localhost:9877/_karma_webpack_/webpack:/node_modules/rxjs/dist/esm/internal/Subscriber.js:91:33)
      at SafeSubscriber._next (http://localhost:9877/_karma_webpack_/webpack:/node_modules/rxjs/dist/esm/internal/Subscriber.js:60:26)
      at SafeSubscriber.next (http://localhost:9877/_karma_webpack_/webpack:/node_modules/rxjs/dist/esm/internal/Subscriber.js:31:18)
      at onNext (http://localhost:9877/_karma_webpack_/webpack:/node_modules/rxjs/dist/esm/internal/operators/switchMap.js:14:144)
      at OperatorSubscriber._next (http://localhost:9877/_karma_webpack_/webpack:/node_modules/rxjs/dist/esm/internal/operators/OperatorSubscriber.js:13:21)
Chrome 147.0.0.0 (Windows 10): Executed 4 of 4[31m (1 FAILED)[39m[31m ERROR[39m (0 secs / 0.686 secs)
Chrome 147.0.0.0 (Windows 10) ERROR
  An error was thrown in afterAll
  TypeError: Cannot read properties of undefined (reading 'find')
      at map (http://localhost:9877/_karma_webpack_/webpack:/src/app/pages/admin-dashboard/admin-dashboard.component.ts:368:40)
      at Array.map (<anonymous>)
      at AdminDashboardComponent.buildActivityChart (http://localhost:9877/_karma_webpack_/webpack:/src/app/pages/admin-dashboard/admin-dashboard.component.ts:368:25)
      at AdminDashboardComponent.applyAuditStats (http://localhost:9877/_karma_webpack_/webpack:/src/app/pages/admin-dashboard/admin-dashboard.component.ts:234:10)
      at Object.next (http://localhost:9877/_karma_webpack_/webpack:/src/app/pages/admin-dashboard/admin-dashboard.component.ts:142:25)
      at ConsumerObserver.next (http://localhost:9877/_karma_webpack_/webpack:/node_modules/rxjs/dist/esm/internal/Subscriber.js:91:33)
      at SafeSubscriber._next (http://localhost:9877/_karma_webpack_/webpack:/node_modules/rxjs/dist/esm/internal/Subscriber.js:60:26)
      at SafeSubscriber.next (http://localhost:9877/_karma_webpack_/webpack:/node_modules/rxjs/dist/esm/internal/Subscriber.js:31:18)
      at onNext (http://localhost:9877/_karma_webpack_/webpack:/node_modules/rxjs/dist/esm/internal/operators/switchMap.js:14:144)
      at OperatorSubscriber._next (http://localhost:9877/_karma_webpack_/webpack:/node_modules/rxjs/dist/esm/internal/operators/OperatorSubscriber.js:13:21)
[1A[2KChrome 147.0.0.0 (Windows 10): Executed 4 of 4[31m (1 FAILED)[39m[31m ERROR[39m (0.719 secs / 0.686 secs)
[1A[2KChrome 147.0.0.0 (Windows 10): Executed 4 of 4[31m (1 FAILED)[39m[31m ERROR[39m (0.728 secs / 0.686 secs)
[32mÔêÜ[39m Browser application bundle generation complete.
